     VMA      LMA     Size Align Out     In      Symbol
       0        0        0     1 PAGE_SIZE = 512
       0        0        0     1 STACK_MIN_SIZE = DEFINED ( stack_min_size ) ? stack_min_size : 1500
       0        0        0     1 END_STACK = ORIGIN ( SRAM ) + LENGTH ( SRAM )
c0de0000 c0de0000     fd68     8 .text
c0de0000 c0de0000        0     1         _text = .
c0de0000 c0de0000        0     1         _nvram_start = .
c0de0000 c0de0000       14     2         build/flex/obj/sdk/lib_standard_app/main.o:(.boot)
c0de0000 c0de0000        0     1                 $t.3
c0de0001 c0de0001       14     1                 main
c0de0014 c0de0014        0     1         _code = .
c0de0014 c0de0014       4a     2         build/flex/obj/app/src/address.o:(.text.address_from_pubkey)
c0de0014 c0de0014        0     1                 $t.0
c0de0015 c0de0015       4a     1                 address_from_pubkey
c0de005e c0de005e      1f2     2         build/flex/obj/app/src/apdu/dispatcher.o:(.text.apdu_dispatcher)
c0de005e c0de005e        0     1                 $t.0
c0de005f c0de005f      1f2     1                 apdu_dispatcher
c0de0250 c0de0250        e     2         build/flex/obj/app/src/apdu/dispatcher.o:(.text.io_send_sw)
c0de0250 c0de0250        0     1                 $t.1
c0de0251 c0de0251        e     1                 io_send_sw
c0de025e c0de025e        8     2         build/flex/obj/app/src/apdu/dispatcher.o:(.text.OUTLINED_FUNCTION_0)
c0de025e c0de025e        0     1                 $t.2
c0de025f c0de025f        8     1                 OUTLINED_FUNCTION_0
c0de0268 c0de0268       88     4         build/flex/obj/app/src/app_main.o:(.text.app_main)
c0de0268 c0de0268        0     1                 $t.0
c0de0269 c0de0269       88     1                 app_main
c0de02e0 c0de02e0        0     1                 $d.1
c0de02f0 c0de02f0       28     4         build/flex/obj/app/src/handler/get_app_name.o:(.text.handler_get_app_name)
c0de02f0 c0de02f0        0     1                 $t.0
c0de02f1 c0de02f1       28     1                 handler_get_app_name
c0de0314 c0de0314        0     1                 $d.1
c0de0318 c0de0318       98     4         build/flex/obj/app/src/handler/get_public_key.o:(.text.handler_get_public_key)
c0de0318 c0de0318        0     1                 $t.0
c0de0319 c0de0319       98     1                 handler_get_public_key
c0de03ac c0de03ac        0     1                 $d.1
c0de03b0 c0de03b0        e     2         build/flex/obj/app/src/handler/get_public_key.o:(.text.io_send_sw)
c0de03b0 c0de03b0        0     1                 $t.2
c0de03b1 c0de03b1        e     1                 io_send_sw
c0de03be c0de03be       2e     2         build/flex/obj/app/src/handler/get_version.o:(.text.handler_get_version)
c0de03be c0de03be        0     1                 $t.0
c0de03bf c0de03bf       2e     1                 handler_get_version
c0de03ec c0de03ec      128     4         build/flex/obj/app/src/handler/sign_tx.o:(.text.handler_sign_tx)
c0de03ec c0de03ec        0     1                 $t.0
c0de03ed c0de03ed      128     1                 handler_sign_tx
c0de050c c0de050c        0     1                 $d.1
c0de0514 c0de0514        e     2         build/flex/obj/app/src/handler/sign_tx.o:(.text.io_send_sw)
c0de0514 c0de0514        0     1                 $t.2
c0de0515 c0de0515        e     1                 io_send_sw
c0de0522 c0de0522       10     2         build/flex/obj/app/src/handler/zkn_magicbox.o:(.text.handler_cmd_dummy)
c0de0522 c0de0522        0     1                 $t.0
c0de0523 c0de0523       10     1                 handler_cmd_dummy
c0de0532 c0de0532       16     2         build/flex/obj/app/src/handler/zkn_magicbox.o:(.text.io_send_response_pointer)
c0de0532 c0de0532        0     1                 $t.1
c0de0533 c0de0533       16     1                 io_send_response_pointer
c0de0548 c0de0548        e     2         build/flex/obj/app/src/handler/zkn_magicbox.o:(.text.io_send_sw)
c0de0548 c0de0548        0     1                 $t.2
c0de0549 c0de0549        e     1                 io_send_sw
c0de0556 c0de0556       30     2         build/flex/obj/app/src/handler/zkn_magicbox.o:(.text.handler_cmd_keccakH)
c0de0556 c0de0556        0     1                 $t.3
c0de0557 c0de0557       30     1                 handler_cmd_keccakH
c0de0588 c0de0588       70     4         build/flex/obj/app/src/handler/zkn_magicbox.o:(.text.handler_cmd_keccak_prng)
c0de0588 c0de0588        0     1                 $t.4
c0de0589 c0de0589       70     1                 handler_cmd_keccak_prng
c0de05f4 c0de05f4        0     1                 $d.5
c0de05f8 c0de05f8       1e     2         build/flex/obj/app/src/handler/zkn_magicbox.o:(.text.handler_cmd_sample_in_ball)
c0de05f8 c0de05f8        0     1                 $t.6
c0de05f9 c0de05f9       1e     1                 handler_cmd_sample_in_ball
c0de0616 c0de0616       28     2         build/flex/obj/app/src/handler/zkn_magicbox.o:(.text.handler_cmd_keygen_core_dilithium)
c0de0616 c0de0616        0     1                 $t.7
c0de0617 c0de0617       28     1                 handler_cmd_keygen_core_dilithium
c0de063e c0de063e       26     2         build/flex/obj/app/src/handler/zkn_magicbox.o:(.text.handler_cmd_keygen_dilithium)
c0de063e c0de063e        0     1                 $t.8
c0de063f c0de063f       26     1                 handler_cmd_keygen_dilithium
c0de0664 c0de0664       d0     4         build/flex/obj/app/src/handler/zkn_magicbox.o:(.text.handler_cmd_sign_dilithium)
c0de0664 c0de0664        0     1                 $t.9
c0de0665 c0de0665       d0     1                 handler_cmd_sign_dilithium
c0de072c c0de072c        0     1                 $d.10
c0de0734 c0de0734       44     4         build/flex/obj/app/src/handler/zkn_magicbox.o:(.text.handler_cmd_verify_dilithium)
c0de0734 c0de0734        0     1                 $t.11
c0de0735 c0de0735       44     1                 handler_cmd_verify_dilithium
c0de0770 c0de0770        0     1                 $d.12
c0de0778 c0de0778       20     4         build/flex/obj/app/src/handler/zkn_magicbox.o:(.text.handler_cmd_get_sig_chunk)
c0de0778 c0de0778        0     1                 $t.13
c0de0779 c0de0779       20     1                 handler_cmd_get_sig_chunk
c0de0794 c0de0794        0     1                 $d.14
c0de0798 c0de0798       20     4         build/flex/obj/app/src/handler/zkn_magicbox.o:(.text.handler_cmd_get_pk_chunk)
c0de0798 c0de0798        0     1                 $t.15
c0de0799 c0de0799       20     1                 handler_cmd_get_pk_chunk
c0de07b4 c0de07b4        0     1                 $d.16
c0de07b8 c0de07b8        8     2         build/flex/obj/app/src/handler/zkn_magicbox.o:(.text.OUTLINED_FUNCTION_0)
c0de07b8 c0de07b8        0     1                 $t.17
c0de07b9 c0de07b9        8     1                 OUTLINED_FUNCTION_0
c0de07c0 c0de07c0        8     2         build/flex/obj/app/src/handler/zkn_magicbox.o:(.text.OUTLINED_FUNCTION_1)
c0de07c0 c0de07c0        0     1                 $t.18
c0de07c1 c0de07c1        8     1                 OUTLINED_FUNCTION_1
c0de07c8 c0de07c8        8     2         build/flex/obj/app/src/handler/zkn_magicbox.o:(.text.OUTLINED_FUNCTION_2)
c0de07c8 c0de07c8        0     1                 $t.19
c0de07c9 c0de07c9        8     1                 OUTLINED_FUNCTION_2
c0de07d0 c0de07d0       44     4         build/flex/obj/app/src/helper/send_reponse.o:(.text.helper_send_response_pubkey)
c0de07d0 c0de07d0        0     1                 $t.0
c0de07d1 c0de07d1       44     1                 helper_send_response_pubkey
c0de0810 c0de0810        0     1                 $d.1
c0de0814 c0de0814       18     2         build/flex/obj/app/src/helper/send_reponse.o:(.text.io_send_response_pointer)
c0de0814 c0de0814        0     1                 $t.2
c0de0815 c0de0815       18     1                 io_send_response_pointer
c0de082c c0de082c       44     4         build/flex/obj/app/src/helper/send_reponse.o:(.text.helper_send_response_sig)
c0de082c c0de082c        0     1                 $t.3
c0de082d c0de082d       44     1                 helper_send_response_sig
c0de086c c0de086c        0     1                 $d.4
c0de0870 c0de0870       be     2         build/flex/obj/app/src/transaction/deserialize.o:(.text.transaction_deserialize)
c0de0870 c0de0870        0     1                 $t.0
c0de0871 c0de0871       be     1                 transaction_deserialize
c0de092e c0de092e       3a     2         build/flex/obj/app/src/transaction/utils.o:(.text.transaction_utils_check_encoding)
c0de092e c0de092e        0     1                 $t.0
c0de092f c0de092f       3a     1                 transaction_utils_check_encoding
c0de0968 c0de0968        e     2         build/flex/obj/app/src/ui/action/validate.o:(.text.validate_pubkey)
c0de0968 c0de0968        0     1                 $t.0
c0de0969 c0de0969        e     1                 validate_pubkey
c0de0976 c0de0976        e     2         build/flex/obj/app/src/ui/action/validate.o:(.text.io_send_sw)
c0de0976 c0de0976        0     1                 $t.1
c0de0977 c0de0977        e     1                 io_send_sw
c0de0984 c0de0984       a4     4         build/flex/obj/app/src/ui/action/validate.o:(.text.validate_transaction)
c0de0984 c0de0984        0     1                 $t.2
c0de0985 c0de0985       a4     1                 validate_transaction
c0de0a24 c0de0a24        0     1                 $d.3
c0de0a28 c0de0a28        6     2         build/flex/obj/app/src/ui/menu_nbgl.o:(.text.app_quit)
c0de0a28 c0de0a28        0     1                 $t.0
c0de0a29 c0de0a29        6     1                 app_quit
c0de0a30 c0de0a30       98     4         build/flex/obj/app/src/ui/menu_nbgl.o:(.text.ui_menu_main)
c0de0a30 c0de0a30        0     1                 $t.1
c0de0a31 c0de0a31       98     1                 ui_menu_main
c0de0a9c c0de0a9c        0     1                 $d.2
c0de0ac8 c0de0ac8       b4     4         build/flex/obj/app/src/ui/menu_nbgl.o:(.text.controls_callback)
c0de0ac8 c0de0ac8        0     1                 $t.3
c0de0ac9 c0de0ac9       b4     1                 controls_callback
c0de0b54 c0de0b54        0     1                 $d.4
c0de0b7c c0de0b7c       7c     4         build/flex/obj/app/src/ui/menu_nbgl.o:(.text.review_warning_choice)
c0de0b7c c0de0b7c        0     1                 $t.5
c0de0b7d c0de0b7d       7c     1                 review_warning_choice
c0de0bdc c0de0bdc        0     1                 $d.6
c0de0bf8 c0de0bf8        6     2         build/flex/obj/app/src/ui/menu_nbgl.o:(.text.OUTLINED_FUNCTION_0)
c0de0bf8 c0de0bf8        0     1                 $t.7
c0de0bf9 c0de0bf9        6     1                 OUTLINED_FUNCTION_0
c0de0c00 c0de0c00       a4     4         build/flex/obj/app/src/ui/nbgl_display_address.o:(.text.ui_display_address)
c0de0c00 c0de0c00        0     1                 $t.0
c0de0c01 c0de0c01       a4     1                 ui_display_address
c0de0c90 c0de0c90        0     1                 $d.1
c0de0ca4 c0de0ca4        e     2         build/flex/obj/app/src/ui/nbgl_display_address.o:(.text.io_send_sw)
c0de0ca4 c0de0ca4        0     1                 $t.2
c0de0ca5 c0de0ca5        e     1                 io_send_sw
c0de0cb4 c0de0cb4       20     4         build/flex/obj/app/src/ui/nbgl_display_address.o:(.text.review_choice)
c0de0cb4 c0de0cb4        0     1                 $t.3
c0de0cb5 c0de0cb5       20     1                 review_choice
c0de0cd0 c0de0cd0        0     1                 $d.4
c0de0cd4 c0de0cd4      144     4         build/flex/obj/app/src/ui/nbgl_display_transaction.o:(.text.ui_display_transaction_bs_choice)
c0de0cd4 c0de0cd4        0     1                 $t.0
c0de0cd5 c0de0cd5      144     1                 ui_display_transaction_bs_choice
c0de0dec c0de0dec        0     1                 $d.1
c0de0e18 c0de0e18        e     2         build/flex/obj/app/src/ui/nbgl_display_transaction.o:(.text.io_send_sw)
c0de0e18 c0de0e18        0     1                 $t.2
c0de0e19 c0de0e19        e     1                 io_send_sw
c0de0e28 c0de0e28       1c     4         build/flex/obj/app/src/ui/nbgl_display_transaction.o:(.text.review_choice)
c0de0e28 c0de0e28        0     1                 $t.3
c0de0e29 c0de0e29       1c     1                 review_choice
c0de0e40 c0de0e40        0     1                 $d.4
c0de0e44 c0de0e44        6     2         build/flex/obj/app/src/ui/nbgl_display_transaction.o:(.text.ui_display_blind_signed_transaction)
c0de0e44 c0de0e44        0     1                 $t.5
c0de0e45 c0de0e45        6     1                 ui_display_blind_signed_transaction
c0de0e4a c0de0e4a        6     2         build/flex/obj/app/src/ui/nbgl_display_transaction.o:(.text.ui_display_transaction)
c0de0e4a c0de0e4a        0     1                 $t.6
c0de0e4b c0de0e4b        6     1                 ui_display_transaction
c0de0e50 c0de0e50       10     2         build/flex/obj/app/src/zknox/dilithium/fips202.o:(.text.pqcrystals_dilithium_fips202_ref_shake128_init)
c0de0e50 c0de0e50        0     1                 $t.0
c0de0e51 c0de0e51       10     1                 pqcrystals_dilithium_fips202_ref_shake128_init
c0de0e60 c0de0e60       14     2         build/flex/obj/app/src/zknox/dilithium/fips202.o:(.text.keccak_init)
c0de0e60 c0de0e60        0     1                 $t.1
c0de0e61 c0de0e61       14     1                 keccak_init
c0de0e74 c0de0e74       16     2         build/flex/obj/app/src/zknox/dilithium/fips202.o:(.text.pqcrystals_dilithium_fips202_ref_shake128_absorb)
c0de0e74 c0de0e74        0     1                 $t.2
c0de0e75 c0de0e75       16     1                 pqcrystals_dilithium_fips202_ref_shake128_absorb
c0de0e8a c0de0e8a       7c     2         build/flex/obj/app/src/zknox/dilithium/fips202.o:(.text.keccak_absorb)
c0de0e8a c0de0e8a        0     1                 $t.3
c0de0e8b c0de0e8b       7c     1                 keccak_absorb
c0de0f06 c0de0f06       16     2         build/flex/obj/app/src/zknox/dilithium/fips202.o:(.text.pqcrystals_dilithium_fips202_ref_shake128_finalize)
c0de0f06 c0de0f06        0     1                 $t.4
c0de0f07 c0de0f07       16     1                 pqcrystals_dilithium_fips202_ref_shake128_finalize
c0de0f1c c0de0f1c       32     2         build/flex/obj/app/src/zknox/dilithium/fips202.o:(.text.keccak_finalize)
c0de0f1c c0de0f1c        0     1                 $t.5
c0de0f1d c0de0f1d       32     1                 keccak_finalize
c0de0f4e c0de0f4e       16     2         build/flex/obj/app/src/zknox/dilithium/fips202.o:(.text.pqcrystals_dilithium_fips202_ref_shake128_squeeze)
c0de0f4e c0de0f4e        0     1                 $t.6
c0de0f4f c0de0f4f       16     1                 pqcrystals_dilithium_fips202_ref_shake128_squeeze
c0de0f64 c0de0f64       52     2         build/flex/obj/app/src/zknox/dilithium/fips202.o:(.text.keccak_squeeze)
c0de0f64 c0de0f64        0     1                 $t.7
c0de0f65 c0de0f65       52     1                 keccak_squeeze
c0de0fb6 c0de0fb6       e8     2         build/flex/obj/app/src/zknox/dilithium/fips202.o:(.text.keccak_absorb_once)
c0de0fb6 c0de0fb6        0     1                 $t.9
c0de0fb7 c0de0fb7       e8     1                 keccak_absorb_once
c0de109e c0de109e        6     2         build/flex/obj/app/src/zknox/dilithium/fips202.o:(.text.pqcrystals_dilithium_fips202_ref_shake128_squeezeblocks)
c0de109e c0de109e        0     1                 $t.10
c0de109f c0de109f        6     1                 pqcrystals_dilithium_fips202_ref_shake128_squeezeblocks
c0de10a4 c0de10a4       40     2         build/flex/obj/app/src/zknox/dilithium/fips202.o:(.text.keccak_squeezeblocks)
c0de10a4 c0de10a4        0     1                 $t.11
c0de10a5 c0de10a5       40     1                 keccak_squeezeblocks
c0de10e4 c0de10e4       10     2         build/flex/obj/app/src/zknox/dilithium/fips202.o:(.text.pqcrystals_dilithium_fips202_ref_shake256_init)
c0de10e4 c0de10e4        0     1                 $t.12
c0de10e5 c0de10e5       10     1                 pqcrystals_dilithium_fips202_ref_shake256_init
c0de10f4 c0de10f4       16     2         build/flex/obj/app/src/zknox/dilithium/fips202.o:(.text.pqcrystals_dilithium_fips202_ref_shake256_absorb)
c0de10f4 c0de10f4        0     1                 $t.13
c0de10f5 c0de10f5       16     1                 pqcrystals_dilithium_fips202_ref_shake256_absorb
c0de110a c0de110a       16     2         build/flex/obj/app/src/zknox/dilithium/fips202.o:(.text.pqcrystals_dilithium_fips202_ref_shake256_finalize)
c0de110a c0de110a        0     1                 $t.14
c0de110b c0de110b       16     1                 pqcrystals_dilithium_fips202_ref_shake256_finalize
c0de1120 c0de1120       16     2         build/flex/obj/app/src/zknox/dilithium/fips202.o:(.text.pqcrystals_dilithium_fips202_ref_shake256_squeeze)
c0de1120 c0de1120        0     1                 $t.15
c0de1121 c0de1121       16     1                 pqcrystals_dilithium_fips202_ref_shake256_squeeze
c0de1136 c0de1136       1c     2         build/flex/obj/app/src/zknox/dilithium/fips202.o:(.text.pqcrystals_dilithium_fips202_ref_shake256_absorb_once)
c0de1136 c0de1136        0     1                 $t.16
c0de1137 c0de1137       1c     1                 pqcrystals_dilithium_fips202_ref_shake256_absorb_once
c0de1152 c0de1152        6     2         build/flex/obj/app/src/zknox/dilithium/fips202.o:(.text.pqcrystals_dilithium_fips202_ref_shake256_squeezeblocks)
c0de1152 c0de1152        0     1                 $t.17
c0de1153 c0de1153        6     1                 pqcrystals_dilithium_fips202_ref_shake256_squeezeblocks
c0de1158 c0de1158       3a     2         build/flex/obj/app/src/zknox/dilithium/fips202.o:(.text.pqcrystals_dilithium_fips202_ref_shake256)
c0de1158 c0de1158        0     1                 $t.19
c0de1159 c0de1159       3a     1                 pqcrystals_dilithium_fips202_ref_shake256
c0de1194 c0de1194      e9a     4         build/flex/obj/app/src/zknox/dilithium/fips202.o:(.text.KeccakF1600_StatePermute)
c0de1194 c0de1194        0     1                 $t.21
c0de1195 c0de1195      e9a     1                 KeccakF1600_StatePermute
c0de128c c0de128c        0     1                 $d.22
c0de1290 c0de1290        0     1                 $t.23
c0de202e c0de202e       22     2         build/flex/obj/app/src/zknox/dilithium/fips202.o:(.text.store64)
c0de202e c0de202e        0     1                 $t.24
c0de202f c0de202f       22     1                 store64
c0de2050 c0de2050       10     2         build/flex/obj/app/src/zknox/dilithium/fips202.o:(.text.OUTLINED_FUNCTION_0)
c0de2050 c0de2050        0     1                 $t.26
c0de2051 c0de2051       10     1                 OUTLINED_FUNCTION_0
c0de2060 c0de2060       10     2         build/flex/obj/app/src/zknox/dilithium/fips202.o:(.text.OUTLINED_FUNCTION_2)
c0de2060 c0de2060        0     1                 $t.28
c0de2061 c0de2061       10     1                 OUTLINED_FUNCTION_2
c0de2070 c0de2070        6     2         build/flex/obj/app/src/zknox/dilithium/fips202.o:(.text.OUTLINED_FUNCTION_3)
c0de2070 c0de2070        0     1                 $t.29
c0de2071 c0de2071        6     1                 OUTLINED_FUNCTION_3
c0de2076 c0de2076        8     2         build/flex/obj/app/src/zknox/dilithium/keccak256.o:(.text.keccak_init)
c0de2076 c0de2076        0     1                 $t.1
c0de2077 c0de2077        8     1                 keccak_init
c0de207e c0de207e        4     2         build/flex/obj/app/src/zknox/dilithium/keccak256.o:(.text.keccak_update)
c0de207e c0de207e        0     1                 $t.2
c0de207f c0de207f        4     1                 keccak_update
c0de2082 c0de2082        4     2         build/flex/obj/app/src/zknox/dilithium/keccak256.o:(.text.keccak_final)
c0de2082 c0de2082        0     1                 $t.3
c0de2083 c0de2083        4     1                 keccak_final
c0de2086 c0de2086       22     2         build/flex/obj/app/src/zknox/dilithium/keccak_prng.o:(.text.inner_keccak256_init)
c0de2086 c0de2086        0     1                 $t.0
c0de2087 c0de2087       22     1                 inner_keccak256_init
c0de20a8 c0de20a8       24     2         build/flex/obj/app/src/zknox/dilithium/keccak_prng.o:(.text.inner_keccak256_inject)
c0de20a8 c0de20a8        0     1                 $t.1
c0de20a9 c0de20a9       24     1                 inner_keccak256_inject
c0de20cc c0de20cc       2c     2         build/flex/obj/app/src/zknox/dilithium/keccak_prng.o:(.text.inner_keccak256_flip)
c0de20cc c0de20cc        0     1                 $t.2
c0de20cd c0de20cd       2c     1                 inner_keccak256_flip
c0de20f8 c0de20f8      108     2         build/flex/obj/app/src/zknox/dilithium/keccak_prng.o:(.text.inner_keccak256_extract)
c0de20f8 c0de20f8        0     1                 $t.3
c0de20f9 c0de20f9      108     1                 inner_keccak256_extract
c0de2200 c0de2200       2c     2         build/flex/obj/app/src/zknox/dilithium/lowram.o:(.text.pqcrystals_dilithium2_lowram_pack_sig_h)
c0de2200 c0de2200        0     1                 $t.3
c0de2201 c0de2201       2c     1                 pqcrystals_dilithium2_lowram_pack_sig_h
c0de222c c0de222c       18     2         build/flex/obj/app/src/zknox/dilithium/lowram.o:(.text.pqcrystals_dilithium2_lowram_pack_sig_h_zero)
c0de222c c0de222c        0     1                 $t.4
c0de222d c0de222d       18     1                 pqcrystals_dilithium2_lowram_pack_sig_h_zero
c0de2244 c0de2244       6a     2         build/flex/obj/app/src/zknox/dilithium/lowram.o:(.text.poly_challenge_compress)
c0de2244 c0de2244        0     1                 $t.8
c0de2245 c0de2245       6a     1                 poly_challenge_compress
c0de22ae c0de22ae       64     2         build/flex/obj/app/src/zknox/dilithium/lowram.o:(.text.poly_challenge_decompress)
c0de22ae c0de22ae        0     1                 $t.9
c0de22af c0de22af       64     1                 poly_challenge_decompress
c0de2312 c0de2312       f4     2         build/flex/obj/app/src/zknox/dilithium/lowram.o:(.text.poly_schoolbook)
c0de2312 c0de2312        0     1                 $t.10
c0de2313 c0de2313       f4     1                 poly_schoolbook
c0de2406 c0de2406       96     2         build/flex/obj/app/src/zknox/dilithium/lowram.o:(.text.polyt0_unpack_idx)
c0de2406 c0de2406        0     1                 $t.11
c0de2407 c0de2407       96     1                 polyt0_unpack_idx
c0de249c c0de249c      108     4         build/flex/obj/app/src/zknox/dilithium/lowram.o:(.text.poly_schoolbook_t1)
c0de249c c0de249c        0     1                 $t.12
c0de249d c0de249d      108     1                 poly_schoolbook_t1
c0de25a0 c0de25a0        0     1                 $d.13
c0de25a4 c0de25a4       46     2         build/flex/obj/app/src/zknox/dilithium/lowram.o:(.text.polyt1_unpack_idx)
c0de25a4 c0de25a4        0     1                 $t.14
c0de25a5 c0de25a5       46     1                 polyt1_unpack_idx
c0de25ea c0de25ea       3c     2         build/flex/obj/app/src/zknox/dilithium/lowram.o:(.text.polyw_pack)
c0de25ea c0de25ea        0     1                 $t.15
c0de25eb c0de25eb       3c     1                 polyw_pack
c0de2626 c0de2626       30     2         build/flex/obj/app/src/zknox/dilithium/lowram.o:(.text.polyw_unpack)
c0de2626 c0de2626        0     1                 $t.16
c0de2627 c0de2627       30     1                 polyw_unpack
c0de2656 c0de2656       30     2         build/flex/obj/app/src/zknox/dilithium/lowram.o:(.text.polyw_sub)
c0de2656 c0de2656        0     1                 $t.17
c0de2657 c0de2657       30     1                 polyw_sub
c0de2686 c0de2686       30     2         build/flex/obj/app/src/zknox/dilithium/lowram.o:(.text.poly_highbits)
c0de2686 c0de2686        0     1                 $t.18
c0de2687 c0de2687       30     1                 poly_highbits
c0de26b8 c0de26b8       60     4         build/flex/obj/app/src/zknox/dilithium/lowram.o:(.text.poly_lowbits)
c0de26b8 c0de26b8        0     1                 $t.19
c0de26b9 c0de26b9       60     1                 poly_lowbits
c0de270c c0de270c        0     1                 $d.20
c0de2718 c0de2718        e     2         build/flex/obj/app/src/zknox/dilithium/lowram.o:(.text.unpack_sk_s1)
c0de2718 c0de2718        0     1                 $t.21
c0de2719 c0de2719        e     1                 unpack_sk_s1
c0de2726 c0de2726       10     2         build/flex/obj/app/src/zknox/dilithium/lowram.o:(.text.unpack_sk_s2)
c0de2726 c0de2726        0     1                 $t.22
c0de2727 c0de2727       10     1                 unpack_sk_s2
c0de2738 c0de2738       5c     4         build/flex/obj/app/src/zknox/dilithium/lowram.o:(.text.poly_uniform_pointwise_montgomery_polywadd_lowram)
c0de2738 c0de2738        0     1                 $t.23
c0de2739 c0de2739       5c     1                 poly_uniform_pointwise_montgomery_polywadd_lowram
c0de2790 c0de2790        0     1                 $d.24
c0de2794 c0de2794       2a     2         build/flex/obj/app/src/zknox/dilithium/lowram.o:(.text.polyw_add_idx)
c0de2794 c0de2794        0     1                 $t.25
c0de2795 c0de2795       2a     1                 polyw_add_idx
c0de27be c0de27be       42     2         build/flex/obj/app/src/zknox/dilithium/lowram.o:(.text.poly_uniform_gamma1_lowram)
c0de27be c0de27be        0     1                 $t.28
c0de27bf c0de27bf       42     1                 poly_uniform_gamma1_lowram
c0de2800 c0de2800       58     2         build/flex/obj/app/src/zknox/dilithium/lowram.o:(.text.polyz_unpack_inplace)
c0de2800 c0de2800        0     1                 $t.29
c0de2801 c0de2801       58     1                 polyz_unpack_inplace
c0de2858 c0de2858       46     2         build/flex/obj/app/src/zknox/dilithium/lowram.o:(.text.poly_uniform_gamma1_add_lowram)
c0de2858 c0de2858        0     1                 $t.31
c0de2859 c0de2859       46     1                 poly_uniform_gamma1_add_lowram
c0de28a0 c0de28a0       74     4         build/flex/obj/app/src/zknox/dilithium/lowram.o:(.text.poly_make_hint_lowram)
c0de28a0 c0de28a0        0     1                 $t.33
c0de28a1 c0de28a1       74     1                 poly_make_hint_lowram
c0de2910 c0de2910        0     1                 $d.34
c0de2914 c0de2914       7c     2         build/flex/obj/app/src/zknox/dilithium/lowram.o:(.text.unpack_sig_h_indices)
c0de2914 c0de2914        0     1                 $t.35
c0de2915 c0de2915       7c     1                 unpack_sig_h_indices
c0de2990 c0de2990       3e     2         build/flex/obj/app/src/zknox/dilithium/lowram.o:(.text.poly_use_hint_lowram)
c0de2990 c0de2990        0     1                 $t.36
c0de2991 c0de2991       3e     1                 poly_use_hint_lowram
c0de29ce c0de29ce       10     2         build/flex/obj/app/src/zknox/dilithium/lowram.o:(.text.pack_pk_rho)
c0de29ce c0de29ce        0     1                 $t.37
c0de29cf c0de29cf       10     1                 pack_pk_rho
c0de29de c0de29de        e     2         build/flex/obj/app/src/zknox/dilithium/lowram.o:(.text.pack_pk_t1)
c0de29de c0de29de        0     1                 $t.38
c0de29df c0de29df        e     1                 pack_pk_t1
c0de29ec c0de29ec        e     2         build/flex/obj/app/src/zknox/dilithium/lowram.o:(.text.pack_sk_s1)
c0de29ec c0de29ec        0     1                 $t.39
c0de29ed c0de29ed        e     1                 pack_sk_s1
c0de29fa c0de29fa       10     2         build/flex/obj/app/src/zknox/dilithium/lowram.o:(.text.pack_sk_s2)
c0de29fa c0de29fa        0     1                 $t.40
c0de29fb c0de29fb       10     1                 pack_sk_s2
c0de2a0a c0de2a0a       10     2         build/flex/obj/app/src/zknox/dilithium/lowram.o:(.text.pack_sk_t0)
c0de2a0a c0de2a0a        0     1                 $t.41
c0de2a0b c0de2a0b       10     1                 pack_sk_t0
c0de2a1a c0de2a1a       10     2         build/flex/obj/app/src/zknox/dilithium/lowram.o:(.text.pack_sk_rho)
c0de2a1a c0de2a1a        0     1                 $t.42
c0de2a1b c0de2a1b       10     1                 pack_sk_rho
c0de2a2a c0de2a2a       12     2         build/flex/obj/app/src/zknox/dilithium/lowram.o:(.text.pack_sk_key)
c0de2a2a c0de2a2a        0     1                 $t.43
c0de2a2b c0de2a2b       12     1                 pack_sk_key
c0de2a3c c0de2a3c       12     2         build/flex/obj/app/src/zknox/dilithium/lowram.o:(.text.pack_sk_tr)
c0de2a3c c0de2a3c        0     1                 $t.44
c0de2a3d c0de2a3d       12     1                 pack_sk_tr
c0de2a4e c0de2a4e       b2     2         build/flex/obj/app/src/zknox/dilithium/lowram.o:(.text.poly_challenge_lowram)
c0de2a4e c0de2a4e        0     1                 $t.45
c0de2a4f c0de2a4f       b2     1                 poly_challenge_lowram
c0de2b00 c0de2b00       2c     2         build/flex/obj/app/src/zknox/dilithium/lowram.o:(.text.pqcrystals_dilithium2_lowram_poly_pointwise_acc_montgomery)
c0de2b00 c0de2b00        0     1                 $t.46
c0de2b01 c0de2b01       2c     1                 pqcrystals_dilithium2_lowram_poly_pointwise_acc_montgomery
c0de2b2c c0de2b2c       18     2         build/flex/obj/app/src/zknox/dilithium/lowram.o:(.text.OUTLINED_FUNCTION_0)
c0de2b2c c0de2b2c        0     1                 $t.47
c0de2b2d c0de2b2d       18     1                 OUTLINED_FUNCTION_0
c0de2b44 c0de2b44       12     2         build/flex/obj/app/src/zknox/dilithium/lowram.o:(.text.OUTLINED_FUNCTION_1)
c0de2b44 c0de2b44        0     1                 $t.48
c0de2b45 c0de2b45       12     1                 OUTLINED_FUNCTION_1
c0de2b56 c0de2b56        c     2         build/flex/obj/app/src/zknox/dilithium/lowram.o:(.text.OUTLINED_FUNCTION_2)
c0de2b56 c0de2b56        0     1                 $t.49
c0de2b57 c0de2b57        c     1                 OUTLINED_FUNCTION_2
c0de2b62 c0de2b62        8     2         build/flex/obj/app/src/zknox/dilithium/lowram.o:(.text.OUTLINED_FUNCTION_3)
c0de2b62 c0de2b62        0     1                 $t.50
c0de2b63 c0de2b63        8     1                 OUTLINED_FUNCTION_3
c0de2b6a c0de2b6a        a     2         build/flex/obj/app/src/zknox/dilithium/lowram.o:(.text.OUTLINED_FUNCTION_4)
c0de2b6a c0de2b6a        0     1                 $t.51
c0de2b6b c0de2b6b        a     1                 OUTLINED_FUNCTION_4
c0de2b74 c0de2b74       68     4         build/flex/obj/app/src/zknox/dilithium/ntt.o:(.text.pqcrystals_dilithium2_lowram_ntt)
c0de2b74 c0de2b74        0     1                 $t.0
c0de2b75 c0de2b75       68     1                 pqcrystals_dilithium2_lowram_ntt
c0de2bd8 c0de2bd8        0     1                 $d.1
c0de2bdc c0de2bdc       94     4         build/flex/obj/app/src/zknox/dilithium/ntt.o:(.text.pqcrystals_dilithium2_lowram_invntt_tomont)
c0de2bdc c0de2bdc        0     1                 $t.2
c0de2bdd c0de2bdd       94     1                 pqcrystals_dilithium2_lowram_invntt_tomont
c0de2c6c c0de2c6c        0     1                 $d.3
c0de2c70 c0de2c70       1e     2         build/flex/obj/app/src/zknox/dilithium/poly.o:(.text.pqcrystals_dilithium2_lowram_poly_reduce)
c0de2c70 c0de2c70        0     1                 $t.0
c0de2c71 c0de2c71       1e     1                 pqcrystals_dilithium2_lowram_poly_reduce
c0de2c8e c0de2c8e       1e     2         build/flex/obj/app/src/zknox/dilithium/poly.o:(.text.pqcrystals_dilithium2_lowram_poly_caddq)
c0de2c8e c0de2c8e        0     1                 $t.1
c0de2c8f c0de2c8f       1e     1                 pqcrystals_dilithium2_lowram_poly_caddq
c0de2cac c0de2cac       1e     2         build/flex/obj/app/src/zknox/dilithium/poly.o:(.text.pqcrystals_dilithium2_lowram_poly_add)
c0de2cac c0de2cac        0     1                 $t.2
c0de2cad c0de2cad       1e     1                 pqcrystals_dilithium2_lowram_poly_add
c0de2cca c0de2cca        4     2         build/flex/obj/app/src/zknox/dilithium/poly.o:(.text.pqcrystals_dilithium2_lowram_poly_ntt)
c0de2cca c0de2cca        0     1                 $t.5
c0de2ccb c0de2ccb        4     1                 pqcrystals_dilithium2_lowram_poly_ntt
c0de2cce c0de2cce        4     2         build/flex/obj/app/src/zknox/dilithium/poly.o:(.text.pqcrystals_dilithium2_lowram_poly_invntt_tomont)
c0de2cce c0de2cce        0     1                 $t.6
c0de2ccf c0de2ccf        4     1                 pqcrystals_dilithium2_lowram_poly_invntt_tomont
c0de2cd2 c0de2cd2       26     2         build/flex/obj/app/src/zknox/dilithium/poly.o:(.text.pqcrystals_dilithium2_lowram_poly_pointwise_montgomery)
c0de2cd2 c0de2cd2        0     1                 $t.7
c0de2cd3 c0de2cd3       26     1                 pqcrystals_dilithium2_lowram_poly_pointwise_montgomery
c0de2cf8 c0de2cf8       1c     2         build/flex/obj/app/src/zknox/dilithium/poly.o:(.text.pqcrystals_dilithium2_lowram_poly_power2round)
c0de2cf8 c0de2cf8        0     1                 $t.8
c0de2cf9 c0de2cf9       1c     1                 pqcrystals_dilithium2_lowram_poly_power2round
c0de2d14 c0de2d14       2c     4         build/flex/obj/app/src/zknox/dilithium/poly.o:(.text.pqcrystals_dilithium2_lowram_poly_chknorm)
c0de2d14 c0de2d14        0     1                 $t.12
c0de2d15 c0de2d15       2c     1                 pqcrystals_dilithium2_lowram_poly_chknorm
c0de2d3c c0de2d3c        0     1                 $d.13
c0de2d40 c0de2d40       82     2         build/flex/obj/app/src/zknox/dilithium/poly.o:(.text.pqcrystals_dilithium2_lowram_poly_uniform)
c0de2d40 c0de2d40        0     1                 $t.14
c0de2d41 c0de2d41       82     1                 pqcrystals_dilithium2_lowram_poly_uniform
c0de2dc4 c0de2dc4       44     4         build/flex/obj/app/src/zknox/dilithium/poly.o:(.text.rej_uniform)
c0de2dc4 c0de2dc4        0     1                 $t.15
c0de2dc5 c0de2dc5       44     1                 rej_uniform
c0de2e04 c0de2e04        0     1                 $d.16
c0de2e08 c0de2e08       4c     2         build/flex/obj/app/src/zknox/dilithium/poly.o:(.text.pqcrystals_dilithium2_lowram_poly_uniform_eta)
c0de2e08 c0de2e08        0     1                 $t.17
c0de2e09 c0de2e09       4c     1                 pqcrystals_dilithium2_lowram_poly_uniform_eta
c0de2e54 c0de2e54       56     2         build/flex/obj/app/src/zknox/dilithium/poly.o:(.text.rej_eta)
c0de2e54 c0de2e54        0     1                 $t.18
c0de2e55 c0de2e55       56     1                 rej_eta
c0de2eaa c0de2eaa       a0     2         build/flex/obj/app/src/zknox/dilithium/poly.o:(.text.pqcrystals_dilithium2_lowram_polyz_unpack)
c0de2eaa c0de2eaa        0     1                 $t.20
c0de2eab c0de2eab       a0     1                 pqcrystals_dilithium2_lowram_polyz_unpack
c0de2f4a c0de2f4a       aa     2         build/flex/obj/app/src/zknox/dilithium/poly.o:(.text.pqcrystals_dilithium2_lowram_poly_challenge)
c0de2f4a c0de2f4a        0     1                 $t.21
c0de2f4b c0de2f4b       aa     1                 pqcrystals_dilithium2_lowram_poly_challenge
c0de2ff4 c0de2ff4       7c     2         build/flex/obj/app/src/zknox/dilithium/poly.o:(.text.pqcrystals_dilithium2_lowram_polyeta_pack)
c0de2ff4 c0de2ff4        0     1                 $t.22
c0de2ff5 c0de2ff5       7c     1                 pqcrystals_dilithium2_lowram_polyeta_pack
c0de3070 c0de3070       48     2         build/flex/obj/app/src/zknox/dilithium/poly.o:(.text.pqcrystals_dilithium2_lowram_polyt1_pack)
c0de3070 c0de3070        0     1                 $t.25
c0de3071 c0de3071       48     1                 pqcrystals_dilithium2_lowram_polyt1_pack
c0de30b8 c0de30b8       aa     2         build/flex/obj/app/src/zknox/dilithium/poly.o:(.text.pqcrystals_dilithium2_lowram_polyt0_pack)
c0de30b8 c0de30b8        0     1                 $t.27
c0de30b9 c0de30b9       aa     1                 pqcrystals_dilithium2_lowram_polyt0_pack
c0de3162 c0de3162       62     2         build/flex/obj/app/src/zknox/dilithium/poly.o:(.text.pqcrystals_dilithium2_lowram_polyz_pack)
c0de3162 c0de3162        0     1                 $t.29
c0de3163 c0de3163       62     1                 pqcrystals_dilithium2_lowram_polyz_pack
c0de31c4 c0de31c4       46     2         build/flex/obj/app/src/zknox/dilithium/poly.o:(.text.pqcrystals_dilithium2_lowram_polyw1_pack)
c0de31c4 c0de31c4        0     1                 $t.30
c0de31c5 c0de31c5       46     1                 pqcrystals_dilithium2_lowram_polyw1_pack
c0de320a c0de320a        a     2         build/flex/obj/app/src/zknox/dilithium/poly.o:(.text.OUTLINED_FUNCTION_0)
c0de320a c0de320a        0     1                 $t.31
c0de320b c0de320b        a     1                 OUTLINED_FUNCTION_0
c0de3214 c0de3214        c     2         build/flex/obj/app/src/zknox/dilithium/poly.o:(.text.OUTLINED_FUNCTION_1)
c0de3214 c0de3214        0     1                 $t.32
c0de3215 c0de3215        c     1                 OUTLINED_FUNCTION_1
c0de3220 c0de3220        4     2         build/flex/obj/app/src/zknox/dilithium/randombytes.o:(.text.randombytes)
c0de3220 c0de3220        0     1                 $t.0
c0de3221 c0de3221        4     1                 randombytes
c0de3224 c0de3224       18     4         build/flex/obj/app/src/zknox/dilithium/reduce.o:(.text.pqcrystals_dilithium2_lowram_montgomery_reduce)
c0de3224 c0de3224        0     1                 $t.0
c0de3225 c0de3225       18     1                 pqcrystals_dilithium2_lowram_montgomery_reduce
c0de3234 c0de3234        0     1                 $d.1
c0de323c c0de323c       14     4         build/flex/obj/app/src/zknox/dilithium/reduce.o:(.text.pqcrystals_dilithium2_lowram_reduce32)
c0de323c c0de323c        0     1                 $t.2
c0de323d c0de323d       14     1                 pqcrystals_dilithium2_lowram_reduce32
c0de324c c0de324c        0     1                 $d.3
c0de3250 c0de3250       10     4         build/flex/obj/app/src/zknox/dilithium/reduce.o:(.text.pqcrystals_dilithium2_lowram_caddq)
c0de3250 c0de3250        0     1                 $t.4
c0de3251 c0de3251       10     1                 pqcrystals_dilithium2_lowram_caddq
c0de325c c0de325c        0     1                 $d.5
c0de3260 c0de3260       20     4         build/flex/obj/app/src/zknox/dilithium/reduce.o:(.text.pqcrystals_dilithium2_lowram_freeze)
c0de3260 c0de3260        0     1                 $t.6
c0de3261 c0de3261       20     1                 pqcrystals_dilithium2_lowram_freeze
c0de3278 c0de3278        0     1                 $d.7
c0de3280 c0de3280       14     2         build/flex/obj/app/src/zknox/dilithium/rounding.o:(.text.pqcrystals_dilithium2_lowram_power2round)
c0de3280 c0de3280        0     1                 $t.0
c0de3281 c0de3281       14     1                 pqcrystals_dilithium2_lowram_power2round
c0de3294 c0de3294       40     4         build/flex/obj/app/src/zknox/dilithium/rounding.o:(.text.pqcrystals_dilithium2_lowram_decompose)
c0de3294 c0de3294        0     1                 $t.1
c0de3295 c0de3295       40     1                 pqcrystals_dilithium2_lowram_decompose
c0de32c8 c0de32c8        0     1                 $d.2
c0de32d4 c0de32d4       2a     2         build/flex/obj/app/src/zknox/dilithium/rounding.o:(.text.pqcrystals_dilithium2_lowram_use_hint)
c0de32d4 c0de32d4        0     1                 $t.5
c0de32d5 c0de32d5       2a     1                 pqcrystals_dilithium2_lowram_use_hint
c0de32fe c0de32fe       22     2         build/flex/obj/app/src/zknox/dilithium/sign.o:(.text.pqcrystals_dilithium2_lowram_keypair)
c0de32fe c0de32fe        0     1                 $t.0
c0de32ff c0de32ff       22     1                 pqcrystals_dilithium2_lowram_keypair
c0de3320 c0de3320      1ac     4         build/flex/obj/app/src/zknox/dilithium/sign.o:(.text.crypto_sign_keypair_core)
c0de3320 c0de3320        0     1                 $t.1
c0de3321 c0de3321      1ac     1                 crypto_sign_keypair_core
c0de34c8 c0de34c8        0     1                 $d.2
c0de34cc c0de34cc       58     4         build/flex/obj/app/src/zknox/dilithium/sign.o:(.text.crypto_sign_signature_init)
c0de34cc c0de34cc        0     1                 $t.3
c0de34cd c0de34cd       58     1                 crypto_sign_signature_init
c0de351c c0de351c        0     1                 $d.4
c0de3524 c0de3524       18     4         build/flex/obj/app/src/zknox/dilithium/sign.o:(.text.crypto_sign_signature_absorb)
c0de3524 c0de3524        0     1                 $t.5
c0de3525 c0de3525       18     1                 crypto_sign_signature_absorb
c0de3538 c0de3538        0     1                 $d.6
c0de353c c0de353c      318     4         build/flex/obj/app/src/zknox/dilithium/sign.o:(.text.crypto_sign_signature_core)
c0de353c c0de353c        0     1                 $t.7
c0de353d c0de353d      318     1                 crypto_sign_signature_core
c0de3848 c0de3848        0     1                 $d.8
c0de3854 c0de3854      230     4         build/flex/obj/app/src/zknox/dilithium/sign.o:(.text.pqcrystals_dilithium2_lowram_verify)
c0de3854 c0de3854        0     1                 $t.11
c0de3855 c0de3855      230     1                 pqcrystals_dilithium2_lowram_verify
c0de3a78 c0de3a78        0     1                 $d.12
c0de3a84 c0de3a84       5c     2         build/flex/obj/app/src/zknox/dilithium/sign.o:(.text.pqcrystals_dilithium2_lowram_open)
c0de3a84 c0de3a84        0     1                 $t.13
c0de3a85 c0de3a85       5c     1                 pqcrystals_dilithium2_lowram_open
c0de3ae0 c0de3ae0        a     2         build/flex/obj/app/src/zknox/dilithium/sign.o:(.text.OUTLINED_FUNCTION_0)
c0de3ae0 c0de3ae0        0     1                 $t.14
c0de3ae1 c0de3ae1        a     1                 OUTLINED_FUNCTION_0
c0de3aec c0de3aec       7c     4         build/flex/obj/app/src/zknox/dilithium/smallntt_3329.o:(.text.small_ntt)
c0de3aec c0de3aec        0     1                 $t.0
c0de3aed c0de3aed       7c     1                 small_ntt
c0de3b60 c0de3b60        0     1                 $d.1
c0de3b68 c0de3b68       e4     4         build/flex/obj/app/src/zknox/dilithium/smallntt_3329.o:(.text.small_invntt_tomont)
c0de3b68 c0de3b68        0     1                 $t.2
c0de3b69 c0de3b69       e4     1                 small_invntt_tomont
c0de3c40 c0de3c40        0     1                 $d.3
c0de3c4c c0de3c4c       78     4         build/flex/obj/app/src/zknox/dilithium/smallntt_3329.o:(.text.small_basemul)
c0de3c4c c0de3c4c        0     1                 $t.4
c0de3c4d c0de3c4d       78     1                 small_basemul
c0de3cc0 c0de3cc0        0     1                 $d.5
c0de3cc4 c0de3cc4       18     2         build/flex/obj/app/src/zknox/dilithium/smallpoly.o:(.text.poly_small_ntt_copy)
c0de3cc4 c0de3cc4        0     1                 $t.0
c0de3cc5 c0de3cc5       18     1                 poly_small_ntt_copy
c0de3cdc c0de3cdc       58     4         build/flex/obj/app/src/zknox/dilithium/smallpoly.o:(.text.poly_small_basemul)
c0de3cdc c0de3cdc        0     1                 $t.3
c0de3cdd c0de3cdd       58     1                 poly_small_basemul
c0de3d30 c0de3d30        0     1                 $d.4
c0de3d34 c0de3d34       22     2         build/flex/obj/app/src/zknox/dilithium/smallpoly.o:(.text.poly_small_basemul_invntt)
c0de3d34 c0de3d34        0     1                 $t.5
c0de3d35 c0de3d35       22     1                 poly_small_basemul_invntt
c0de3d56 c0de3d56       a4     2         build/flex/obj/app/src/zknox/dilithium/smallpoly.o:(.text.small_polyeta_unpack)
c0de3d56 c0de3d56        0     1                 $t.7
c0de3d57 c0de3d57       a4     1                 small_polyeta_unpack
c0de3dfa c0de3dfa       28     2         build/flex/obj/app/src/zknox/dilithium/symmetric-shake.o:(.text.pqcrystals_dilithium2_lowram_dilithium_shake128_stream_init)
c0de3dfa c0de3dfa        0     1                 $t.0
c0de3dfb c0de3dfb       28     1                 pqcrystals_dilithium2_lowram_dilithium_shake128_stream_init
c0de3e22 c0de3e22       28     2         build/flex/obj/app/src/zknox/dilithium/symmetric-shake.o:(.text.pqcrystals_dilithium2_lowram_dilithium_shake256_stream_init)
c0de3e22 c0de3e22        0     1                 $t.1
c0de3e23 c0de3e23       28     1                 pqcrystals_dilithium2_lowram_dilithium_shake256_stream_init
c0de3e4a c0de3e4a       12     2         build/flex/obj/app/src/zknox/dilithium/symmetric-shake.o:(.text.OUTLINED_FUNCTION_0)
c0de3e4a c0de3e4a        0     1                 $t.2
c0de3e4b c0de3e4b       12     1                 OUTLINED_FUNCTION_0
c0de3e5c c0de3e5c       d6     2         build/flex/obj/sdk/io/src/os_io_default_apdu.o:(.text.os_io_handle_default_apdu)
c0de3e5c c0de3e5c        0     1                 $t.0
c0de3e5d c0de3e5d       d6     1                 os_io_handle_default_apdu
c0de3f32 c0de3f32        e     2         build/flex/obj/sdk/io/src/os_io_default_apdu.o:(.text.OUTLINED_FUNCTION_0)
c0de3f32 c0de3f32        0     1                 $t.1
c0de3f33 c0de3f33        e     1                 OUTLINED_FUNCTION_0
c0de3f40 c0de3f40       54     2         build/flex/obj/sdk/io/src/os_io_seph_cmd.o:(.text.os_io_seph_cmd_piezo_play_tune)
c0de3f40 c0de3f40        0     1                 $t.20
c0de3f41 c0de3f41       54     1                 os_io_seph_cmd_piezo_play_tune
c0de3f94 c0de3f94        6     2         build/flex/obj/sdk/io/src/os_io_seph_cmd.o:(.text.OUTLINED_FUNCTION_1)
c0de3f94 c0de3f94        0     1                 $t.31
c0de3f95 c0de3f95        6     1                 OUTLINED_FUNCTION_1
c0de3f9c c0de3f9c       98     4         build/flex/obj/sdk/io/src/os_io_seph_ux.o:(.text.io_process_itc_ux_event)
c0de3f9c c0de3f9c        0     1                 $t.2
c0de3f9d c0de3f9d       98     1                 io_process_itc_ux_event
c0de4030 c0de4030        0     1                 $d.3
c0de4034 c0de4034       34     4         build/flex/obj/sdk/io_legacy/src/os_io_legacy.o:(.text.io_legacy_apdu_tx)
c0de4034 c0de4034        0     1                 $t.12
c0de4035 c0de4035       34     1                 io_legacy_apdu_tx
c0de405c c0de405c        0     1                 $d.13
c0de4068 c0de4068      258     4         build/flex/obj/sdk/io_legacy/src/os_io_legacy.o:(.text.io_legacy_apdu_rx)
c0de4068 c0de4068        0     1                 $t.14
c0de4069 c0de4069      258     1                 io_legacy_apdu_rx
c0de42a0 c0de42a0        0     1                 $d.15
c0de42c0 c0de42c0       40     4         build/flex/obj/sdk/io_legacy/src/os_io_legacy.o:(.text.io_seproxyhal_init)
c0de42c0 c0de42c0        0     1                 $t.16
c0de42c1 c0de42c1       40     1                 io_seproxyhal_init
c0de42f8 c0de42f8        0     1                 $d.17
c0de4300 c0de4300        c     2         build/flex/obj/sdk/io_legacy/src/os_io_legacy.o:(.text.OUTLINED_FUNCTION_0)
c0de4300 c0de4300        0     1                 $t.21
c0de4301 c0de4301        c     1                 OUTLINED_FUNCTION_0
c0de430c c0de430c       42     2         build/flex/obj/sdk/lib_nbgl/src/nbgl_layout.o:(.text.layoutAddCallbackObj)
c0de430c c0de430c        0     1                 $t.0
c0de430d c0de430d       42     1                 layoutAddCallbackObj
c0de4350 c0de4350      1d0     4         build/flex/obj/sdk/lib_nbgl/src/nbgl_layout.o:(.text.nbgl_layoutGet)
c0de4350 c0de4350        0     1                 $t.2
c0de4351 c0de4351      1d0     1                 nbgl_layoutGet
c0de4510 c0de4510        0     1                 $d.3
c0de4520 c0de4520      2e8     2         build/flex/obj/sdk/lib_nbgl/src/nbgl_layout.o:(.text.touchCallback)
c0de4520 c0de4520        0     1                 $t.4
c0de4521 c0de4521      2e8     1                 touchCallback
c0de4808 c0de4808      624     4         build/flex/obj/sdk/lib_nbgl/src/nbgl_layout.o:(.text.nbgl_layoutAddUpFooter)
c0de4808 c0de4808        0     1                 $t.5
c0de4809 c0de4809      624     1                 nbgl_layoutAddUpFooter
c0de4c3c c0de4c3c        0     1                 $d.6
c0de4c44 c0de4c44        0     1                 $t.7
c0de4e2c c0de4e2c       7e     2         build/flex/obj/sdk/lib_nbgl/src/nbgl_layout.o:(.text.nbgl_layoutAddSwipe)
c0de4e2c c0de4e2c        0     1                 $t.8
c0de4e2d c0de4e2d       7e     1                 nbgl_layoutAddSwipe
c0de4eaa c0de4eaa       36     2         build/flex/obj/sdk/lib_nbgl/src/nbgl_layout.o:(.text.addSwipeInternal)
c0de4eaa c0de4eaa        0     1                 $t.9
c0de4eab c0de4eab       36     1                 addSwipeInternal
c0de4ee0 c0de4ee0       78     2         build/flex/obj/sdk/lib_nbgl/src/nbgl_layout.o:(.text.nbgl_layoutAddTopRightButton)
c0de4ee0 c0de4ee0        0     1                 $t.10
c0de4ee1 c0de4ee1       78     1                 nbgl_layoutAddTopRightButton
c0de4f58 c0de4f58      714     2         build/flex/obj/sdk/lib_nbgl/src/nbgl_layout.o:(.text.nbgl_layoutAddExtendedFooter)
c0de4f58 c0de4f58        0     1                 $t.12
c0de4f59 c0de4f59      714     1                 nbgl_layoutAddExtendedFooter
c0de566c c0de566c       3e     2         build/flex/obj/sdk/lib_nbgl/src/nbgl_layout.o:(.text.nbgl_layoutAddBottomButton)
c0de566c c0de566c        0     1                 $t.13
c0de566d c0de566d       3e     1                 nbgl_layoutAddBottomButton
c0de56aa c0de56aa       4a     2         build/flex/obj/sdk/lib_nbgl/src/nbgl_layout.o:(.text.nbgl_layoutAddTouchableBar)
c0de56aa c0de56aa        0     1                 $t.14
c0de56ab c0de56ab       4a     1                 nbgl_layoutAddTouchableBar
c0de56f4 c0de56f4      3b8     4         build/flex/obj/sdk/lib_nbgl/src/nbgl_layout.o:(.text.addListItem)
c0de56f4 c0de56f4        0     1                 $t.15
c0de56f5 c0de56f5      3b8     1                 addListItem
c0de5aa8 c0de5aa8        0     1                 $d.16
c0de5aac c0de5aac       44     2         build/flex/obj/sdk/lib_nbgl/src/nbgl_layout.o:(.text.nbgl_layoutAddSwitch)
c0de5aac c0de5aac        0     1                 $t.17
c0de5aad c0de5aad       44     1                 nbgl_layoutAddSwitch
c0de5af0 c0de5af0       10     2         build/flex/obj/sdk/lib_nbgl/src/nbgl_layout.o:(.text.nbgl_layoutAddText)
c0de5af0 c0de5af0        0     1                 $t.18
c0de5af1 c0de5af1       10     1                 nbgl_layoutAddText
c0de5b00 c0de5b00      280     4         build/flex/obj/sdk/lib_nbgl/src/nbgl_layout.o:(.text.addText)
c0de5b00 c0de5b00        0     1                 $t.19
c0de5b01 c0de5b01      280     1                 addText
c0de5d78 c0de5d78        0     1                 $d.20
c0de5d80 c0de5d80       10     2         build/flex/obj/sdk/lib_nbgl/src/nbgl_layout.o:(.text.nbgl_layoutAddTextWithAlias)
c0de5d80 c0de5d80        0     1                 $t.21
c0de5d81 c0de5d81       10     1                 nbgl_layoutAddTextWithAlias
c0de5d90 c0de5d90      180     4         build/flex/obj/sdk/lib_nbgl/src/nbgl_layout.o:(.text.nbgl_layoutAddTextContent)
c0de5d90 c0de5d90        0     1                 $t.24
c0de5d91 c0de5d91      180     1                 nbgl_layoutAddTextContent
c0de5f04 c0de5f04        0     1                 $d.25
c0de5f10 c0de5f10      224     4         build/flex/obj/sdk/lib_nbgl/src/nbgl_layout.o:(.text.nbgl_layoutAddRadioChoice)
c0de5f10 c0de5f10        0     1                 $t.26
c0de5f11 c0de5f11      224     1                 nbgl_layoutAddRadioChoice
c0de612c c0de612c        0     1                 $d.27
c0de6134 c0de6134       28     2         build/flex/obj/sdk/lib_nbgl/src/nbgl_layout.o:(.text.createHorizontalLine)
c0de6134 c0de6134        0     1                 $t.28
c0de6135 c0de6135       28     1                 createHorizontalLine
c0de615c c0de615c       7a     2         build/flex/obj/sdk/lib_nbgl/src/nbgl_layout.o:(.text.nbgl_layoutAddCenteredInfo)
c0de615c c0de615c        0     1                 $t.29
c0de615d c0de615d       7a     1                 nbgl_layoutAddCenteredInfo
c0de61d8 c0de61d8      3e0     4         build/flex/obj/sdk/lib_nbgl/src/nbgl_layout.o:(.text.addContentCenter)
c0de61d8 c0de61d8        0     1                 $t.30
c0de61d9 c0de61d9      3e0     1                 addContentCenter
c0de65b4 c0de65b4        0     1                 $d.31
c0de65b8 c0de65b8       12     2         build/flex/obj/sdk/lib_nbgl/src/nbgl_layout.o:(.text.nbgl_layoutAddContentCenter)
c0de65b8 c0de65b8        0     1                 $t.32
c0de65b9 c0de65b9       12     1                 nbgl_layoutAddContentCenter
c0de65ca c0de65ca      2e6     2         build/flex/obj/sdk/lib_nbgl/src/nbgl_layout.o:(.text.nbgl_layoutAddQRCode)
c0de65ca c0de65ca        0     1                 $t.35
c0de65cb c0de65cb      2e6     1                 nbgl_layoutAddQRCode
c0de68b0 c0de68b0       2c     2         build/flex/obj/sdk/lib_nbgl/src/nbgl_layout.o:(.text.nbgl_layoutAddChoiceButtons)
c0de68b0 c0de68b0        0     1                 $t.36
c0de68b1 c0de68b1       2c     1                 nbgl_layoutAddChoiceButtons
c0de68dc c0de68dc       26     2         build/flex/obj/sdk/lib_nbgl/src/nbgl_layout.o:(.text.nbgl_layoutAddHorizontalButtons)
c0de68dc c0de68dc        0     1                 $t.37
c0de68dd c0de68dd       26     1                 nbgl_layoutAddHorizontalButtons
c0de6904 c0de6904      328     4         build/flex/obj/sdk/lib_nbgl/src/nbgl_layout.o:(.text.nbgl_layoutAddTagValueList)
c0de6904 c0de6904        0     1                 $t.38
c0de6905 c0de6905      328     1                 nbgl_layoutAddTagValueList
c0de6c24 c0de6c24        0     1                 $d.39
c0de6c2c c0de6c2c       24     2         build/flex/obj/sdk/lib_nbgl/src/nbgl_layout.o:(.text.nbgl_layoutAddSeparationLine)
c0de6c2c c0de6c2c        0     1                 $t.42
c0de6c2d c0de6c2d       24     1                 nbgl_layoutAddSeparationLine
c0de6c50 c0de6c50      1be     2         build/flex/obj/sdk/lib_nbgl/src/nbgl_layout.o:(.text.nbgl_layoutAddButton)
c0de6c50 c0de6c50        0     1                 $t.43
c0de6c51 c0de6c51      1be     1                 nbgl_layoutAddButton
c0de6e0e c0de6e0e       24     2         build/flex/obj/sdk/lib_nbgl/src/nbgl_layout.o:(.text.nbgl_layoutAddLongPressButton)
c0de6e0e c0de6e0e        0     1                 $t.44
c0de6e0f c0de6e0f       24     1                 nbgl_layoutAddLongPressButton
c0de6e32 c0de6e32       24     2         build/flex/obj/sdk/lib_nbgl/src/nbgl_layout.o:(.text.nbgl_layoutAddFooter)
c0de6e32 c0de6e32        0     1                 $t.45
c0de6e33 c0de6e33       24     1                 nbgl_layoutAddFooter
c0de6e56 c0de6e56       28     2         build/flex/obj/sdk/lib_nbgl/src/nbgl_layout.o:(.text.nbgl_layoutAddSplitFooter)
c0de6e56 c0de6e56        0     1                 $t.46
c0de6e57 c0de6e57       28     1                 nbgl_layoutAddSplitFooter
c0de6e80 c0de6e80      488     4         build/flex/obj/sdk/lib_nbgl/src/nbgl_layout.o:(.text.nbgl_layoutAddHeader)
c0de6e80 c0de6e80        0     1                 $t.47
c0de6e81 c0de6e81      488     1                 nbgl_layoutAddHeader
c0de7304 c0de7304        0     1                 $d.48
c0de7308 c0de7308       34     2         build/flex/obj/sdk/lib_nbgl/src/nbgl_layout.o:(.text.nbgl_layoutAddProgressIndicator)
c0de7308 c0de7308        0     1                 $t.49
c0de7309 c0de7309       34     1                 nbgl_layoutAddProgressIndicator
c0de733c c0de733c      254     4         build/flex/obj/sdk/lib_nbgl/src/nbgl_layout.o:(.text.nbgl_layoutAddSpinner)
c0de733c c0de733c        0     1                 $t.50
c0de733d c0de733d      254     1                 nbgl_layoutAddSpinner
c0de7588 c0de7588        0     1                 $d.51
c0de7590 c0de7590       6c     4         build/flex/obj/sdk/lib_nbgl/src/nbgl_layout.o:(.text.spinnerTickerCallback)
c0de7590 c0de7590        0     1                 $t.52
c0de7591 c0de7591       6c     1                 spinnerTickerCallback
c0de75f8 c0de75f8        0     1                 $d.53
c0de75fc c0de75fc      148     2         build/flex/obj/sdk/lib_nbgl/src/nbgl_layout.o:(.text.nbgl_layoutUpdateSpinner)
c0de75fc c0de75fc        0     1                 $t.54
c0de75fd c0de75fd      148     1                 nbgl_layoutUpdateSpinner
c0de7744 c0de7744       5a     2         build/flex/obj/sdk/lib_nbgl/src/nbgl_layout.o:(.text.nbgl_layoutDraw)
c0de7744 c0de7744        0     1                 $t.55
c0de7745 c0de7745       5a     1                 nbgl_layoutDraw
c0de77a0 c0de77a0       60     4         build/flex/obj/sdk/lib_nbgl/src/nbgl_layout.o:(.text.nbgl_layoutRelease)
c0de77a0 c0de77a0        0     1                 $t.56
c0de77a1 c0de77a1       60     1                 nbgl_layoutRelease
c0de77fc c0de77fc        0     1                 $d.57
c0de7800 c0de7800       4c     4         build/flex/obj/sdk/lib_nbgl/src/nbgl_layout.o:(.text.getLayoutAndLayoutObj)
c0de7800 c0de7800        0     1                 $t.58
c0de7801 c0de7801       4c     1                 getLayoutAndLayoutObj
c0de7848 c0de7848        0     1                 $d.59
c0de784c c0de784c      104     4         build/flex/obj/sdk/lib_nbgl/src/nbgl_layout.o:(.text.animTickerCallback)
c0de784c c0de784c        0     1                 $t.60
c0de784d c0de784d      104     1                 animTickerCallback
c0de794c c0de794c        0     1                 $d.61
c0de7950 c0de7950        8     2         build/flex/obj/sdk/lib_nbgl/src/nbgl_layout.o:(.text.OUTLINED_FUNCTION_0)
c0de7950 c0de7950        0     1                 $t.62
c0de7951 c0de7951        8     1                 OUTLINED_FUNCTION_0
c0de7958 c0de7958        c     2         build/flex/obj/sdk/lib_nbgl/src/nbgl_layout.o:(.text.OUTLINED_FUNCTION_1)
c0de7958 c0de7958        0     1                 $t.63
c0de7959 c0de7959        c     1                 OUTLINED_FUNCTION_1
c0de7964 c0de7964       28     2         build/flex/obj/sdk/lib_nbgl/src/nbgl_layout.o:(.text.OUTLINED_FUNCTION_2)
c0de7964 c0de7964        0     1                 $t.64
c0de7965 c0de7965       28     1                 OUTLINED_FUNCTION_2
c0de798c c0de798c       26     2         build/flex/obj/sdk/lib_nbgl/src/nbgl_layout.o:(.text.OUTLINED_FUNCTION_3)
c0de798c c0de798c        0     1                 $t.65
c0de798d c0de798d       26     1                 OUTLINED_FUNCTION_3
c0de79b2 c0de79b2       20     2         build/flex/obj/sdk/lib_nbgl/src/nbgl_layout.o:(.text.OUTLINED_FUNCTION_4)
c0de79b2 c0de79b2        0     1                 $t.66
c0de79b3 c0de79b3       20     1                 OUTLINED_FUNCTION_4
c0de79d2 c0de79d2       1a     2         build/flex/obj/sdk/lib_nbgl/src/nbgl_layout.o:(.text.OUTLINED_FUNCTION_5)
c0de79d2 c0de79d2        0     1                 $t.67
c0de79d3 c0de79d3       1a     1                 OUTLINED_FUNCTION_5
c0de79ec c0de79ec        8     2         build/flex/obj/sdk/lib_nbgl/src/nbgl_layout.o:(.text.OUTLINED_FUNCTION_6)
c0de79ec c0de79ec        0     1                 $t.68
c0de79ed c0de79ed        8     1                 OUTLINED_FUNCTION_6
c0de79f4 c0de79f4       34     2         build/flex/obj/sdk/lib_nbgl/src/nbgl_layout.o:(.text.OUTLINED_FUNCTION_7)
c0de79f4 c0de79f4        0     1                 $t.69
c0de79f5 c0de79f5       34     1                 OUTLINED_FUNCTION_7
c0de7a28 c0de7a28       1c     2         build/flex/obj/sdk/lib_nbgl/src/nbgl_layout.o:(.text.OUTLINED_FUNCTION_8)
c0de7a28 c0de7a28        0     1                 $t.70
c0de7a29 c0de7a29       1c     1                 OUTLINED_FUNCTION_8
c0de7a44 c0de7a44       32     2         build/flex/obj/sdk/lib_nbgl/src/nbgl_layout.o:(.text.OUTLINED_FUNCTION_9)
c0de7a44 c0de7a44        0     1                 $t.71
c0de7a45 c0de7a45       32     1                 OUTLINED_FUNCTION_9
c0de7a76 c0de7a76       1c     2         build/flex/obj/sdk/lib_nbgl/src/nbgl_layout.o:(.text.OUTLINED_FUNCTION_10)
c0de7a76 c0de7a76        0     1                 $t.72
c0de7a77 c0de7a77       1c     1                 OUTLINED_FUNCTION_10
c0de7a92 c0de7a92       14     2         build/flex/obj/sdk/lib_nbgl/src/nbgl_layout.o:(.text.OUTLINED_FUNCTION_11)
c0de7a92 c0de7a92        0     1                 $t.73
c0de7a93 c0de7a93       14     1                 OUTLINED_FUNCTION_11
c0de7aa6 c0de7aa6       30     2         build/flex/obj/sdk/lib_nbgl/src/nbgl_layout.o:(.text.OUTLINED_FUNCTION_12)
c0de7aa6 c0de7aa6        0     1                 $t.74
c0de7aa7 c0de7aa7       30     1                 OUTLINED_FUNCTION_12
c0de7ad6 c0de7ad6        e     2         build/flex/obj/sdk/lib_nbgl/src/nbgl_layout.o:(.text.OUTLINED_FUNCTION_13)
c0de7ad6 c0de7ad6        0     1                 $t.75
c0de7ad7 c0de7ad7        e     1                 OUTLINED_FUNCTION_13
c0de7ae4 c0de7ae4       10     2         build/flex/obj/sdk/lib_nbgl/src/nbgl_layout.o:(.text.OUTLINED_FUNCTION_14)
c0de7ae4 c0de7ae4        0     1                 $t.76
c0de7ae5 c0de7ae5       10     1                 OUTLINED_FUNCTION_14
c0de7af4 c0de7af4       2e     2         build/flex/obj/sdk/lib_nbgl/src/nbgl_layout.o:(.text.OUTLINED_FUNCTION_15)
c0de7af4 c0de7af4        0     1                 $t.77
c0de7af5 c0de7af5       2e     1                 OUTLINED_FUNCTION_15
c0de7b22 c0de7b22        8     2         build/flex/obj/sdk/lib_nbgl/src/nbgl_layout.o:(.text.OUTLINED_FUNCTION_16)
c0de7b22 c0de7b22        0     1                 $t.78
c0de7b23 c0de7b23        8     1                 OUTLINED_FUNCTION_16
c0de7b2a c0de7b2a        8     2         build/flex/obj/sdk/lib_nbgl/src/nbgl_layout.o:(.text.OUTLINED_FUNCTION_17)
c0de7b2a c0de7b2a        0     1                 $t.79
c0de7b2b c0de7b2b        8     1                 OUTLINED_FUNCTION_17
c0de7b32 c0de7b32       28     2         build/flex/obj/sdk/lib_nbgl/src/nbgl_layout.o:(.text.OUTLINED_FUNCTION_18)
c0de7b32 c0de7b32        0     1                 $t.80
c0de7b33 c0de7b33       28     1                 OUTLINED_FUNCTION_18
c0de7b5a c0de7b5a       28     2         build/flex/obj/sdk/lib_nbgl/src/nbgl_layout.o:(.text.OUTLINED_FUNCTION_19)
c0de7b5a c0de7b5a        0     1                 $t.81
c0de7b5b c0de7b5b       28     1                 OUTLINED_FUNCTION_19
c0de7b82 c0de7b82        6     2         build/flex/obj/sdk/lib_nbgl/src/nbgl_layout.o:(.text.OUTLINED_FUNCTION_20)
c0de7b82 c0de7b82        0     1                 $t.82
c0de7b83 c0de7b83        6     1                 OUTLINED_FUNCTION_20
c0de7b88 c0de7b88        8     2         build/flex/obj/sdk/lib_nbgl/src/nbgl_layout.o:(.text.OUTLINED_FUNCTION_21)
c0de7b88 c0de7b88        0     1                 $t.83
c0de7b89 c0de7b89        8     1                 OUTLINED_FUNCTION_21
c0de7b90 c0de7b90       24     2         build/flex/obj/sdk/lib_nbgl/src/nbgl_layout.o:(.text.OUTLINED_FUNCTION_22)
c0de7b90 c0de7b90        0     1                 $t.84
c0de7b91 c0de7b91       24     1                 OUTLINED_FUNCTION_22
c0de7bb4 c0de7bb4        6     2         build/flex/obj/sdk/lib_nbgl/src/nbgl_layout.o:(.text.OUTLINED_FUNCTION_23)
c0de7bb4 c0de7bb4        0     1                 $t.85
c0de7bb5 c0de7bb5        6     1                 OUTLINED_FUNCTION_23
c0de7bba c0de7bba       20     2         build/flex/obj/sdk/lib_nbgl/src/nbgl_layout.o:(.text.OUTLINED_FUNCTION_24)
c0de7bba c0de7bba        0     1                 $t.86
c0de7bbb c0de7bbb       20     1                 OUTLINED_FUNCTION_24
c0de7bda c0de7bda        a     2         build/flex/obj/sdk/lib_nbgl/src/nbgl_layout.o:(.text.OUTLINED_FUNCTION_25)
c0de7bda c0de7bda        0     1                 $t.87
c0de7bdb c0de7bdb        a     1                 OUTLINED_FUNCTION_25
c0de7be4 c0de7be4       20     2         build/flex/obj/sdk/lib_nbgl/src/nbgl_layout.o:(.text.OUTLINED_FUNCTION_26)
c0de7be4 c0de7be4        0     1                 $t.88
c0de7be5 c0de7be5       20     1                 OUTLINED_FUNCTION_26
c0de7c04 c0de7c04       20     2         build/flex/obj/sdk/lib_nbgl/src/nbgl_layout.o:(.text.OUTLINED_FUNCTION_27)
c0de7c04 c0de7c04        0     1                 $t.89
c0de7c05 c0de7c05       20     1                 OUTLINED_FUNCTION_27
c0de7c24 c0de7c24       12     2         build/flex/obj/sdk/lib_nbgl/src/nbgl_layout.o:(.text.OUTLINED_FUNCTION_28)
c0de7c24 c0de7c24        0     1                 $t.90
c0de7c25 c0de7c25       12     1                 OUTLINED_FUNCTION_28
c0de7c36 c0de7c36       12     2         build/flex/obj/sdk/lib_nbgl/src/nbgl_layout.o:(.text.OUTLINED_FUNCTION_29)
c0de7c36 c0de7c36        0     1                 $t.91
c0de7c37 c0de7c37       12     1                 OUTLINED_FUNCTION_29
c0de7c48 c0de7c48       1e     2         build/flex/obj/sdk/lib_nbgl/src/nbgl_layout.o:(.text.OUTLINED_FUNCTION_30)
c0de7c48 c0de7c48        0     1                 $t.92
c0de7c49 c0de7c49       1e     1                 OUTLINED_FUNCTION_30
c0de7c66 c0de7c66       12     2         build/flex/obj/sdk/lib_nbgl/src/nbgl_layout.o:(.text.OUTLINED_FUNCTION_31)
c0de7c66 c0de7c66        0     1                 $t.93
c0de7c67 c0de7c67       12     1                 OUTLINED_FUNCTION_31
c0de7c78 c0de7c78       1c     2         build/flex/obj/sdk/lib_nbgl/src/nbgl_layout.o:(.text.OUTLINED_FUNCTION_32)
c0de7c78 c0de7c78        0     1                 $t.94
c0de7c79 c0de7c79       1c     1                 OUTLINED_FUNCTION_32
c0de7c94 c0de7c94       1c     2         build/flex/obj/sdk/lib_nbgl/src/nbgl_layout.o:(.text.OUTLINED_FUNCTION_33)
c0de7c94 c0de7c94        0     1                 $t.95
c0de7c95 c0de7c95       1c     1                 OUTLINED_FUNCTION_33
c0de7cb0 c0de7cb0       18     2         build/flex/obj/sdk/lib_nbgl/src/nbgl_layout.o:(.text.OUTLINED_FUNCTION_34)
c0de7cb0 c0de7cb0        0     1                 $t.96
c0de7cb1 c0de7cb1       18     1                 OUTLINED_FUNCTION_34
c0de7cc8 c0de7cc8        6     2         build/flex/obj/sdk/lib_nbgl/src/nbgl_layout.o:(.text.OUTLINED_FUNCTION_35)
c0de7cc8 c0de7cc8        0     1                 $t.97
c0de7cc9 c0de7cc9        6     1                 OUTLINED_FUNCTION_35
c0de7cce c0de7cce       1c     2         build/flex/obj/sdk/lib_nbgl/src/nbgl_layout.o:(.text.OUTLINED_FUNCTION_36)
c0de7cce c0de7cce        0     1                 $t.98
c0de7ccf c0de7ccf       1c     1                 OUTLINED_FUNCTION_36
c0de7cea c0de7cea       1c     2         build/flex/obj/sdk/lib_nbgl/src/nbgl_layout.o:(.text.OUTLINED_FUNCTION_37)
c0de7cea c0de7cea        0     1                 $t.99
c0de7ceb c0de7ceb       1c     1                 OUTLINED_FUNCTION_37
c0de7d06 c0de7d06       1c     2         build/flex/obj/sdk/lib_nbgl/src/nbgl_layout.o:(.text.OUTLINED_FUNCTION_38)
c0de7d06 c0de7d06        0     1                 $t.100
c0de7d07 c0de7d07       1c     1                 OUTLINED_FUNCTION_38
c0de7d22 c0de7d22       16     2         build/flex/obj/sdk/lib_nbgl/src/nbgl_layout.o:(.text.OUTLINED_FUNCTION_39)
c0de7d22 c0de7d22        0     1                 $t.101
c0de7d23 c0de7d23       16     1                 OUTLINED_FUNCTION_39
c0de7d38 c0de7d38       1a     2         build/flex/obj/sdk/lib_nbgl/src/nbgl_layout.o:(.text.OUTLINED_FUNCTION_40)
c0de7d38 c0de7d38        0     1                 $t.102
c0de7d39 c0de7d39       1a     1                 OUTLINED_FUNCTION_40
c0de7d52 c0de7d52       10     2         build/flex/obj/sdk/lib_nbgl/src/nbgl_layout.o:(.text.OUTLINED_FUNCTION_41)
c0de7d52 c0de7d52        0     1                 $t.103
c0de7d53 c0de7d53       10     1                 OUTLINED_FUNCTION_41
c0de7d62 c0de7d62       10     2         build/flex/obj/sdk/lib_nbgl/src/nbgl_layout.o:(.text.OUTLINED_FUNCTION_42)
c0de7d62 c0de7d62        0     1                 $t.104
c0de7d63 c0de7d63       10     1                 OUTLINED_FUNCTION_42
c0de7d72 c0de7d72        6     2         build/flex/obj/sdk/lib_nbgl/src/nbgl_layout.o:(.text.OUTLINED_FUNCTION_43)
c0de7d72 c0de7d72        0     1                 $t.105
c0de7d73 c0de7d73        6     1                 OUTLINED_FUNCTION_43
c0de7d78 c0de7d78       18     2         build/flex/obj/sdk/lib_nbgl/src/nbgl_layout.o:(.text.OUTLINED_FUNCTION_44)
c0de7d78 c0de7d78        0     1                 $t.106
c0de7d79 c0de7d79       18     1                 OUTLINED_FUNCTION_44
c0de7d90 c0de7d90        e     2         build/flex/obj/sdk/lib_nbgl/src/nbgl_layout.o:(.text.OUTLINED_FUNCTION_45)
c0de7d90 c0de7d90        0     1                 $t.107
c0de7d91 c0de7d91        e     1                 OUTLINED_FUNCTION_45
c0de7d9e c0de7d9e        e     2         build/flex/obj/sdk/lib_nbgl/src/nbgl_layout.o:(.text.OUTLINED_FUNCTION_46)
c0de7d9e c0de7d9e        0     1                 $t.108
c0de7d9f c0de7d9f        e     1                 OUTLINED_FUNCTION_46
c0de7dac c0de7dac        a     2         build/flex/obj/sdk/lib_nbgl/src/nbgl_layout.o:(.text.OUTLINED_FUNCTION_47)
c0de7dac c0de7dac        0     1                 $t.109
c0de7dad c0de7dad        a     1                 OUTLINED_FUNCTION_47
c0de7db6 c0de7db6        e     2         build/flex/obj/sdk/lib_nbgl/src/nbgl_layout.o:(.text.OUTLINED_FUNCTION_48)
c0de7db6 c0de7db6        0     1                 $t.110
c0de7db7 c0de7db7        e     1                 OUTLINED_FUNCTION_48
c0de7dc4 c0de7dc4        6     2         build/flex/obj/sdk/lib_nbgl/src/nbgl_layout.o:(.text.OUTLINED_FUNCTION_49)
c0de7dc4 c0de7dc4        0     1                 $t.111
c0de7dc5 c0de7dc5        6     1                 OUTLINED_FUNCTION_49
c0de7dca c0de7dca       14     2         build/flex/obj/sdk/lib_nbgl/src/nbgl_layout.o:(.text.OUTLINED_FUNCTION_50)
c0de7dca c0de7dca        0     1                 $t.112
c0de7dcb c0de7dcb       14     1                 OUTLINED_FUNCTION_50
c0de7dde c0de7dde        8     2         build/flex/obj/sdk/lib_nbgl/src/nbgl_layout.o:(.text.OUTLINED_FUNCTION_51)
c0de7dde c0de7dde        0     1                 $t.113
c0de7ddf c0de7ddf        8     1                 OUTLINED_FUNCTION_51
c0de7de6 c0de7de6       14     2         build/flex/obj/sdk/lib_nbgl/src/nbgl_layout.o:(.text.OUTLINED_FUNCTION_52)
c0de7de6 c0de7de6        0     1                 $t.114
c0de7de7 c0de7de7       14     1                 OUTLINED_FUNCTION_52
c0de7dfa c0de7dfa       14     2         build/flex/obj/sdk/lib_nbgl/src/nbgl_layout.o:(.text.OUTLINED_FUNCTION_53)
c0de7dfa c0de7dfa        0     1                 $t.115
c0de7dfb c0de7dfb       14     1                 OUTLINED_FUNCTION_53
c0de7e0e c0de7e0e       10     2         build/flex/obj/sdk/lib_nbgl/src/nbgl_layout.o:(.text.OUTLINED_FUNCTION_54)
c0de7e0e c0de7e0e        0     1                 $t.116
c0de7e0f c0de7e0f       10     1                 OUTLINED_FUNCTION_54
c0de7e1e c0de7e1e        a     2         build/flex/obj/sdk/lib_nbgl/src/nbgl_layout.o:(.text.OUTLINED_FUNCTION_55)
c0de7e1e c0de7e1e        0     1                 $t.117
c0de7e1f c0de7e1f        a     1                 OUTLINED_FUNCTION_55
c0de7e28 c0de7e28       12     2         build/flex/obj/sdk/lib_nbgl/src/nbgl_layout.o:(.text.OUTLINED_FUNCTION_56)
c0de7e28 c0de7e28        0     1                 $t.118
c0de7e29 c0de7e29       12     1                 OUTLINED_FUNCTION_56
c0de7e3a c0de7e3a       12     2         build/flex/obj/sdk/lib_nbgl/src/nbgl_layout.o:(.text.OUTLINED_FUNCTION_57)
c0de7e3a c0de7e3a        0     1                 $t.119
c0de7e3b c0de7e3b       12     1                 OUTLINED_FUNCTION_57
c0de7e4c c0de7e4c        a     2         build/flex/obj/sdk/lib_nbgl/src/nbgl_layout.o:(.text.OUTLINED_FUNCTION_58)
c0de7e4c c0de7e4c        0     1                 $t.120
c0de7e4d c0de7e4d        a     1                 OUTLINED_FUNCTION_58
c0de7e56 c0de7e56        c     2         build/flex/obj/sdk/lib_nbgl/src/nbgl_layout.o:(.text.OUTLINED_FUNCTION_59)
c0de7e56 c0de7e56        0     1                 $t.121
c0de7e57 c0de7e57        c     1                 OUTLINED_FUNCTION_59
c0de7e62 c0de7e62        a     2         build/flex/obj/sdk/lib_nbgl/src/nbgl_layout.o:(.text.OUTLINED_FUNCTION_60)
c0de7e62 c0de7e62        0     1                 $t.122
c0de7e63 c0de7e63        a     1                 OUTLINED_FUNCTION_60
c0de7e6c c0de7e6c        c     2         build/flex/obj/sdk/lib_nbgl/src/nbgl_layout.o:(.text.OUTLINED_FUNCTION_61)
c0de7e6c c0de7e6c        0     1                 $t.123
c0de7e6d c0de7e6d        c     1                 OUTLINED_FUNCTION_61
c0de7e78 c0de7e78        8     2         build/flex/obj/sdk/lib_nbgl/src/nbgl_layout.o:(.text.OUTLINED_FUNCTION_62)
c0de7e78 c0de7e78        0     1                 $t.124
c0de7e79 c0de7e79        8     1                 OUTLINED_FUNCTION_62
c0de7e80 c0de7e80        8     2         build/flex/obj/sdk/lib_nbgl/src/nbgl_layout.o:(.text.OUTLINED_FUNCTION_63)
c0de7e80 c0de7e80        0     1                 $t.125
c0de7e81 c0de7e81        8     1                 OUTLINED_FUNCTION_63
c0de7e88 c0de7e88        c     2         build/flex/obj/sdk/lib_nbgl/src/nbgl_layout.o:(.text.OUTLINED_FUNCTION_64)
c0de7e88 c0de7e88        0     1                 $t.126
c0de7e89 c0de7e89        c     1                 OUTLINED_FUNCTION_64
c0de7e94 c0de7e94       10     2         build/flex/obj/sdk/lib_nbgl/src/nbgl_layout.o:(.text.OUTLINED_FUNCTION_65)
c0de7e94 c0de7e94        0     1                 $t.127
c0de7e95 c0de7e95       10     1                 OUTLINED_FUNCTION_65
c0de7ea4 c0de7ea4       10     2         build/flex/obj/sdk/lib_nbgl/src/nbgl_layout.o:(.text.OUTLINED_FUNCTION_66)
c0de7ea4 c0de7ea4        0     1                 $t.128
c0de7ea5 c0de7ea5       10     1                 OUTLINED_FUNCTION_66
c0de7eb4 c0de7eb4        a     2         build/flex/obj/sdk/lib_nbgl/src/nbgl_layout.o:(.text.OUTLINED_FUNCTION_67)
c0de7eb4 c0de7eb4        0     1                 $t.129
c0de7eb5 c0de7eb5        a     1                 OUTLINED_FUNCTION_67
c0de7ebe c0de7ebe        6     2         build/flex/obj/sdk/lib_nbgl/src/nbgl_layout.o:(.text.OUTLINED_FUNCTION_68)
c0de7ebe c0de7ebe        0     1                 $t.130
c0de7ebf c0de7ebf        6     1                 OUTLINED_FUNCTION_68
c0de7ec4 c0de7ec4        c     2         build/flex/obj/sdk/lib_nbgl/src/nbgl_layout.o:(.text.OUTLINED_FUNCTION_69)
c0de7ec4 c0de7ec4        0     1                 $t.131
c0de7ec5 c0de7ec5        c     1                 OUTLINED_FUNCTION_69
c0de7ed0 c0de7ed0        e     2         build/flex/obj/sdk/lib_nbgl/src/nbgl_layout.o:(.text.OUTLINED_FUNCTION_70)
c0de7ed0 c0de7ed0        0     1                 $t.132
c0de7ed1 c0de7ed1        e     1                 OUTLINED_FUNCTION_70
c0de7ede c0de7ede        e     2         build/flex/obj/sdk/lib_nbgl/src/nbgl_layout.o:(.text.OUTLINED_FUNCTION_71)
c0de7ede c0de7ede        0     1                 $t.133
c0de7edf c0de7edf        e     1                 OUTLINED_FUNCTION_71
c0de7eec c0de7eec        e     2         build/flex/obj/sdk/lib_nbgl/src/nbgl_layout.o:(.text.OUTLINED_FUNCTION_72)
c0de7eec c0de7eec        0     1                 $t.134
c0de7eed c0de7eed        e     1                 OUTLINED_FUNCTION_72
c0de7efa c0de7efa        e     2         build/flex/obj/sdk/lib_nbgl/src/nbgl_layout.o:(.text.OUTLINED_FUNCTION_73)
c0de7efa c0de7efa        0     1                 $t.135
c0de7efb c0de7efb        e     1                 OUTLINED_FUNCTION_73
c0de7f08 c0de7f08        6     2         build/flex/obj/sdk/lib_nbgl/src/nbgl_layout.o:(.text.OUTLINED_FUNCTION_74)
c0de7f08 c0de7f08        0     1                 $t.136
c0de7f09 c0de7f09        6     1                 OUTLINED_FUNCTION_74
c0de7f0e c0de7f0e        e     2         build/flex/obj/sdk/lib_nbgl/src/nbgl_layout.o:(.text.OUTLINED_FUNCTION_75)
c0de7f0e c0de7f0e        0     1                 $t.137
c0de7f0f c0de7f0f        e     1                 OUTLINED_FUNCTION_75
c0de7f1c c0de7f1c        e     2         build/flex/obj/sdk/lib_nbgl/src/nbgl_layout.o:(.text.OUTLINED_FUNCTION_76)
c0de7f1c c0de7f1c        0     1                 $t.138
c0de7f1d c0de7f1d        e     1                 OUTLINED_FUNCTION_76
c0de7f2a c0de7f2a        6     2         build/flex/obj/sdk/lib_nbgl/src/nbgl_layout.o:(.text.OUTLINED_FUNCTION_78)
c0de7f2a c0de7f2a        0     1                 $t.140
c0de7f2b c0de7f2b        6     1                 OUTLINED_FUNCTION_78
c0de7f30 c0de7f30        8     2         build/flex/obj/sdk/lib_nbgl/src/nbgl_layout.o:(.text.OUTLINED_FUNCTION_79)
c0de7f30 c0de7f30        0     1                 $t.141
c0de7f31 c0de7f31        8     1                 OUTLINED_FUNCTION_79
c0de7f38 c0de7f38        a     2         build/flex/obj/sdk/lib_nbgl/src/nbgl_layout.o:(.text.OUTLINED_FUNCTION_80)
c0de7f38 c0de7f38        0     1                 $t.142
c0de7f39 c0de7f39        a     1                 OUTLINED_FUNCTION_80
c0de7f42 c0de7f42        e     2         build/flex/obj/sdk/lib_nbgl/src/nbgl_layout.o:(.text.OUTLINED_FUNCTION_81)
c0de7f42 c0de7f42        0     1                 $t.143
c0de7f43 c0de7f43        e     1                 OUTLINED_FUNCTION_81
c0de7f50 c0de7f50       a8     2         build/flex/obj/sdk/lib_nbgl/src/nbgl_layout_navigation.o:(.text.layoutNavigationCallback)
c0de7f50 c0de7f50        0     1                 $t.0
c0de7f51 c0de7f51       a8     1                 layoutNavigationCallback
c0de7ff8 c0de7ff8       40     2         build/flex/obj/sdk/lib_nbgl/src/nbgl_layout_navigation.o:(.text.configButtons)
c0de7ff8 c0de7ff8        0     1                 $t.1
c0de7ff9 c0de7ff9       40     1                 configButtons
c0de8038 c0de8038      204     4         build/flex/obj/sdk/lib_nbgl/src/nbgl_layout_navigation.o:(.text.layoutNavigationPopulate)
c0de8038 c0de8038        0     1                 $t.2
c0de8039 c0de8039      204     1                 layoutNavigationPopulate
c0de8228 c0de8228        0     1                 $d.3
c0de823c c0de823c       1a     2         build/flex/obj/sdk/lib_nbgl/src/nbgl_layout_navigation.o:(.text.OUTLINED_FUNCTION_0)
c0de823c c0de823c        0     1                 $t.4
c0de823d c0de823d       1a     1                 OUTLINED_FUNCTION_0
c0de8256 c0de8256       12     2         build/flex/obj/sdk/lib_nbgl/src/nbgl_layout_navigation.o:(.text.OUTLINED_FUNCTION_1)
c0de8256 c0de8256        0     1                 $t.5
c0de8257 c0de8257       12     1                 OUTLINED_FUNCTION_1
c0de8268 c0de8268       94     4         build/flex/obj/sdk/lib_nbgl/src/nbgl_page.o:(.text.nbgl_pageDrawLedgerInfo)
c0de8268 c0de8268        0     1                 $t.0
c0de8269 c0de8269       94     1                 nbgl_pageDrawLedgerInfo
c0de82f4 c0de82f4        0     1                 $d.1
c0de82fc c0de82fc       14     2         build/flex/obj/sdk/lib_nbgl/src/nbgl_page.o:(.text.addEmptyHeader)
c0de82fc c0de82fc        0     1                 $t.2
c0de82fd c0de82fd       14     1                 addEmptyHeader
c0de8310 c0de8310      1e0     4         build/flex/obj/sdk/lib_nbgl/src/nbgl_page.o:(.text.nbgl_pageDrawInfo)
c0de8310 c0de8310        0     1                 $t.4
c0de8311 c0de8311      1e0     1                 nbgl_pageDrawInfo
c0de84d0 c0de84d0        0     1                 $d.5
c0de84f0 c0de84f0       74     4         build/flex/obj/sdk/lib_nbgl/src/nbgl_page.o:(.text.nbgl_pageDrawConfirmation)
c0de84f0 c0de84f0        0     1                 $t.6
c0de84f1 c0de84f1       74     1                 nbgl_pageDrawConfirmation
c0de8560 c0de8560        0     1                 $d.7
c0de8564 c0de8564      44c     4         build/flex/obj/sdk/lib_nbgl/src/nbgl_page.o:(.text.nbgl_pageDrawGenericContentExt)
c0de8564 c0de8564        0     1                 $t.8
c0de8565 c0de8565      44c     1                 nbgl_pageDrawGenericContentExt
c0de89ac c0de89ac        0     1                 $d.9
c0de89b0 c0de89b0        6     2         build/flex/obj/sdk/lib_nbgl/src/nbgl_page.o:(.text.nbgl_pageDrawGenericContent)
c0de89b0 c0de89b0        0     1                 $t.10
c0de89b1 c0de89b1        6     1                 nbgl_pageDrawGenericContent
c0de89b6 c0de89b6        4     2         build/flex/obj/sdk/lib_nbgl/src/nbgl_page.o:(.text.nbgl_pageRelease)
c0de89b6 c0de89b6        0     1                 $t.11
c0de89b7 c0de89b7        4     1                 nbgl_pageRelease
[...]
c0dec757 c0dec757        a     1         build/flex/gen_src/glyphs.o:(.rodata.C_app_zknox_64px)
c0dec757 c0dec757        a     1                 C_app_zknox_64px
c0dec761 c0dec761      23b     1         build/flex/gen_src/glyphs.o:(.rodata.C_Check_Circle_64px_bitmap)
c0dec761 c0dec761      23b     1                 C_Check_Circle_64px_bitmap
c0dec99c c0dec99c        a     1         build/flex/gen_src/glyphs.o:(.rodata.C_Check_Circle_64px)
c0dec99c c0dec99c        a     1                 C_Check_Circle_64px
c0dec9a6 c0dec9a6      238     1         build/flex/gen_src/glyphs.o:(.rodata.C_Denied_Circle_64px_bitmap)
c0dec9a6 c0dec9a6      238     1                 C_Denied_Circle_64px_bitmap
c0decbde c0decbde        a     1         build/flex/gen_src/glyphs.o:(.rodata.C_Denied_Circle_64px)
c0decbde c0decbde        a     1                 C_Denied_Circle_64px
c0decbe8 c0decbe8      202     1         build/flex/gen_src/glyphs.o:(.rodata.C_Important_Circle_64px_bitmap)
c0decbe8 c0decbe8      202     1                 C_Important_Circle_64px_bitmap
c0decdea c0decdea        a     1         build/flex/gen_src/glyphs.o:(.rodata.C_Important_Circle_64px)
c0decdea c0decdea        a     1                 C_Important_Circle_64px
c0decdf4 c0decdf4      167     1         build/flex/gen_src/glyphs.o:(.rodata.C_Warning_64px_bitmap)
c0decdf4 c0decdf4      167     1                 C_Warning_64px_bitmap
c0decf5b c0decf5b        a     1         build/flex/gen_src/glyphs.o:(.rodata.C_Warning_64px)
c0decf5b c0decf5b        a     1                 C_Warning_64px
c0decf65 c0decf65       94     1         build/flex/gen_src/glyphs.o:(.rodata.C_Back_40px_bitmap)
c0decf65 c0decf65       94     1                 C_Back_40px_bitmap
c0decff9 c0decff9        a     1         build/flex/gen_src/glyphs.o:(.rodata.C_Back_40px)
c0decff9 c0decff9        a     1                 C_Back_40px
c0ded003 c0ded003       5c     1         build/flex/gen_src/glyphs.o:(.rodata.C_Check_40px_bitmap)
c0ded003 c0ded003       5c     1                 C_Check_40px_bitmap
c0ded05f c0ded05f        a     1         build/flex/gen_src/glyphs.o:(.rodata.C_Check_40px)
c0ded05f c0ded05f        a     1                 C_Check_40px
c0ded069 c0ded069       64     1         build/flex/gen_src/glyphs.o:(.rodata.C_Chevron_40px_bitmap)
c0ded069 c0ded069       64     1                 C_Chevron_40px_bitmap
c0ded0cd c0ded0cd        a     1         build/flex/gen_src/glyphs.o:(.rodata.C_Chevron_40px)
c0ded0cd c0ded0cd        a     1                 C_Chevron_40px
c0ded0d7 c0ded0d7       7e     1         build/flex/gen_src/glyphs.o:(.rodata.C_Chevron_Back_40px_bitmap)
c0ded0d7 c0ded0d7       7e     1                 C_Chevron_Back_40px_bitmap
c0ded155 c0ded155        a     1         build/flex/gen_src/glyphs.o:(.rodata.C_Chevron_Back_40px)
c0ded155 c0ded155        a     1                 C_Chevron_Back_40px
c0ded15f c0ded15f       79     1         build/flex/gen_src/glyphs.o:(.rodata.C_Chevron_Next_40px_bitmap)
c0ded15f c0ded15f       79     1                 C_Chevron_Next_40px_bitmap
c0ded1d8 c0ded1d8        a     1         build/flex/gen_src/glyphs.o:(.rodata.C_Chevron_Next_40px)
c0ded1d8 c0ded1d8        a     1                 C_Chevron_Next_40px
c0ded1e2 c0ded1e2       8d     1         build/flex/gen_src/glyphs.o:(.rodata.C_Close_40px_bitmap)
c0ded1e2 c0ded1e2       8d     1                 C_Close_40px_bitmap
c0ded26f c0ded26f        a     1         build/flex/gen_src/glyphs.o:(.rodata.C_Close_40px)
c0ded26f c0ded26f        a     1                 C_Close_40px
c0ded279 c0ded279       39     1         build/flex/gen_src/glyphs.o:(.rodata.C_Info_40px_bitmap)
c0ded279 c0ded279       39     1                 C_Info_40px_bitmap
c0ded2b2 c0ded2b2        a     1         build/flex/gen_src/glyphs.o:(.rodata.C_Info_40px)
c0ded2b2 c0ded2b2        a     1                 C_Info_40px
c0ded2bc c0ded2bc       d6     1         build/flex/gen_src/glyphs.o:(.rodata.C_Mini_Push_40px_bitmap)
c0ded2bc c0ded2bc       d6     1                 C_Mini_Push_40px_bitmap
c0ded392 c0ded392        a     1         build/flex/gen_src/glyphs.o:(.rodata.C_Mini_Push_40px)
c0ded392 c0ded392        a     1                 C_Mini_Push_40px
c0ded39c c0ded39c      1b4     1         build/flex/gen_src/glyphs.o:(.rodata.C_Privacy_40px_bitmap)
c0ded39c c0ded39c      1b4     1                 C_Privacy_40px_bitmap
c0ded550 c0ded550        a     1         build/flex/gen_src/glyphs.o:(.rodata.C_Privacy_40px)
c0ded550 c0ded550        a     1                 C_Privacy_40px
c0ded55a c0ded55a       a1     1         build/flex/gen_src/glyphs.o:(.rodata.C_QRCode_40px_bitmap)
c0ded55a c0ded55a       a1     1                 C_QRCode_40px_bitmap
c0ded5fb c0ded5fb        a     1         build/flex/gen_src/glyphs.o:(.rodata.C_QRCode_40px)
c0ded5fb c0ded5fb        a     1                 C_QRCode_40px
c0ded605 c0ded605      19b     1         build/flex/gen_src/glyphs.o:(.rodata.C_Settings_40px_bitmap)
c0ded605 c0ded605      19b     1                 C_Settings_40px_bitmap
c0ded7a0 c0ded7a0        a     1         build/flex/gen_src/glyphs.o:(.rodata.C_Settings_40px)
c0ded7a0 c0ded7a0        a     1                 C_Settings_40px
c0ded7aa c0ded7aa       ef     1         build/flex/gen_src/glyphs.o:(.rodata.C_Warning_40px_bitmap)
c0ded7aa c0ded7aa       ef     1                 C_Warning_40px_bitmap
c0ded899 c0ded899        a     1         build/flex/gen_src/glyphs.o:(.rodata.C_Warning_40px)
c0ded899 c0ded899        a     1                 C_Warning_40px
c0ded8a3 c0ded8a3      993     1         <internal>:(.text)
c0dee238 c0dee238       20     4         <internal>:(.text)
c0dee258 c0dee258      995     1         build/flex/obj/app/src/handler/zkn_magicbox.o:(.rodata.handler_cmd_verify_dilithium.sig)
c0dee258 c0dee258      995     1                 handler_cmd_verify_dilithium.sig
c0deebed c0deebed      520     1         build/flex/obj/app/src/handler/zkn_magicbox.o:(.rodata.handler_cmd_verify_dilithium.pk)
c0deebed c0deebed      520     1                 handler_cmd_verify_dilithium.pk
c0def110 c0def110        c     4         build/flex/obj/app/src/ui/menu_nbgl.o:(.rodata.settingContents)
c0def110 c0def110        c     1                 settingContents
c0def11c c0def11c       10     4         build/flex/obj/app/src/ui/menu_nbgl.o:(.rodata.infoList)
c0def11c c0def11c       10     1                 infoList
c0def12c c0def12c       38     4         build/flex/obj/app/src/ui/menu_nbgl.o:(.rodata.contents)
c0def12c c0def12c       38     1                 contents
c0def164 c0def164        8     4         build/flex/obj/app/src/ui/menu_nbgl.o:(.rodata.INFO_TYPES)
c0def164 c0def164        8     1                 INFO_TYPES
c0def16c c0def16c        8     4         build/flex/obj/app/src/ui/menu_nbgl.o:(.rodata.INFO_CONTENTS)
c0def16c c0def16c        8     1                 INFO_CONTENTS
c0def178 c0def178       c0     8         build/flex/obj/app/src/zknox/dilithium/fips202.o:(.rodata.pqcrystals_dilithium_fips202_ref_KeccakF_RoundConstants)
c0def178 c0def178       c0     1                 pqcrystals_dilithium_fips202_ref_KeccakF_RoundConstants
c0def238 c0def238      400     4         build/flex/obj/app/src/zknox/dilithium/ntt.o:(.rodata.zetas)
c0def238 c0def238      400     1                 zetas
c0def638 c0def638      100     2         build/flex/obj/app/src/zknox/dilithium/smallntt_3329.o:(.rodata.small_zetas)
c0def638 c0def638      100     1                 small_zetas
c0def738 c0def738        c     4         build/flex/obj/sdk/lib_nbgl/src/nbgl_use_case.o:(.rodata..L__const.nbgl_useCaseStatus.ticker)
c0def738 c0def738        c     1                 .L__const.nbgl_useCaseStatus.ticker
c0def744 c0def744       28     4         build/flex/obj/sdk/lib_nbgl/src/nbgl_use_case.o:(.rodata.blindSigningWarning)
c0def744 c0def744       28     1                 blindSigningWarning
c0def76c c0def76c       36     4         <internal>:(.text)
c0def7a2 c0def7a2        b     1         build/flex/obj/sdk/lib_nbgl/src/nbgl_use_case.o:(.rodata.nbMaxElementsPerContentType)
c0def7a2 c0def7a2        b     1                 nbMaxElementsPerContentType
c0def7b0 c0def7b0       50     4         <internal>:(.text)
c0def800 c0def800       20     4         build/flex/obj/sdk/lib_nbgl/src/nbgl_use_case.o:(.rodata..L__const.displaySkipWarning.info)
c0def800 c0def800       20     1                 .L__const.displaySkipWarning.info
c0def820 c0def820       3c     4         build/flex/obj/sdk/lib_nbgl/src/nbgl_use_case.o:(.rodata.securityReportItems)
c0def820 c0def820       3c     1                 securityReportItems
c0def85c c0def85c       1c     4         build/flex/obj/sdk/lib_nbgl/src/nbgl_use_case.o:(.rodata..L__const.displayCustomizedSecurityReport.layoutDescription)
c0def85c c0def85c       1c     1                 .L__const.displayCustomizedSecurityReport.layoutDescription
c0def878 c0def878       1c     4         build/flex/obj/sdk/lib_nbgl/src/nbgl_use_case.o:(.rodata..L__const.displayInfosListModal.info)
c0def878 c0def878       1c     1                 .L__const.displayInfosListModal.info
c0def894 c0def894       10     4         build/flex/obj/sdk/lib_nbgl/src/nbgl_use_case.o:(.rodata..L__const.displayInitialWarning.buttonsInfo)
c0def894 c0def894       10     1                 .L__const.displayInitialWarning.buttonsInfo
c0def8a4 c0def8a4        0     1         . = ALIGN ( 4 )
c0def8a4 c0def8a4        0     1         _etext = .
c0def8a4 c0def8a4      15c     1         . = ALIGN ( PAGE_SIZE )
c0defa00 c0defa00        0     1         _nvram_data = .
c0defa00 c0defa00        3     1         build/flex/obj/app/src/app_main.o:(.rodata.N_storage_real)
c0defa00 c0defa00        3     1                 N_storage_real
c0defa03 c0defa03      1fd     1         . = ALIGN ( PAGE_SIZE )
c0defc00 c0defc00        0     1         _envram_data = .
c0defc00 c0defc00        0     1         _install_parameters = .
c0defc00 c0defc00      168     1         build/flex/obj/sdk/src/app_metadata.o:(.install_parameters)
c0defc00 c0defc00      168     1                 install_parameters
c0defd68 c0defd68        0     1         _einstall_parameters = .
c0defd68 c0defd68        0     1         _nvram_end = .
d0000000 d0000000        0     1 .data
d0000000 d0000000        0     1         . = ALIGN ( 4 )
d0000000 d0000000        0     1         _data = .
d0000000 d0000000        0     1         _edata = .
d0000000 d0000000        0     1 
da7a0000 da7a0000     1dd4     8 .bss
da7a0000 da7a0000        0     1         _bss = .
da7a0000 da7a0000      2d8     8         build/flex/obj/app/src/app_main.o:(.bss.G_context)
da7a0000 da7a0000      2d8     1                 G_context
da7a02d8 da7a02d8     10f8     8         build/flex/obj/app/src/app_main.o:(.bss.g_zknox)
da7a02d8 da7a02d8     10f8     1                 g_zknox
da7a13d0 da7a13d0       1c     4         build/flex/obj/app/src/ui/menu_nbgl.o:(.bss..L_MergedGlobals)
da7a13d0 da7a13d0       1c     1                 .L_MergedGlobals
da7a13d0 da7a13d0        1     1                 initSettingPage
da7a13d4 da7a13d4       18     1                 switches
da7a13ec da7a13ec       2b     4         build/flex/obj/app/src/ui/nbgl_display_address.o:(.bss.g_address)
da7a13ec da7a13ec       2b     1                 g_address
da7a1418 da7a1418       7f     4         build/flex/obj/app/src/ui/nbgl_display_transaction.o:(.bss..L_MergedGlobals)
da7a1418 da7a1418       7f     1                 .L_MergedGlobals
da7a1418 da7a1418       14     1                 pairList
da7a142c da7a142c       1e     1                 g_amount
da7a144c da7a144c       20     1                 pairs
da7a146c da7a146c       2b     1                 g_address
da7a1497 da7a1497      111     1         build/flex/obj/sdk/io/src/os_io.o:(.bss.G_io_tx_buffer)
da7a1497 da7a1497      111     1                 G_io_tx_buffer
da7a15a8 da7a15a8      111     1         build/flex/obj/sdk/io/src/os_io.o:(.bss.G_io_rx_buffer)
da7a15a8 da7a15a8      111     1                 G_io_rx_buffer
da7a16bc da7a16bc        c     4         build/flex/obj/sdk/io_legacy/src/os_io_legacy.o:(.bss.G_io_app)
da7a16bc da7a16bc        c     1                 G_io_app
da7a16c8 da7a16c8        2     1         build/flex/obj/sdk/io_legacy/src/os_io_legacy.o:(.bss..L_MergedGlobals)
da7a16c8 da7a16c8        2     1                 .L_MergedGlobals
da7a16c8 da7a16c8        1     1                 need_to_start_io
da7a16c9 da7a16c9        1     1                 io_os_legacy_apdu_type
da7a16cc da7a16cc      21c     4         build/flex/obj/sdk/lib_nbgl/src/nbgl_layout.o:(.bss.gLayout)
da7a16cc da7a16cc      21c     1                 gLayout
da7a18e8 da7a18e8        8     4         build/flex/obj/sdk/lib_nbgl/src/nbgl_layout.o:(.bss..L_MergedGlobals)
da7a18e8 da7a18e8        8     1                 .L_MergedGlobals
da7a18e8 da7a18e8        1     1                 nbTouchableControls
da7a18ec da7a18ec        4     1                 topLayout
da7a18f0 da7a18f0        b     1         build/flex/obj/sdk/lib_nbgl/src/nbgl_layout_navigation.o:(.bss.navText)
da7a18f0 da7a18f0        b     1                 navText
da7a18fc da7a18fc       6c     4         build/flex/obj/sdk/lib_nbgl/src/nbgl_use_case.o:(.bss.genericContext)
da7a18fc da7a18fc       6c     1                 genericContext
da7a1968 da7a1968       a8     4         build/flex/obj/sdk/lib_nbgl/src/nbgl_use_case.o:(.bss.localContentsList)
da7a1968 da7a1968       a8     1                 localContentsList
da7a1a10 da7a1a10       38     4         build/flex/obj/sdk/lib_nbgl/src/nbgl_use_case.o:(.bss.addressConfirmationContext)
da7a1a10 da7a1a10       38     1                 addressConfirmationContext
da7a1a48 da7a1a48       80     4         build/flex/obj/sdk/lib_nbgl/src/nbgl_use_case.o:(.bss.tmpString)
da7a1a48 da7a1a48       80     1                 tmpString
da7a1ac8 da7a1ac8       80     1         build/flex/obj/sdk/lib_nbgl/src/nbgl_use_case.o:(.bss.genericContextPagesInfo)
da7a1ac8 da7a1ac8       80     1                 genericContextPagesInfo
da7a1b48 da7a1b48       80     1         build/flex/obj/sdk/lib_nbgl/src/nbgl_use_case.o:(.bss.reducedAddress)
da7a1b48 da7a1b48       80     1                 reducedAddress
da7a1bc8 da7a1bc8       7c     4         build/flex/obj/sdk/lib_nbgl/src/nbgl_use_case.o:(.bss..L_MergedGlobals)
da7a1bc8 da7a1bc8       7c     1                 .L_MergedGlobals
da7a1bc8 da7a1bc8        1     1                 navType
da7a1bcc da7a1bcc        4     1                 onQuit
da7a1bd0 da7a1bd0        4     1                 onNav
da7a1bd4 da7a1bd4        4     1                 onControls
da7a1bd8 da7a1bd8        4     1                 pageTitle
da7a1bdc da7a1bdc        4     1                 pageContext
da7a1be0 da7a1be0        4     1                 onChoice
da7a1be4 da7a1be4        4     1                 onModalConfirm
da7a1be8 da7a1be8        4     1                 modalPageContext
da7a1bec da7a1bec        4     1                 onAction
da7a1bf0 da7a1bf0        4     1                 onContinue
da7a1bf4 da7a1bf4        4     1                 onContentAction
da7a1bf8 da7a1bf8       10     1                 detailsContext
da7a1c08 da7a1c08       10     1                 displayDetailsPage.currentPair
da7a1c18 da7a1c18       10     1                 modalContextPagesInfo
da7a1c28 da7a1c28       1c     1                 navInfo
da7a1c44 da7a1c44       48     4         build/flex/obj/sdk/lib_nbgl/src/nbgl_use_case.o:(.bss..L_MergedGlobals.77)
da7a1c44 da7a1c44       48     1                 .L_MergedGlobals.77
da7a1c44 da7a1c44       20     1                 activeTipBox
da7a1c64 da7a1c64       28     1                 bundleNavContext
da7a1c8c da7a1c8c      110     1         build/flex/obj/sdk/lib_standard_app/io.o:(.bss.G_io_seproxyhal_spi_buffer)
da7a1c8c da7a1c8c      110     1                 G_io_seproxyhal_spi_buffer
da7a1d9c da7a1d9c        1     1         build/flex/obj/sdk/lib_standard_app/io.o:(.bss.need_to_start_io)
da7a1d9c da7a1d9c        1     1                 need_to_start_io
da7a1da0 da7a1da0       20     4         build/flex/obj/sdk/lib_standard_app/main.o:(.bss.G_ux_params)
da7a1da0 da7a1da0       20     1                 G_ux_params
da7a1dc0 da7a1dc0        1     1         build/flex/obj/sdk/lib_u2f_legacy/src/u2f_legacy.o:(.bss.G_io_u2f)
da7a1dc0 da7a1dc0        1     1                 G_io_u2f
da7a1dc4 da7a1dc4        a     4         build/flex/obj/sdk/lib_ux_nbgl/ux.o:(.bss..L_MergedGlobals)
da7a1dc4 da7a1dc4        a     1                 .L_MergedGlobals
da7a1dc4 da7a1dc4        4     1                 nbTicks
da7a1dc8 da7a1dc8        6     1                 pos
da7a1dce da7a1dce        0     1         _ebss = .
da7a1dce da7a1dce        2     1         . = ALIGN ( 4 )
da7a1dd0 da7a1dd0        0     1         app_stack_canary = .
da7a1dd0 da7a1dd0        4     1         . += 4
da7a1dd4 da7a1dd4        0     1         _stack = .
da7a1dd4 da7a1dd4        0     1         _estack = ABSOLUTE ( END_STACK )
da7a1dd4 da7a1dd4        0     1 
d0000000 d0000000       10     4 DEBUG
d0000000 d0000000       10     4         <internal>:(.ARM.exidx)
       0        0       5d     1 .comment
       0        0       5d     1         <internal>:(.comment)
       0        0        4     1 ledger.target
       0        0        4     1         build/flex/obj/sdk/src/app_metadata.o:(ledger.target)
       0        0        4     1                 target
       0        0        b     1 ledger.target_name
       0        0        b     1         build/flex/obj/sdk/src/app_metadata.o:(ledger.target_name)
       0        0        b     1                 target_name
       0        0        a     1 ledger.target_id
       0        0        a     1         build/flex/obj/sdk/src/app_metadata.o:(ledger.target_id)
       0        0        a     1                 target_id
       0        0        5     1 ledger.app_name
       0        0        5     1         build/flex/obj/sdk/src/app_metadata.o:(ledger.app_name)
       0        0        5     1                 app_name
       0        0        5     1 ledger.app_version
       0        0        5     1         build/flex/obj/sdk/src/app_metadata.o:(ledger.app_version)
       0        0        5     1                 app_version
       0        0        2     1 ledger.api_level
       0        0        2     1         build/flex/obj/sdk/src/app_metadata.o:(ledger.api_level)
       0        0        2     1                 api_level
       0        0       11     1 ledger.sdk_name
       0        0       11     1         build/flex/obj/sdk/src/app_metadata.o:(ledger.sdk_name)
       0        0       11     1                 sdk_name
       0        0        7     1 ledger.sdk_version
       0        0        7     1         build/flex/obj/sdk/src/app_metadata.o:(ledger.sdk_version)
       0        0        7     1                 sdk_version
       0        0       28     1 ledger.sdk_hash
       0        0       28     1         build/flex/obj/sdk/src/app_metadata.o:(ledger.sdk_hash)
       0        0       28     1                 sdk_hash
       0        0        4     1 ledger.sdk_graphics
       0        0        4     1         build/flex/obj/sdk/src/app_metadata.o:(ledger.sdk_graphics)
       0        0        4     1                 sdk_graphics
d0000010 d0000010        0     1 PROVIDE ( _nvram = ABSOLUTE ( _nvram_start ) )
d0000010 d0000010        0     1 PROVIDE ( _envram = ABSOLUTE ( _nvram_end ) )
       0        0       45     1 .ARM.attributes
       0        0       45     1         build/flex/gen_src/glyphs.o:(.ARM.attributes)
       0        0     5710     4 .symtab
       0        0     5710     4         <internal>:(.symtab)
       0        0       f8     1 .shstrtab
       0        0       f8     1         <internal>:(.shstrtab)
       0        0     4914     1 .strtab
       0        0     4914     1         <internal>:(.strtab)
