     VMA      LMA     Size Align Out     In      Symbol
       0        0        0     1 PAGE_SIZE = 512
       0        0        0     1 STACK_MIN_SIZE = DEFINED ( stack_min_size ) ? stack_min_size : 1500
       0        0        0     1 END_STACK = ORIGIN ( SRAM ) + LENGTH ( SRAM )
c0de0000 c0de0000     fd68     8 .text
c0de0000 c0de0000        0     1         _text = .
c0de0000 c0de0000        0     1         _nvram_start = .
c0de0000 c0de0000       14     2         build/flex/obj/sdk/lib_standard_app/main.o:(.boot)
c0de0000 c0de0000        0     1                 $t.3
c0de0001 c0de0001       14     1                 main
c0de0014 c0de0014        0     1         _code = .
c0de0014 c0de0014       4a     2         build/flex/obj/app/src/address.o:(.text.address_from_pubkey)
c0de0014 c0de0014        0     1                 $t.0
c0de0015 c0de0015       4a     1                 address_from_pubkey
c0de005e c0de005e      224     2         build/flex/obj/app/src/apdu/dispatcher.o:(.text.apdu_dispatcher)
c0de005e c0de005e        0     1                 $t.0
c0de005f c0de005f      224     1                 apdu_dispatcher
c0de0282 c0de0282        e     2         build/flex/obj/app/src/apdu/dispatcher.o:(.text.io_send_sw)
c0de0282 c0de0282        0     1                 $t.1
c0de0283 c0de0283        e     1                 io_send_sw
c0de0290 c0de0290        8     2         build/flex/obj/app/src/apdu/dispatcher.o:(.text.OUTLINED_FUNCTION_0)
c0de0290 c0de0290        0     1                 $t.2
c0de0291 c0de0291        8     1                 OUTLINED_FUNCTION_0
c0de0298 c0de0298       88     4         build/flex/obj/app/src/app_main.o:(.text.app_main)
c0de0298 c0de0298        0     1                 $t.0
c0de0299 c0de0299       88     1                 app_main
c0de0310 c0de0310        0     1                 $d.1
c0de0320 c0de0320       28     4         build/flex/obj/app/src/handler/get_app_name.o:(.text.handler_get_app_name)
c0de0320 c0de0320        0     1                 $t.0
c0de0321 c0de0321       28     1                 handler_get_app_name
c0de0344 c0de0344        0     1                 $d.1
c0de0348 c0de0348       98     4         build/flex/obj/app/src/handler/get_public_key.o:(.text.handler_get_public_key)
c0de0348 c0de0348        0     1                 $t.0
c0de0349 c0de0349       98     1                 handler_get_public_key
c0de03dc c0de03dc        0     1                 $d.1
c0de03e0 c0de03e0        e     2         build/flex/obj/app/src/handler/get_public_key.o:(.text.io_send_sw)
c0de03e0 c0de03e0        0     1                 $t.2
c0de03e1 c0de03e1        e     1                 io_send_sw
c0de03ee c0de03ee       2e     2         build/flex/obj/app/src/handler/get_version.o:(.text.handler_get_version)
c0de03ee c0de03ee        0     1                 $t.0
c0de03ef c0de03ef       2e     1                 handler_get_version
c0de041c c0de041c      128     4         build/flex/obj/app/src/handler/sign_tx.o:(.text.handler_sign_tx)
c0de041c c0de041c        0     1                 $t.0
c0de041d c0de041d      128     1                 handler_sign_tx
c0de053c c0de053c        0     1                 $d.1
c0de0544 c0de0544        e     2         build/flex/obj/app/src/handler/sign_tx.o:(.text.io_send_sw)
c0de0544 c0de0544        0     1                 $t.2
c0de0545 c0de0545        e     1                 io_send_sw
c0de0552 c0de0552       10     2         build/flex/obj/app/src/handler/zkn_magicbox.o:(.text.handler_cmd_dummy)
c0de0552 c0de0552        0     1                 $t.0
c0de0553 c0de0553       10     1                 handler_cmd_dummy
c0de0562 c0de0562       16     2         build/flex/obj/app/src/handler/zkn_magicbox.o:(.text.io_send_response_pointer)
c0de0562 c0de0562        0     1                 $t.1
c0de0563 c0de0563       16     1                 io_send_response_pointer
c0de0578 c0de0578        e     2         build/flex/obj/app/src/handler/zkn_magicbox.o:(.text.io_send_sw)
c0de0578 c0de0578        0     1                 $t.2
c0de0579 c0de0579        e     1                 io_send_sw
c0de0586 c0de0586       30     2         build/flex/obj/app/src/handler/zkn_magicbox.o:(.text.handler_cmd_keccakH)
c0de0586 c0de0586        0     1                 $t.3
c0de0587 c0de0587       30     1                 handler_cmd_keccakH
c0de05b8 c0de05b8       70     4         build/flex/obj/app/src/handler/zkn_magicbox.o:(.text.handler_cmd_keccak_prng)
c0de05b8 c0de05b8        0     1                 $t.4
c0de05b9 c0de05b9       70     1                 handler_cmd_keccak_prng
c0de0624 c0de0624        0     1                 $d.5
c0de0628 c0de0628       22     2         build/flex/obj/app/src/handler/zkn_magicbox.o:(.text.handler_cmd_sample_in_ball)
c0de0628 c0de0628        0     1                 $t.6
c0de0629 c0de0629       22     1                 handler_cmd_sample_in_ball
c0de064c c0de064c       34     4         build/flex/obj/app/src/handler/zkn_magicbox.o:(.text.handler_cmd_keygen_core_dilithium)
c0de064c c0de064c        0     1                 $t.7
c0de064d c0de064d       34     1                 handler_cmd_keygen_core_dilithium
c0de067c c0de067c        0     1                 $d.8
c0de0680 c0de0680       24     2         build/flex/obj/app/src/handler/zkn_magicbox.o:(.text.handler_cmd_keygen_dilithium)
c0de0680 c0de0680        0     1                 $t.9
c0de0681 c0de0681       24     1                 handler_cmd_keygen_dilithium
c0de06a4 c0de06a4       c8     4         build/flex/obj/app/src/handler/zkn_magicbox.o:(.text.handler_cmd_sign_dilithium)
c0de06a4 c0de06a4        0     1                 $t.10
c0de06a5 c0de06a5       c8     1                 handler_cmd_sign_dilithium
c0de0768 c0de0768        0     1                 $d.11
c0de076c c0de076c       44     4         build/flex/obj/app/src/handler/zkn_magicbox.o:(.text.handler_cmd_verify_dilithium)
c0de076c c0de076c        0     1                 $t.12
c0de076d c0de076d       44     1                 handler_cmd_verify_dilithium
c0de07a8 c0de07a8        0     1                 $d.13
c0de07b0 c0de07b0       20     4         build/flex/obj/app/src/handler/zkn_magicbox.o:(.text.handler_cmd_get_sig_chunk)
c0de07b0 c0de07b0        0     1                 $t.14
c0de07b1 c0de07b1       20     1                 handler_cmd_get_sig_chunk
c0de07cc c0de07cc        0     1                 $d.15
c0de07d0 c0de07d0       20     4         build/flex/obj/app/src/handler/zkn_magicbox.o:(.text.handler_cmd_get_pk_chunk)
c0de07d0 c0de07d0        0     1                 $t.16
c0de07d1 c0de07d1       20     1                 handler_cmd_get_pk_chunk
c0de07ec c0de07ec        0     1                 $d.17
c0de07f0 c0de07f0       c0     4         build/flex/obj/app/src/handler/zkn_magicbox.o:(.text.handler_get_mldsa_seed)
c0de07f0 c0de07f0        0     1                 $t.18
c0de07f1 c0de07f1       c0     1                 handler_get_mldsa_seed
c0de08a8 c0de08a8        0     1                 $d.19
c0de08b0 c0de08b0        8     2         build/flex/obj/app/src/handler/zkn_magicbox.o:(.text.OUTLINED_FUNCTION_0)
c0de08b0 c0de08b0        0     1                 $t.20
c0de08b1 c0de08b1        8     1                 OUTLINED_FUNCTION_0
c0de08b8 c0de08b8        8     2         build/flex/obj/app/src/handler/zkn_magicbox.o:(.text.OUTLINED_FUNCTION_1)
c0de08b8 c0de08b8        0     1                 $t.21
c0de08b9 c0de08b9        8     1                 OUTLINED_FUNCTION_1
c0de08c0 c0de08c0       44     4         build/flex/obj/app/src/helper/send_reponse.o:(.text.helper_send_response_pubkey)
c0de08c0 c0de08c0        0     1                 $t.0
c0de08c1 c0de08c1       44     1                 helper_send_response_pubkey
c0de0900 c0de0900        0     1                 $d.1
c0de0904 c0de0904       18     2         build/flex/obj/app/src/helper/send_reponse.o:(.text.io_send_response_pointer)
c0de0904 c0de0904        0     1                 $t.2
c0de0905 c0de0905       18     1                 io_send_response_pointer
c0de091c c0de091c       44     4         build/flex/obj/app/src/helper/send_reponse.o:(.text.helper_send_response_sig)
c0de091c c0de091c        0     1                 $t.3
c0de091d c0de091d       44     1                 helper_send_response_sig
c0de095c c0de095c        0     1                 $d.4
c0de0960 c0de0960       be     2         build/flex/obj/app/src/transaction/deserialize.o:(.text.transaction_deserialize)
c0de0960 c0de0960        0     1                 $t.0
c0de0961 c0de0961       be     1                 transaction_deserialize
c0de0a1e c0de0a1e       3a     2         build/flex/obj/app/src/transaction/utils.o:(.text.transaction_utils_check_encoding)
c0de0a1e c0de0a1e        0     1                 $t.0
c0de0a1f c0de0a1f       3a     1                 transaction_utils_check_encoding
c0de0a58 c0de0a58        e     2         build/flex/obj/app/src/ui/action/validate.o:(.text.validate_pubkey)
c0de0a58 c0de0a58        0     1                 $t.0
c0de0a59 c0de0a59        e     1                 validate_pubkey
c0de0a66 c0de0a66        e     2         build/flex/obj/app/src/ui/action/validate.o:(.text.io_send_sw)
c0de0a66 c0de0a66        0     1                 $t.1
c0de0a67 c0de0a67        e     1                 io_send_sw
c0de0a74 c0de0a74       a4     4         build/flex/obj/app/src/ui/action/validate.o:(.text.validate_transaction)
c0de0a74 c0de0a74        0     1                 $t.2
c0de0a75 c0de0a75       a4     1                 validate_transaction
c0de0b14 c0de0b14        0     1                 $d.3
c0de0b18 c0de0b18        6     2         build/flex/obj/app/src/ui/menu_nbgl.o:(.text.app_quit)
c0de0b18 c0de0b18        0     1                 $t.0
c0de0b19 c0de0b19        6     1                 app_quit
c0de0b20 c0de0b20       98     4         build/flex/obj/app/src/ui/menu_nbgl.o:(.text.ui_menu_main)
c0de0b20 c0de0b20        0     1                 $t.1
c0de0b21 c0de0b21       98     1                 ui_menu_main
c0de0b8c c0de0b8c        0     1                 $d.2
c0de0bb8 c0de0bb8       b4     4         build/flex/obj/app/src/ui/menu_nbgl.o:(.text.controls_callback)
c0de0bb8 c0de0bb8        0     1                 $t.3
c0de0bb9 c0de0bb9       b4     1                 controls_callback
c0de0c44 c0de0c44        0     1                 $d.4
c0de0c6c c0de0c6c       7c     4         build/flex/obj/app/src/ui/menu_nbgl.o:(.text.review_warning_choice)
c0de0c6c c0de0c6c        0     1                 $t.5
c0de0c6d c0de0c6d       7c     1                 review_warning_choice
c0de0ccc c0de0ccc        0     1                 $d.6
c0de0ce8 c0de0ce8        6     2         build/flex/obj/app/src/ui/menu_nbgl.o:(.text.OUTLINED_FUNCTION_0)
c0de0ce8 c0de0ce8        0     1                 $t.7
c0de0ce9 c0de0ce9        6     1                 OUTLINED_FUNCTION_0
c0de0cf0 c0de0cf0       a4     4         build/flex/obj/app/src/ui/nbgl_display_address.o:(.text.ui_display_address)
c0de0cf0 c0de0cf0        0     1                 $t.0
c0de0cf1 c0de0cf1       a4     1                 ui_display_address
c0de0d80 c0de0d80        0     1                 $d.1
c0de0d94 c0de0d94        e     2         build/flex/obj/app/src/ui/nbgl_display_address.o:(.text.io_send_sw)
c0de0d94 c0de0d94        0     1                 $t.2
c0de0d95 c0de0d95        e     1                 io_send_sw
c0de0da4 c0de0da4       20     4         build/flex/obj/app/src/ui/nbgl_display_address.o:(.text.review_choice)
c0de0da4 c0de0da4        0     1                 $t.3
c0de0da5 c0de0da5       20     1                 review_choice
c0de0dc0 c0de0dc0        0     1                 $d.4
c0de0dc4 c0de0dc4      144     4         build/flex/obj/app/src/ui/nbgl_display_transaction.o:(.text.ui_display_transaction_bs_choice)
c0de0dc4 c0de0dc4        0     1                 $t.0
c0de0dc5 c0de0dc5      144     1                 ui_display_transaction_bs_choice
c0de0edc c0de0edc        0     1                 $d.1
c0de0f08 c0de0f08        e     2         build/flex/obj/app/src/ui/nbgl_display_transaction.o:(.text.io_send_sw)
c0de0f08 c0de0f08        0     1                 $t.2
c0de0f09 c0de0f09        e     1                 io_send_sw
c0de0f18 c0de0f18       1c     4         build/flex/obj/app/src/ui/nbgl_display_transaction.o:(.text.review_choice)
c0de0f18 c0de0f18        0     1                 $t.3
c0de0f19 c0de0f19       1c     1                 review_choice
c0de0f30 c0de0f30        0     1                 $d.4
c0de0f34 c0de0f34        6     2         build/flex/obj/app/src/ui/nbgl_display_transaction.o:(.text.ui_display_blind_signed_transaction)
c0de0f34 c0de0f34        0     1                 $t.5
c0de0f35 c0de0f35        6     1                 ui_display_blind_signed_transaction
c0de0f3a c0de0f3a        6     2         build/flex/obj/app/src/ui/nbgl_display_transaction.o:(.text.ui_display_transaction)
c0de0f3a c0de0f3a        0     1                 $t.6
c0de0f3b c0de0f3b        6     1                 ui_display_transaction
c0de0f40 c0de0f40       10     2         build/flex/obj/app/src/zknox/dilithium/fips202.o:(.text.pqcrystals_dilithium_fips202_ref_shake128_init)
c0de0f40 c0de0f40        0     1                 $t.0
c0de0f41 c0de0f41       10     1                 pqcrystals_dilithium_fips202_ref_shake128_init
c0de0f50 c0de0f50       14     2         build/flex/obj/app/src/zknox/dilithium/fips202.o:(.text.keccak_init)
c0de0f50 c0de0f50        0     1                 $t.1
c0de0f51 c0de0f51       14     1                 keccak_init
c0de0f64 c0de0f64       16     2         build/flex/obj/app/src/zknox/dilithium/fips202.o:(.text.pqcrystals_dilithium_fips202_ref_shake128_absorb)
c0de0f64 c0de0f64        0     1                 $t.2
c0de0f65 c0de0f65       16     1                 pqcrystals_dilithium_fips202_ref_shake128_absorb
c0de0f7a c0de0f7a       7c     2         build/flex/obj/app/src/zknox/dilithium/fips202.o:(.text.keccak_absorb)
c0de0f7a c0de0f7a        0     1                 $t.3
c0de0f7b c0de0f7b       7c     1                 keccak_absorb
c0de0ff6 c0de0ff6       16     2         build/flex/obj/app/src/zknox/dilithium/fips202.o:(.text.pqcrystals_dilithium_fips202_ref_shake128_finalize)
c0de0ff6 c0de0ff6        0     1                 $t.4
c0de0ff7 c0de0ff7       16     1                 pqcrystals_dilithium_fips202_ref_shake128_finalize
c0de100c c0de100c       32     2         build/flex/obj/app/src/zknox/dilithium/fips202.o:(.text.keccak_finalize)
c0de100c c0de100c        0     1                 $t.5
c0de100d c0de100d       32     1                 keccak_finalize
c0de103e c0de103e       16     2         build/flex/obj/app/src/zknox/dilithium/fips202.o:(.text.pqcrystals_dilithium_fips202_ref_shake128_squeeze)
c0de103e c0de103e        0     1                 $t.6
c0de103f c0de103f       16     1                 pqcrystals_dilithium_fips202_ref_shake128_squeeze
c0de1054 c0de1054       52     2         build/flex/obj/app/src/zknox/dilithium/fips202.o:(.text.keccak_squeeze)
c0de1054 c0de1054        0     1                 $t.7
c0de1055 c0de1055       52     1                 keccak_squeeze
c0de10a6 c0de10a6       e8     2         build/flex/obj/app/src/zknox/dilithium/fips202.o:(.text.keccak_absorb_once)
c0de10a6 c0de10a6        0     1                 $t.9
c0de10a7 c0de10a7       e8     1                 keccak_absorb_once
c0de118e c0de118e        6     2         build/flex/obj/app/src/zknox/dilithium/fips202.o:(.text.pqcrystals_dilithium_fips202_ref_shake128_squeezeblocks)
c0de118e c0de118e        0     1                 $t.10
c0de118f c0de118f        6     1                 pqcrystals_dilithium_fips202_ref_shake128_squeezeblocks
c0de1194 c0de1194       40     2         build/flex/obj/app/src/zknox/dilithium/fips202.o:(.text.keccak_squeezeblocks)
c0de1194 c0de1194        0     1                 $t.11
c0de1195 c0de1195       40     1                 keccak_squeezeblocks
c0de11d4 c0de11d4       10     2         build/flex/obj/app/src/zknox/dilithium/fips202.o:(.text.pqcrystals_dilithium_fips202_ref_shake256_init)
c0de11d4 c0de11d4        0     1                 $t.12
c0de11d5 c0de11d5       10     1                 pqcrystals_dilithium_fips202_ref_shake256_init
c0de11e4 c0de11e4       16     2         build/flex/obj/app/src/zknox/dilithium/fips202.o:(.text.pqcrystals_dilithium_fips202_ref_shake256_absorb)
c0de11e4 c0de11e4        0     1                 $t.13
c0de11e5 c0de11e5       16     1                 pqcrystals_dilithium_fips202_ref_shake256_absorb
c0de11fa c0de11fa       16     2         build/flex/obj/app/src/zknox/dilithium/fips202.o:(.text.pqcrystals_dilithium_fips202_ref_shake256_finalize)
c0de11fa c0de11fa        0     1                 $t.14
c0de11fb c0de11fb       16     1                 pqcrystals_dilithium_fips202_ref_shake256_finalize
c0de1210 c0de1210       16     2         build/flex/obj/app/src/zknox/dilithium/fips202.o:(.text.pqcrystals_dilithium_fips202_ref_shake256_squeeze)
c0de1210 c0de1210        0     1                 $t.15
c0de1211 c0de1211       16     1                 pqcrystals_dilithium_fips202_ref_shake256_squeeze
c0de1226 c0de1226       1c     2         build/flex/obj/app/src/zknox/dilithium/fips202.o:(.text.pqcrystals_dilithium_fips202_ref_shake256_absorb_once)
c0de1226 c0de1226        0     1                 $t.16
c0de1227 c0de1227       1c     1                 pqcrystals_dilithium_fips202_ref_shake256_absorb_once
c0de1242 c0de1242        6     2         build/flex/obj/app/src/zknox/dilithium/fips202.o:(.text.pqcrystals_dilithium_fips202_ref_shake256_squeezeblocks)
c0de1242 c0de1242        0     1                 $t.17
c0de1243 c0de1243        6     1                 pqcrystals_dilithium_fips202_ref_shake256_squeezeblocks
c0de1248 c0de1248       3a     2         build/flex/obj/app/src/zknox/dilithium/fips202.o:(.text.pqcrystals_dilithium_fips202_ref_shake256)
c0de1248 c0de1248        0     1                 $t.19
c0de1249 c0de1249       3a     1                 pqcrystals_dilithium_fips202_ref_shake256
c0de1284 c0de1284      e9a     4         build/flex/obj/app/src/zknox/dilithium/fips202.o:(.text.KeccakF1600_StatePermute)
c0de1284 c0de1284        0     1                 $t.21
c0de1285 c0de1285      e9a     1                 KeccakF1600_StatePermute
c0de137c c0de137c        0     1                 $d.22
c0de1380 c0de1380        0     1                 $t.23
c0de211e c0de211e       22     2         build/flex/obj/app/src/zknox/dilithium/fips202.o:(.text.store64)
c0de211e c0de211e        0     1                 $t.24
c0de211f c0de211f       22     1                 store64
c0de2140 c0de2140       10     2         build/flex/obj/app/src/zknox/dilithium/fips202.o:(.text.OUTLINED_FUNCTION_0)
c0de2140 c0de2140        0     1                 $t.26
c0de2141 c0de2141       10     1                 OUTLINED_FUNCTION_0
c0de2150 c0de2150       10     2         build/flex/obj/app/src/zknox/dilithium/fips202.o:(.text.OUTLINED_FUNCTION_2)
c0de2150 c0de2150        0     1                 $t.28
c0de2151 c0de2151       10     1                 OUTLINED_FUNCTION_2
c0de2160 c0de2160        6     2         build/flex/obj/app/src/zknox/dilithium/fips202.o:(.text.OUTLINED_FUNCTION_3)
c0de2160 c0de2160        0     1                 $t.29
c0de2161 c0de2161        6     1                 OUTLINED_FUNCTION_3
c0de2166 c0de2166        8     2         build/flex/obj/app/src/zknox/dilithium/keccak256.o:(.text.keccak_init)
c0de2166 c0de2166        0     1                 $t.1
c0de2167 c0de2167        8     1                 keccak_init
c0de216e c0de216e        4     2         build/flex/obj/app/src/zknox/dilithium/keccak256.o:(.text.keccak_update)
c0de216e c0de216e        0     1                 $t.2
c0de216f c0de216f        4     1                 keccak_update
c0de2172 c0de2172        4     2         build/flex/obj/app/src/zknox/dilithium/keccak256.o:(.text.keccak_final)
c0de2172 c0de2172        0     1                 $t.3
c0de2173 c0de2173        4     1                 keccak_final
c0de2176 c0de2176       22     2         build/flex/obj/app/src/zknox/dilithium/keccak_prng.o:(.text.inner_keccak256_init)
c0de2176 c0de2176        0     1                 $t.0
c0de2177 c0de2177       22     1                 inner_keccak256_init
c0de2198 c0de2198       24     2         build/flex/obj/app/src/zknox/dilithium/keccak_prng.o:(.text.inner_keccak256_inject)
c0de2198 c0de2198        0     1                 $t.1
c0de2199 c0de2199       24     1                 inner_keccak256_inject
c0de21bc c0de21bc       2c     2         build/flex/obj/app/src/zknox/dilithium/keccak_prng.o:(.text.inner_keccak256_flip)
c0de21bc c0de21bc        0     1                 $t.2
c0de21bd c0de21bd       2c     1                 inner_keccak256_flip
c0de21e8 c0de21e8      108     2         build/flex/obj/app/src/zknox/dilithium/keccak_prng.o:(.text.inner_keccak256_extract)
c0de21e8 c0de21e8        0     1                 $t.3
c0de21e9 c0de21e9      108     1                 inner_keccak256_extract
c0de22f0 c0de22f0       2c     2         build/flex/obj/app/src/zknox/dilithium/lowram.o:(.text.pqcrystals_dilithium2_lowram_pack_sig_h)
c0de22f0 c0de22f0        0     1                 $t.3
c0de22f1 c0de22f1       2c     1                 pqcrystals_dilithium2_lowram_pack_sig_h
c0de231c c0de231c       18     2         build/flex/obj/app/src/zknox/dilithium/lowram.o:(.text.pqcrystals_dilithium2_lowram_pack_sig_h_zero)
c0de231c c0de231c        0     1                 $t.4
c0de231d c0de231d       18     1                 pqcrystals_dilithium2_lowram_pack_sig_h_zero
c0de2334 c0de2334       6a     2         build/flex/obj/app/src/zknox/dilithium/lowram.o:(.text.poly_challenge_compress)
c0de2334 c0de2334        0     1                 $t.8
c0de2335 c0de2335       6a     1                 poly_challenge_compress
c0de239e c0de239e       64     2         build/flex/obj/app/src/zknox/dilithium/lowram.o:(.text.poly_challenge_decompress)
c0de239e c0de239e        0     1                 $t.9
c0de239f c0de239f       64     1                 poly_challenge_decompress
c0de2402 c0de2402       f4     2         build/flex/obj/app/src/zknox/dilithium/lowram.o:(.text.poly_schoolbook)
c0de2402 c0de2402        0     1                 $t.10
c0de2403 c0de2403       f4     1                 poly_schoolbook
c0de24f6 c0de24f6       96     2         build/flex/obj/app/src/zknox/dilithium/lowram.o:(.text.polyt0_unpack_idx)
c0de24f6 c0de24f6        0     1                 $t.11
c0de24f7 c0de24f7       96     1                 polyt0_unpack_idx
c0de258c c0de258c      108     4         build/flex/obj/app/src/zknox/dilithium/lowram.o:(.text.poly_schoolbook_t1)
c0de258c c0de258c        0     1                 $t.12
c0de258d c0de258d      108     1                 poly_schoolbook_t1
c0de2690 c0de2690        0     1                 $d.13
c0de2694 c0de2694       46     2         build/flex/obj/app/src/zknox/dilithium/lowram.o:(.text.polyt1_unpack_idx)
c0de2694 c0de2694        0     1                 $t.14
c0de2695 c0de2695       46     1                 polyt1_unpack_idx
c0de26da c0de26da       3c     2         build/flex/obj/app/src/zknox/dilithium/lowram.o:(.text.polyw_pack)
c0de26da c0de26da        0     1                 $t.15
c0de26db c0de26db       3c     1                 polyw_pack
c0de2716 c0de2716       30     2         build/flex/obj/app/src/zknox/dilithium/lowram.o:(.text.polyw_unpack)
c0de2716 c0de2716        0     1                 $t.16
c0de2717 c0de2717       30     1                 polyw_unpack
c0de2746 c0de2746       30     2         build/flex/obj/app/src/zknox/dilithium/lowram.o:(.text.polyw_sub)
c0de2746 c0de2746        0     1                 $t.17
c0de2747 c0de2747       30     1                 polyw_sub
c0de2776 c0de2776       30     2         build/flex/obj/app/src/zknox/dilithium/lowram.o:(.text.poly_highbits)
c0de2776 c0de2776        0     1                 $t.18
c0de2777 c0de2777       30     1                 poly_highbits
c0de27a8 c0de27a8       60     4         build/flex/obj/app/src/zknox/dilithium/lowram.o:(.text.poly_lowbits)
c0de27a8 c0de27a8        0     1                 $t.19
c0de27a9 c0de27a9       60     1                 poly_lowbits
c0de27fc c0de27fc        0     1                 $d.20
c0de2808 c0de2808        e     2         build/flex/obj/app/src/zknox/dilithium/lowram.o:(.text.unpack_sk_s1)
c0de2808 c0de2808        0     1                 $t.21
c0de2809 c0de2809        e     1                 unpack_sk_s1
c0de2816 c0de2816       10     2         build/flex/obj/app/src/zknox/dilithium/lowram.o:(.text.unpack_sk_s2)
c0de2816 c0de2816        0     1                 $t.22
c0de2817 c0de2817       10     1                 unpack_sk_s2
c0de2828 c0de2828       5c     4         build/flex/obj/app/src/zknox/dilithium/lowram.o:(.text.poly_uniform_pointwise_montgomery_polywadd_lowram)
c0de2828 c0de2828        0     1                 $t.23
c0de2829 c0de2829       5c     1                 poly_uniform_pointwise_montgomery_polywadd_lowram
c0de2880 c0de2880        0     1                 $d.24
c0de2884 c0de2884       2a     2         build/flex/obj/app/src/zknox/dilithium/lowram.o:(.text.polyw_add_idx)
c0de2884 c0de2884        0     1                 $t.25
c0de2885 c0de2885       2a     1                 polyw_add_idx
c0de28ae c0de28ae       42     2         build/flex/obj/app/src/zknox/dilithium/lowram.o:(.text.poly_uniform_gamma1_lowram)
c0de28ae c0de28ae        0     1                 $t.28
c0de28af c0de28af       42     1                 poly_uniform_gamma1_lowram
c0de28f0 c0de28f0       58     2         build/flex/obj/app/src/zknox/dilithium/lowram.o:(.text.polyz_unpack_inplace)
c0de28f0 c0de28f0        0     1                 $t.29
c0de28f1 c0de28f1       58     1                 polyz_unpack_inplace
c0de2948 c0de2948       46     2         build/flex/obj/app/src/zknox/dilithium/lowram.o:(.text.poly_uniform_gamma1_add_lowram)
c0de2948 c0de2948        0     1                 $t.31
c0de2949 c0de2949       46     1                 poly_uniform_gamma1_add_lowram
c0de2990 c0de2990       74     4         build/flex/obj/app/src/zknox/dilithium/lowram.o:(.text.poly_make_hint_lowram)
c0de2990 c0de2990        0     1                 $t.33
c0de2991 c0de2991       74     1                 poly_make_hint_lowram
c0de2a00 c0de2a00        0     1                 $d.34
c0de2a04 c0de2a04       7c     2         build/flex/obj/app/src/zknox/dilithium/lowram.o:(.text.unpack_sig_h_indices)
c0de2a04 c0de2a04        0     1                 $t.35
c0de2a05 c0de2a05       7c     1                 unpack_sig_h_indices
c0de2a80 c0de2a80       3e     2         build/flex/obj/app/src/zknox/dilithium/lowram.o:(.text.poly_use_hint_lowram)
c0de2a80 c0de2a80        0     1                 $t.36
c0de2a81 c0de2a81       3e     1                 poly_use_hint_lowram
c0de2abe c0de2abe       10     2         build/flex/obj/app/src/zknox/dilithium/lowram.o:(.text.pack_pk_rho)
c0de2abe c0de2abe        0     1                 $t.37
c0de2abf c0de2abf       10     1                 pack_pk_rho
c0de2ace c0de2ace        e     2         build/flex/obj/app/src/zknox/dilithium/lowram.o:(.text.pack_pk_t1)
c0de2ace c0de2ace        0     1                 $t.38
c0de2acf c0de2acf        e     1                 pack_pk_t1
c0de2adc c0de2adc        e     2         build/flex/obj/app/src/zknox/dilithium/lowram.o:(.text.pack_sk_s1)
c0de2adc c0de2adc        0     1                 $t.39
c0de2add c0de2add        e     1                 pack_sk_s1
c0de2aea c0de2aea       10     2         build/flex/obj/app/src/zknox/dilithium/lowram.o:(.text.pack_sk_s2)
c0de2aea c0de2aea        0     1                 $t.40
c0de2aeb c0de2aeb       10     1                 pack_sk_s2
c0de2afa c0de2afa       10     2         build/flex/obj/app/src/zknox/dilithium/lowram.o:(.text.pack_sk_t0)
c0de2afa c0de2afa        0     1                 $t.41
c0de2afb c0de2afb       10     1                 pack_sk_t0
c0de2b0a c0de2b0a       10     2         build/flex/obj/app/src/zknox/dilithium/lowram.o:(.text.pack_sk_rho)
c0de2b0a c0de2b0a        0     1                 $t.42
c0de2b0b c0de2b0b       10     1                 pack_sk_rho
c0de2b1a c0de2b1a       12     2         build/flex/obj/app/src/zknox/dilithium/lowram.o:(.text.pack_sk_key)
c0de2b1a c0de2b1a        0     1                 $t.43
c0de2b1b c0de2b1b       12     1                 pack_sk_key
c0de2b2c c0de2b2c       12     2         build/flex/obj/app/src/zknox/dilithium/lowram.o:(.text.pack_sk_tr)
c0de2b2c c0de2b2c        0     1                 $t.44
c0de2b2d c0de2b2d       12     1                 pack_sk_tr
c0de2b3e c0de2b3e       b2     2         build/flex/obj/app/src/zknox/dilithium/lowram.o:(.text.poly_challenge_lowram)
c0de2b3e c0de2b3e        0     1                 $t.45
c0de2b3f c0de2b3f       b2     1                 poly_challenge_lowram
c0de2bf0 c0de2bf0       2c     2         build/flex/obj/app/src/zknox/dilithium/lowram.o:(.text.pqcrystals_dilithium2_lowram_poly_pointwise_acc_montgomery)
c0de2bf0 c0de2bf0        0     1                 $t.46
c0de2bf1 c0de2bf1       2c     1                 pqcrystals_dilithium2_lowram_poly_pointwise_acc_montgomery
c0de2c1c c0de2c1c       18     2         build/flex/obj/app/src/zknox/dilithium/lowram.o:(.text.OUTLINED_FUNCTION_0)
c0de2c1c c0de2c1c        0     1                 $t.47
c0de2c1d c0de2c1d       18     1                 OUTLINED_FUNCTION_0
c0de2c34 c0de2c34       12     2         build/flex/obj/app/src/zknox/dilithium/lowram.o:(.text.OUTLINED_FUNCTION_1)
c0de2c34 c0de2c34        0     1                 $t.48
c0de2c35 c0de2c35       12     1                 OUTLINED_FUNCTION_1
c0de2c46 c0de2c46        c     2         build/flex/obj/app/src/zknox/dilithium/lowram.o:(.text.OUTLINED_FUNCTION_2)
c0de2c46 c0de2c46        0     1                 $t.49
c0de2c47 c0de2c47        c     1                 OUTLINED_FUNCTION_2
c0de2c52 c0de2c52        8     2         build/flex/obj/app/src/zknox/dilithium/lowram.o:(.text.OUTLINED_FUNCTION_3)
c0de2c52 c0de2c52        0     1                 $t.50
c0de2c53 c0de2c53        8     1                 OUTLINED_FUNCTION_3
c0de2c5a c0de2c5a        a     2         build/flex/obj/app/src/zknox/dilithium/lowram.o:(.text.OUTLINED_FUNCTION_4)
c0de2c5a c0de2c5a        0     1                 $t.51
c0de2c5b c0de2c5b        a     1                 OUTLINED_FUNCTION_4
c0de2c64 c0de2c64       68     4         build/flex/obj/app/src/zknox/dilithium/ntt.o:(.text.pqcrystals_dilithium2_lowram_ntt)
c0de2c64 c0de2c64        0     1                 $t.0
c0de2c65 c0de2c65       68     1                 pqcrystals_dilithium2_lowram_ntt
c0de2cc8 c0de2cc8        0     1                 $d.1
c0de2ccc c0de2ccc       94     4         build/flex/obj/app/src/zknox/dilithium/ntt.o:(.text.pqcrystals_dilithium2_lowram_invntt_tomont)
c0de2ccc c0de2ccc        0     1                 $t.2
c0de2ccd c0de2ccd       94     1                 pqcrystals_dilithium2_lowram_invntt_tomont
c0de2d5c c0de2d5c        0     1                 $d.3
c0de2d60 c0de2d60       1e     2         build/flex/obj/app/src/zknox/dilithium/poly.o:(.text.pqcrystals_dilithium2_lowram_poly_reduce)
c0de2d60 c0de2d60        0     1                 $t.0
c0de2d61 c0de2d61       1e     1                 pqcrystals_dilithium2_lowram_poly_reduce
c0de2d7e c0de2d7e       1e     2         build/flex/obj/app/src/zknox/dilithium/poly.o:(.text.pqcrystals_dilithium2_lowram_poly_caddq)
c0de2d7e c0de2d7e        0     1                 $t.1
c0de2d7f c0de2d7f       1e     1                 pqcrystals_dilithium2_lowram_poly_caddq
c0de2d9c c0de2d9c       1e     2         build/flex/obj/app/src/zknox/dilithium/poly.o:(.text.pqcrystals_dilithium2_lowram_poly_add)
c0de2d9c c0de2d9c        0     1                 $t.2
c0de2d9d c0de2d9d       1e     1                 pqcrystals_dilithium2_lowram_poly_add
c0de2dba c0de2dba        4     2         build/flex/obj/app/src/zknox/dilithium/poly.o:(.text.pqcrystals_dilithium2_lowram_poly_ntt)
c0de2dba c0de2dba        0     1                 $t.5
c0de2dbb c0de2dbb        4     1                 pqcrystals_dilithium2_lowram_poly_ntt
c0de2dbe c0de2dbe        4     2         build/flex/obj/app/src/zknox/dilithium/poly.o:(.text.pqcrystals_dilithium2_lowram_poly_invntt_tomont)
c0de2dbe c0de2dbe        0     1                 $t.6
c0de2dbf c0de2dbf        4     1                 pqcrystals_dilithium2_lowram_poly_invntt_tomont
c0de2dc2 c0de2dc2       26     2         build/flex/obj/app/src/zknox/dilithium/poly.o:(.text.pqcrystals_dilithium2_lowram_poly_pointwise_montgomery)
c0de2dc2 c0de2dc2        0     1                 $t.7
c0de2dc3 c0de2dc3       26     1                 pqcrystals_dilithium2_lowram_poly_pointwise_montgomery
c0de2de8 c0de2de8       1c     2         build/flex/obj/app/src/zknox/dilithium/poly.o:(.text.pqcrystals_dilithium2_lowram_poly_power2round)
c0de2de8 c0de2de8        0     1                 $t.8
c0de2de9 c0de2de9       1c     1                 pqcrystals_dilithium2_lowram_poly_power2round
c0de2e04 c0de2e04       2c     4         build/flex/obj/app/src/zknox/dilithium/poly.o:(.text.pqcrystals_dilithium2_lowram_poly_chknorm)
c0de2e04 c0de2e04        0     1                 $t.12
c0de2e05 c0de2e05       2c     1                 pqcrystals_dilithium2_lowram_poly_chknorm
c0de2e2c c0de2e2c        0     1                 $d.13
c0de2e30 c0de2e30       82     2         build/flex/obj/app/src/zknox/dilithium/poly.o:(.text.pqcrystals_dilithium2_lowram_poly_uniform)
c0de2e30 c0de2e30        0     1                 $t.14
c0de2e31 c0de2e31       82     1                 pqcrystals_dilithium2_lowram_poly_uniform
c0de2eb4 c0de2eb4       44     4         build/flex/obj/app/src/zknox/dilithium/poly.o:(.text.rej_uniform)
c0de2eb4 c0de2eb4        0     1                 $t.15
c0de2eb5 c0de2eb5       44     1                 rej_uniform
c0de2ef4 c0de2ef4        0     1                 $d.16
c0de2ef8 c0de2ef8       4c     2         build/flex/obj/app/src/zknox/dilithium/poly.o:(.text.pqcrystals_dilithium2_lowram_poly_uniform_eta)
c0de2ef8 c0de2ef8        0     1                 $t.17
c0de2ef9 c0de2ef9       4c     1                 pqcrystals_dilithium2_lowram_poly_uniform_eta
c0de2f44 c0de2f44       56     2         build/flex/obj/app/src/zknox/dilithium/poly.o:(.text.rej_eta)
c0de2f44 c0de2f44        0     1                 $t.18
c0de2f45 c0de2f45       56     1                 rej_eta
c0de2f9a c0de2f9a       a0     2         build/flex/obj/app/src/zknox/dilithium/poly.o:(.text.pqcrystals_dilithium2_lowram_polyz_unpack)
c0de2f9a c0de2f9a        0     1                 $t.20
c0de2f9b c0de2f9b       a0     1                 pqcrystals_dilithium2_lowram_polyz_unpack
c0de303a c0de303a       aa     2         build/flex/obj/app/src/zknox/dilithium/poly.o:(.text.pqcrystals_dilithium2_lowram_poly_challenge)
c0de303a c0de303a        0     1                 $t.21
c0de303b c0de303b       aa     1                 pqcrystals_dilithium2_lowram_poly_challenge
c0de30e4 c0de30e4       7c     2         build/flex/obj/app/src/zknox/dilithium/poly.o:(.text.pqcrystals_dilithium2_lowram_polyeta_pack)
c0de30e4 c0de30e4        0     1                 $t.22
c0de30e5 c0de30e5       7c     1                 pqcrystals_dilithium2_lowram_polyeta_pack
c0de3160 c0de3160       48     2         build/flex/obj/app/src/zknox/dilithium/poly.o:(.text.pqcrystals_dilithium2_lowram_polyt1_pack)
c0de3160 c0de3160        0     1                 $t.25
c0de3161 c0de3161       48     1                 pqcrystals_dilithium2_lowram_polyt1_pack
c0de31a8 c0de31a8       aa     2         build/flex/obj/app/src/zknox/dilithium/poly.o:(.text.pqcrystals_dilithium2_lowram_polyt0_pack)
c0de31a8 c0de31a8        0     1                 $t.27
c0de31a9 c0de31a9       aa     1                 pqcrystals_dilithium2_lowram_polyt0_pack
c0de3252 c0de3252       62     2         build/flex/obj/app/src/zknox/dilithium/poly.o:(.text.pqcrystals_dilithium2_lowram_polyz_pack)
c0de3252 c0de3252        0     1                 $t.29
c0de3253 c0de3253       62     1                 pqcrystals_dilithium2_lowram_polyz_pack
c0de32b4 c0de32b4       46     2         build/flex/obj/app/src/zknox/dilithium/poly.o:(.text.pqcrystals_dilithium2_lowram_polyw1_pack)
c0de32b4 c0de32b4        0     1                 $t.30
c0de32b5 c0de32b5       46     1                 pqcrystals_dilithium2_lowram_polyw1_pack
c0de32fa c0de32fa        a     2         build/flex/obj/app/src/zknox/dilithium/poly.o:(.text.OUTLINED_FUNCTION_0)
c0de32fa c0de32fa        0     1                 $t.31
c0de32fb c0de32fb        a     1                 OUTLINED_FUNCTION_0
c0de3304 c0de3304        c     2         build/flex/obj/app/src/zknox/dilithium/poly.o:(.text.OUTLINED_FUNCTION_1)
c0de3304 c0de3304        0     1                 $t.32
c0de3305 c0de3305        c     1                 OUTLINED_FUNCTION_1
c0de3310 c0de3310        4     2         build/flex/obj/app/src/zknox/dilithium/randombytes.o:(.text.randombytes)
c0de3310 c0de3310        0     1                 $t.0
c0de3311 c0de3311        4     1                 randombytes
c0de3314 c0de3314       18     4         build/flex/obj/app/src/zknox/dilithium/reduce.o:(.text.pqcrystals_dilithium2_lowram_montgomery_reduce)
c0de3314 c0de3314        0     1                 $t.0
c0de3315 c0de3315       18     1                 pqcrystals_dilithium2_lowram_montgomery_reduce
c0de3324 c0de3324        0     1                 $d.1
c0de332c c0de332c       14     4         build/flex/obj/app/src/zknox/dilithium/reduce.o:(.text.pqcrystals_dilithium2_lowram_reduce32)
c0de332c c0de332c        0     1                 $t.2
c0de332d c0de332d       14     1                 pqcrystals_dilithium2_lowram_reduce32
c0de333c c0de333c        0     1                 $d.3
c0de3340 c0de3340       10     4         build/flex/obj/app/src/zknox/dilithium/reduce.o:(.text.pqcrystals_dilithium2_lowram_caddq)
c0de3340 c0de3340        0     1                 $t.4
c0de3341 c0de3341       10     1                 pqcrystals_dilithium2_lowram_caddq
c0de334c c0de334c        0     1                 $d.5
c0de3350 c0de3350       20     4         build/flex/obj/app/src/zknox/dilithium/reduce.o:(.text.pqcrystals_dilithium2_lowram_freeze)
c0de3350 c0de3350        0     1                 $t.6
c0de3351 c0de3351       20     1                 pqcrystals_dilithium2_lowram_freeze
c0de3368 c0de3368        0     1                 $d.7
c0de3370 c0de3370       14     2         build/flex/obj/app/src/zknox/dilithium/rounding.o:(.text.pqcrystals_dilithium2_lowram_power2round)
c0de3370 c0de3370        0     1                 $t.0
c0de3371 c0de3371       14     1                 pqcrystals_dilithium2_lowram_power2round
c0de3384 c0de3384       40     4         build/flex/obj/app/src/zknox/dilithium/rounding.o:(.text.pqcrystals_dilithium2_lowram_decompose)
c0de3384 c0de3384        0     1                 $t.1
c0de3385 c0de3385       40     1                 pqcrystals_dilithium2_lowram_decompose
c0de33b8 c0de33b8        0     1                 $d.2
c0de33c4 c0de33c4       2a     2         build/flex/obj/app/src/zknox/dilithium/rounding.o:(.text.pqcrystals_dilithium2_lowram_use_hint)
c0de33c4 c0de33c4        0     1                 $t.5
c0de33c5 c0de33c5       2a     1                 pqcrystals_dilithium2_lowram_use_hint
c0de33ee c0de33ee       22     2         build/flex/obj/app/src/zknox/dilithium/sign.o:(.text.pqcrystals_dilithium2_lowram_keypair)
c0de33ee c0de33ee        0     1                 $t.0
c0de33ef c0de33ef       22     1                 pqcrystals_dilithium2_lowram_keypair
c0de3410 c0de3410      1ac     4         build/flex/obj/app/src/zknox/dilithium/sign.o:(.text.crypto_sign_keypair_core)
c0de3410 c0de3410        0     1                 $t.1
c0de3411 c0de3411      1ac     1                 crypto_sign_keypair_core
c0de35b8 c0de35b8        0     1                 $d.2
c0de35bc c0de35bc       58     4         build/flex/obj/app/src/zknox/dilithium/sign.o:(.text.crypto_sign_signature_init)
c0de35bc c0de35bc        0     1                 $t.3
c0de35bd c0de35bd       58     1                 crypto_sign_signature_init
c0de360c c0de360c        0     1                 $d.4
c0de3614 c0de3614       18     4         build/flex/obj/app/src/zknox/dilithium/sign.o:(.text.crypto_sign_signature_absorb)
c0de3614 c0de3614        0     1                 $t.5
c0de3615 c0de3615       18     1                 crypto_sign_signature_absorb
c0de3628 c0de3628        0     1                 $d.6
c0de362c c0de362c      318     4         build/flex/obj/app/src/zknox/dilithium/sign.o:(.text.crypto_sign_signature_core)
c0de362c c0de362c        0     1                 $t.7
c0de362d c0de362d      318     1                 crypto_sign_signature_core
c0de3938 c0de3938        0     1                 $d.8
c0de3944 c0de3944      230     4         build/flex/obj/app/src/zknox/dilithium/sign.o:(.text.pqcrystals_dilithium2_lowram_verify)
c0de3944 c0de3944        0     1                 $t.11
c0de3945 c0de3945      230     1                 pqcrystals_dilithium2_lowram_verify
c0de3b68 c0de3b68        0     1                 $d.12
c0de3b74 c0de3b74       5c     2         build/flex/obj/app/src/zknox/dilithium/sign.o:(.text.pqcrystals_dilithium2_lowram_open)
c0de3b74 c0de3b74        0     1                 $t.13
c0de3b75 c0de3b75       5c     1                 pqcrystals_dilithium2_lowram_open
c0de3bd0 c0de3bd0        a     2         build/flex/obj/app/src/zknox/dilithium/sign.o:(.text.OUTLINED_FUNCTION_0)
c0de3bd0 c0de3bd0        0     1                 $t.14
c0de3bd1 c0de3bd1        a     1                 OUTLINED_FUNCTION_0
c0de3bdc c0de3bdc       7c     4         build/flex/obj/app/src/zknox/dilithium/smallntt_3329.o:(.text.small_ntt)
c0de3bdc c0de3bdc        0     1                 $t.0
c0de3bdd c0de3bdd       7c     1                 small_ntt
c0de3c50 c0de3c50        0     1                 $d.1
c0de3c58 c0de3c58       e4     4         build/flex/obj/app/src/zknox/dilithium/smallntt_3329.o:(.text.small_invntt_tomont)
c0de3c58 c0de3c58        0     1                 $t.2
c0de3c59 c0de3c59       e4     1                 small_invntt_tomont
c0de3d30 c0de3d30        0     1                 $d.3
c0de3d3c c0de3d3c       78     4         build/flex/obj/app/src/zknox/dilithium/smallntt_3329.o:(.text.small_basemul)
c0de3d3c c0de3d3c        0     1                 $t.4
c0de3d3d c0de3d3d       78     1                 small_basemul
c0de3db0 c0de3db0        0     1                 $d.5
c0de3db4 c0de3db4       18     2         build/flex/obj/app/src/zknox/dilithium/smallpoly.o:(.text.poly_small_ntt_copy)
c0de3db4 c0de3db4        0     1                 $t.0
c0de3db5 c0de3db5       18     1                 poly_small_ntt_copy
c0de3dcc c0de3dcc       58     4         build/flex/obj/app/src/zknox/dilithium/smallpoly.o:(.text.poly_small_basemul)
c0de3dcc c0de3dcc        0     1                 $t.3
c0de3dcd c0de3dcd       58     1                 poly_small_basemul
c0de3e20 c0de3e20        0     1                 $d.4
c0de3e24 c0de3e24       22     2         build/flex/obj/app/src/zknox/dilithium/smallpoly.o:(.text.poly_small_basemul_invntt)
c0de3e24 c0de3e24        0     1                 $t.5
c0de3e25 c0de3e25       22     1                 poly_small_basemul_invntt
c0de3e46 c0de3e46       a4     2         build/flex/obj/app/src/zknox/dilithium/smallpoly.o:(.text.small_polyeta_unpack)
c0de3e46 c0de3e46        0     1                 $t.7
c0de3e47 c0de3e47       a4     1                 small_polyeta_unpack
c0de3eea c0de3eea       28     2         build/flex/obj/app/src/zknox/dilithium/symmetric-shake.o:(.text.pqcrystals_dilithium2_lowram_dilithium_shake128_stream_init)
c0de3eea c0de3eea        0     1                 $t.0
c0de3eeb c0de3eeb       28     1                 pqcrystals_dilithium2_lowram_dilithium_shake128_stream_init
c0de3f12 c0de3f12       28     2         build/flex/obj/app/src/zknox/dilithium/symmetric-shake.o:(.text.pqcrystals_dilithium2_lowram_dilithium_shake256_stream_init)
c0de3f12 c0de3f12        0     1                 $t.1
c0de3f13 c0de3f13       28     1                 pqcrystals_dilithium2_lowram_dilithium_shake256_stream_init
c0de3f3a c0de3f3a       12     2         build/flex/obj/app/src/zknox/dilithium/symmetric-shake.o:(.text.OUTLINED_FUNCTION_0)
c0de3f3a c0de3f3a        0     1                 $t.2
c0de3f3b c0de3f3b       12     1                 OUTLINED_FUNCTION_0
c0de3f4c c0de3f4c       d6     2         build/flex/obj/sdk/io/src/os_io_default_apdu.o:(.text.os_io_handle_default_apdu)
c0de3f4c c0de3f4c        0     1                 $t.0
c0de3f4d c0de3f4d       d6     1                 os_io_handle_default_apdu
c0de4022 c0de4022        e     2         build/flex/obj/sdk/io/src/os_io_default_apdu.o:(.text.OUTLINED_FUNCTION_0)
c0de4022 c0de4022        0     1                 $t.1
c0de4023 c0de4023        e     1                 OUTLINED_FUNCTION_0
c0de4030 c0de4030       54     2         build/flex/obj/sdk/io/src/os_io_seph_cmd.o:(.text.os_io_seph_cmd_piezo_play_tune)
c0de4030 c0de4030        0     1                 $t.20
c0de4031 c0de4031       54     1                 os_io_seph_cmd_piezo_play_tune
c0de4084 c0de4084        6     2         build/flex/obj/sdk/io/src/os_io_seph_cmd.o:(.text.OUTLINED_FUNCTION_1)
c0de4084 c0de4084        0     1                 $t.31
c0de4085 c0de4085        6     1                 OUTLINED_FUNCTION_1
c0de408c c0de408c       98     4         build/flex/obj/sdk/io/src/os_io_seph_ux.o:(.text.io_process_itc_ux_event)
c0de408c c0de408c        0     1                 $t.2
c0de408d c0de408d       98     1                 io_process_itc_ux_event
c0de4120 c0de4120        0     1                 $d.3
c0de4124 c0de4124       34     4         build/flex/obj/sdk/io_legacy/src/os_io_legacy.o:(.text.io_legacy_apdu_tx)
c0de4124 c0de4124        0     1                 $t.12
c0de4125 c0de4125       34     1                 io_legacy_apdu_tx
c0de414c c0de414c        0     1                 $d.13
c0de4158 c0de4158      258     4         build/flex/obj/sdk/io_legacy/src/os_io_legacy.o:(.text.io_legacy_apdu_rx)
c0de4158 c0de4158        0     1                 $t.14
c0de4159 c0de4159      258     1                 io_legacy_apdu_rx
c0de4390 c0de4390        0     1                 $d.15
c0de43b0 c0de43b0       40     4         build/flex/obj/sdk/io_legacy/src/os_io_legacy.o:(.text.io_seproxyhal_init)
c0de43b0 c0de43b0        0     1                 $t.16
c0de43b1 c0de43b1       40     1                 io_seproxyhal_init
c0de43e8 c0de43e8        0     1                 $d.17
c0de43f0 c0de43f0        c     2         build/flex/obj/sdk/io_legacy/src/os_io_legacy.o:(.text.OUTLINED_FUNCTION_0)
c0de43f0 c0de43f0        0     1                 $t.21
c0de43f1 c0de43f1        c     1                 OUTLINED_FUNCTION_0
c0de43fc c0de43fc       42     2         build/flex/obj/sdk/lib_nbgl/src/nbgl_layout.o:(.text.layoutAddCallbackObj)
c0de43fc c0de43fc        0     1                 $t.0
c0de43fd c0de43fd       42     1                 layoutAddCallbackObj
c0de4440 c0de4440      1d0     4         build/flex/obj/sdk/lib_nbgl/src/nbgl_layout.o:(.text.nbgl_layoutGet)
c0de4440 c0de4440        0     1                 $t.2
c0de4441 c0de4441      1d0     1                 nbgl_layoutGet
c0de4600 c0de4600        0     1                 $d.3
c0de4610 c0de4610      30a     2         build/flex/obj/sdk/lib_nbgl/src/nbgl_layout.o:(.text.touchCallback)
c0de4610 c0de4610        0     1                 $t.4
c0de4611 c0de4611      30a     1                 touchCallback
c0de491c c0de491c      5f4     4         build/flex/obj/sdk/lib_nbgl/src/nbgl_layout.o:(.text.nbgl_layoutAddUpFooter)
c0de491c c0de491c        0     1                 $t.5
c0de491d c0de491d      5f4     1                 nbgl_layoutAddUpFooter
c0de4d30 c0de4d30        0     1                 $d.6
c0de4d38 c0de4d38        0     1                 $t.7
c0de4f10 c0de4f10       82     2         build/flex/obj/sdk/lib_nbgl/src/nbgl_layout.o:(.text.nbgl_layoutAddSwipe)
c0de4f10 c0de4f10        0     1                 $t.8
c0de4f11 c0de4f11       82     1                 nbgl_layoutAddSwipe
c0de4f92 c0de4f92       36     2         build/flex/obj/sdk/lib_nbgl/src/nbgl_layout.o:(.text.addSwipeInternal)
c0de4f92 c0de4f92        0     1                 $t.9
c0de4f93 c0de4f93       36     1                 addSwipeInternal
c0de4fc8 c0de4fc8       7c     2         build/flex/obj/sdk/lib_nbgl/src/nbgl_layout.o:(.text.nbgl_layoutAddTopRightButton)
c0de4fc8 c0de4fc8        0     1                 $t.11
c0de4fc9 c0de4fc9       7c     1                 nbgl_layoutAddTopRightButton
c0de5044 c0de5044      71c     2         build/flex/obj/sdk/lib_nbgl/src/nbgl_layout.o:(.text.nbgl_layoutAddExtendedFooter)
c0de5044 c0de5044        0     1                 $t.13
c0de5045 c0de5045      71c     1                 nbgl_layoutAddExtendedFooter
c0de5760 c0de5760       3e     2         build/flex/obj/sdk/lib_nbgl/src/nbgl_layout.o:(.text.nbgl_layoutAddBottomButton)
c0de5760 c0de5760        0     1                 $t.14
c0de5761 c0de5761       3e     1                 nbgl_layoutAddBottomButton
c0de579e c0de579e       52     2         build/flex/obj/sdk/lib_nbgl/src/nbgl_layout.o:(.text.nbgl_layoutAddTouchableBar)
c0de579e c0de579e        0     1                 $t.15
c0de579f c0de579f       52     1                 nbgl_layoutAddTouchableBar
c0de57f0 c0de57f0      4bc     4         build/flex/obj/sdk/lib_nbgl/src/nbgl_layout.o:(.text.addListItem)
c0de57f0 c0de57f0        0     1                 $t.16
c0de57f1 c0de57f1      4bc     1                 addListItem
c0de5ca4 c0de5ca4        0     1                 $d.17
c0de5cac c0de5cac       4a     2         build/flex/obj/sdk/lib_nbgl/src/nbgl_layout.o:(.text.nbgl_layoutAddSwitch)
c0de5cac c0de5cac        0     1                 $t.18
c0de5cad c0de5cad       4a     1                 nbgl_layoutAddSwitch
c0de5cf6 c0de5cf6       42     2         build/flex/obj/sdk/lib_nbgl/src/nbgl_layout.o:(.text.nbgl_layoutAddText)
c0de5cf6 c0de5cf6        0     1                 $t.19
c0de5cf7 c0de5cf7       42     1                 nbgl_layoutAddText
c0de5d38 c0de5d38       54     4         build/flex/obj/sdk/lib_nbgl/src/nbgl_layout.o:(.text.nbgl_layoutAddTextWithAlias)
c0de5d38 c0de5d38        0     1                 $t.20
c0de5d39 c0de5d39       54     1                 nbgl_layoutAddTextWithAlias
c0de5d88 c0de5d88        0     1                 $d.21
c0de5d8c c0de5d8c      16c     4         build/flex/obj/sdk/lib_nbgl/src/nbgl_layout.o:(.text.nbgl_layoutAddTextContent)
c0de5d8c c0de5d8c        0     1                 $t.23
c0de5d8d c0de5d8d      16c     1                 nbgl_layoutAddTextContent
c0de5eec c0de5eec        0     1                 $d.24
c0de5ef8 c0de5ef8      220     4         build/flex/obj/sdk/lib_nbgl/src/nbgl_layout.o:(.text.nbgl_layoutAddRadioChoice)
c0de5ef8 c0de5ef8        0     1                 $t.25
c0de5ef9 c0de5ef9      220     1                 nbgl_layoutAddRadioChoice
c0de6110 c0de6110        0     1                 $d.26
c0de6118 c0de6118       26     2         build/flex/obj/sdk/lib_nbgl/src/nbgl_layout.o:(.text.createHorizontalLine)
c0de6118 c0de6118        0     1                 $t.27
c0de6119 c0de6119       26     1                 createHorizontalLine
c0de613e c0de613e       7a     2         build/flex/obj/sdk/lib_nbgl/src/nbgl_layout.o:(.text.nbgl_layoutAddCenteredInfo)
c0de613e c0de613e        0     1                 $t.28
c0de613f c0de613f       7a     1                 nbgl_layoutAddCenteredInfo
c0de61b8 c0de61b8      43c     4         build/flex/obj/sdk/lib_nbgl/src/nbgl_layout.o:(.text.addContentCenter)
c0de61b8 c0de61b8        0     1                 $t.29
c0de61b9 c0de61b9      43c     1                 addContentCenter
c0de65f0 c0de65f0        0     1                 $d.30
c0de65f4 c0de65f4       12     2         build/flex/obj/sdk/lib_nbgl/src/nbgl_layout.o:(.text.nbgl_layoutAddContentCenter)
c0de65f4 c0de65f4        0     1                 $t.31
c0de65f5 c0de65f5       12     1                 nbgl_layoutAddContentCenter
c0de6606 c0de6606      2ca     2         build/flex/obj/sdk/lib_nbgl/src/nbgl_layout.o:(.text.nbgl_layoutAddQRCode)
c0de6606 c0de6606        0     1                 $t.34
c0de6607 c0de6607      2ca     1                 nbgl_layoutAddQRCode
c0de68d0 c0de68d0       2c     2         build/flex/obj/sdk/lib_nbgl/src/nbgl_layout.o:(.text.nbgl_layoutAddChoiceButtons)
c0de68d0 c0de68d0        0     1                 $t.35
c0de68d1 c0de68d1       2c     1                 nbgl_layoutAddChoiceButtons
c0de68fc c0de68fc       26     2         build/flex/obj/sdk/lib_nbgl/src/nbgl_layout.o:(.text.nbgl_layoutAddHorizontalButtons)
c0de68fc c0de68fc        0     1                 $t.36
c0de68fd c0de68fd       26     1                 nbgl_layoutAddHorizontalButtons
c0de6924 c0de6924      360     4         build/flex/obj/sdk/lib_nbgl/src/nbgl_layout.o:(.text.nbgl_layoutAddTagValueList)
c0de6924 c0de6924        0     1                 $t.37
c0de6925 c0de6925      360     1                 nbgl_layoutAddTagValueList
c0de6c7c c0de6c7c        0     1                 $d.38
c0de6c84 c0de6c84       3a     2         build/flex/obj/sdk/lib_nbgl/src/nbgl_layout.o:(.text.nbgl_layoutAddSeparationLine)
c0de6c84 c0de6c84        0     1                 $t.41
c0de6c85 c0de6c85       3a     1                 nbgl_layoutAddSeparationLine
c0de6cbe c0de6cbe      1b8     2         build/flex/obj/sdk/lib_nbgl/src/nbgl_layout.o:(.text.nbgl_layoutAddButton)
c0de6cbe c0de6cbe        0     1                 $t.42
c0de6cbf c0de6cbf      1b8     1                 nbgl_layoutAddButton
c0de6e76 c0de6e76       24     2         build/flex/obj/sdk/lib_nbgl/src/nbgl_layout.o:(.text.nbgl_layoutAddLongPressButton)
c0de6e76 c0de6e76        0     1                 $t.43
c0de6e77 c0de6e77       24     1                 nbgl_layoutAddLongPressButton
c0de6e9a c0de6e9a       24     2         build/flex/obj/sdk/lib_nbgl/src/nbgl_layout.o:(.text.nbgl_layoutAddFooter)
c0de6e9a c0de6e9a        0     1                 $t.44
c0de6e9b c0de6e9b       24     1                 nbgl_layoutAddFooter
c0de6ebe c0de6ebe       28     2         build/flex/obj/sdk/lib_nbgl/src/nbgl_layout.o:(.text.nbgl_layoutAddSplitFooter)
c0de6ebe c0de6ebe        0     1                 $t.45
c0de6ebf c0de6ebf       28     1                 nbgl_layoutAddSplitFooter
c0de6ee8 c0de6ee8      604     4         build/flex/obj/sdk/lib_nbgl/src/nbgl_layout.o:(.text.nbgl_layoutAddHeader)
c0de6ee8 c0de6ee8        0     1                 $t.46
c0de6ee9 c0de6ee9      604     1                 nbgl_layoutAddHeader
c0de7354 c0de7354        0     1                 $d.47
c0de7358 c0de7358        0     1                 $t.48
c0de74ec c0de74ec       36     2         build/flex/obj/sdk/lib_nbgl/src/nbgl_layout.o:(.text.nbgl_layoutAddProgressIndicator)
c0de74ec c0de74ec        0     1                 $t.49
c0de74ed c0de74ed       36     1                 nbgl_layoutAddProgressIndicator
c0de7522 c0de7522       3e     2         build/flex/obj/sdk/lib_nbgl/src/nbgl_layout.o:(.text.nbgl_layoutDraw)
c0de7522 c0de7522        0     1                 $t.55
c0de7523 c0de7523       3e     1                 nbgl_layoutDraw
c0de7560 c0de7560       60     4         build/flex/obj/sdk/lib_nbgl/src/nbgl_layout.o:(.text.nbgl_layoutRelease)
c0de7560 c0de7560        0     1                 $t.56
c0de7561 c0de7561       60     1                 nbgl_layoutRelease
c0de75bc c0de75bc        0     1                 $d.57
c0de75c0 c0de75c0       4c     4         build/flex/obj/sdk/lib_nbgl/src/nbgl_layout.o:(.text.getLayoutAndLayoutObj)
c0de75c0 c0de75c0        0     1                 $t.58
c0de75c1 c0de75c1       4c     1                 getLayoutAndLayoutObj
c0de7608 c0de7608        0     1                 $d.59
c0de760c c0de760c      104     4         build/flex/obj/sdk/lib_nbgl/src/nbgl_layout.o:(.text.animTickerCallback)
c0de760c c0de760c        0     1                 $t.60
c0de760d c0de760d      104     1                 animTickerCallback
c0de770c c0de770c        0     1                 $d.61
c0de7710 c0de7710        c     2         build/flex/obj/sdk/lib_nbgl/src/nbgl_layout.o:(.text.OUTLINED_FUNCTION_0)
c0de7710 c0de7710        0     1                 $t.62
c0de7711 c0de7711        c     1                 OUTLINED_FUNCTION_0
c0de771c c0de771c        8     2         build/flex/obj/sdk/lib_nbgl/src/nbgl_layout.o:(.text.OUTLINED_FUNCTION_1)
c0de771c c0de771c        0     1                 $t.63
c0de771d c0de771d        8     1                 OUTLINED_FUNCTION_1
c0de7724 c0de7724       28     2         build/flex/obj/sdk/lib_nbgl/src/nbgl_layout.o:(.text.OUTLINED_FUNCTION_2)
c0de7724 c0de7724        0     1                 $t.64
c0de7725 c0de7725       28     1                 OUTLINED_FUNCTION_2
c0de774c c0de774c       28     2         build/flex/obj/sdk/lib_nbgl/src/nbgl_layout.o:(.text.OUTLINED_FUNCTION_3)
c0de774c c0de774c        0     1                 $t.65
c0de774d c0de774d       28     1                 OUTLINED_FUNCTION_3
c0de7774 c0de7774       1c     2         build/flex/obj/sdk/lib_nbgl/src/nbgl_layout.o:(.text.OUTLINED_FUNCTION_4)
c0de7774 c0de7774        0     1                 $t.66
c0de7775 c0de7775       1c     1                 OUTLINED_FUNCTION_4
c0de7790 c0de7790       34     2         build/flex/obj/sdk/lib_nbgl/src/nbgl_layout.o:(.text.OUTLINED_FUNCTION_5)
c0de7790 c0de7790        0     1                 $t.67
c0de7791 c0de7791       34     1                 OUTLINED_FUNCTION_5
c0de77c4 c0de77c4       1c     2         build/flex/obj/sdk/lib_nbgl/src/nbgl_layout.o:(.text.OUTLINED_FUNCTION_6)
c0de77c4 c0de77c4        0     1                 $t.68
c0de77c5 c0de77c5       1c     1                 OUTLINED_FUNCTION_6
c0de77e0 c0de77e0       2c     2         build/flex/obj/sdk/lib_nbgl/src/nbgl_layout.o:(.text.OUTLINED_FUNCTION_7)
c0de77e0 c0de77e0        0     1                 $t.69
c0de77e1 c0de77e1       2c     1                 OUTLINED_FUNCTION_7
c0de780c c0de780c        c     2         build/flex/obj/sdk/lib_nbgl/src/nbgl_layout.o:(.text.OUTLINED_FUNCTION_8)
c0de780c c0de780c        0     1                 $t.70
c0de780d c0de780d        c     1                 OUTLINED_FUNCTION_8
c0de7818 c0de7818       14     2         build/flex/obj/sdk/lib_nbgl/src/nbgl_layout.o:(.text.OUTLINED_FUNCTION_9)
c0de7818 c0de7818        0     1                 $t.71
c0de7819 c0de7819       14     1                 OUTLINED_FUNCTION_9
c0de782c c0de782c       30     2         build/flex/obj/sdk/lib_nbgl/src/nbgl_layout.o:(.text.OUTLINED_FUNCTION_10)
c0de782c c0de782c        0     1                 $t.72
c0de782d c0de782d       30     1                 OUTLINED_FUNCTION_10
c0de785c c0de785c        e     2         build/flex/obj/sdk/lib_nbgl/src/nbgl_layout.o:(.text.OUTLINED_FUNCTION_11)
c0de785c c0de785c        0     1                 $t.73
c0de785d c0de785d        e     1                 OUTLINED_FUNCTION_11
c0de786a c0de786a       2e     2         build/flex/obj/sdk/lib_nbgl/src/nbgl_layout.o:(.text.OUTLINED_FUNCTION_12)
c0de786a c0de786a        0     1                 $t.74
c0de786b c0de786b       2e     1                 OUTLINED_FUNCTION_12
c0de7898 c0de7898        8     2         build/flex/obj/sdk/lib_nbgl/src/nbgl_layout.o:(.text.OUTLINED_FUNCTION_13)
c0de7898 c0de7898        0     1                 $t.75
c0de7899 c0de7899        8     1                 OUTLINED_FUNCTION_13
c0de78a0 c0de78a0       2c     2         build/flex/obj/sdk/lib_nbgl/src/nbgl_layout.o:(.text.OUTLINED_FUNCTION_14)
c0de78a0 c0de78a0        0     1                 $t.76
c0de78a1 c0de78a1       2c     1                 OUTLINED_FUNCTION_14
c0de78cc c0de78cc        8     2         build/flex/obj/sdk/lib_nbgl/src/nbgl_layout.o:(.text.OUTLINED_FUNCTION_15)
c0de78cc c0de78cc        0     1                 $t.77
c0de78cd c0de78cd        8     1                 OUTLINED_FUNCTION_15
c0de78d4 c0de78d4       2a     2         build/flex/obj/sdk/lib_nbgl/src/nbgl_layout.o:(.text.OUTLINED_FUNCTION_16)
c0de78d4 c0de78d4        0     1                 $t.78
c0de78d5 c0de78d5       2a     1                 OUTLINED_FUNCTION_16
c0de78fe c0de78fe        a     2         build/flex/obj/sdk/lib_nbgl/src/nbgl_layout.o:(.text.OUTLINED_FUNCTION_17)
c0de78fe c0de78fe        0     1                 $t.79
c0de78ff c0de78ff        a     1                 OUTLINED_FUNCTION_17
c0de7908 c0de7908       18     2         build/flex/obj/sdk/lib_nbgl/src/nbgl_layout.o:(.text.OUTLINED_FUNCTION_18)
c0de7908 c0de7908        0     1                 $t.80
c0de7909 c0de7909       18     1                 OUTLINED_FUNCTION_18
c0de7920 c0de7920        8     2         build/flex/obj/sdk/lib_nbgl/src/nbgl_layout.o:(.text.OUTLINED_FUNCTION_19)
c0de7920 c0de7920        0     1                 $t.81
c0de7921 c0de7921        8     1                 OUTLINED_FUNCTION_19
c0de7928 c0de7928       28     2         build/flex/obj/sdk/lib_nbgl/src/nbgl_layout.o:(.text.OUTLINED_FUNCTION_20)
c0de7928 c0de7928        0     1                 $t.82
c0de7929 c0de7929       28     1                 OUTLINED_FUNCTION_20
c0de7950 c0de7950        a     2         build/flex/obj/sdk/lib_nbgl/src/nbgl_layout.o:(.text.OUTLINED_FUNCTION_21)
c0de7950 c0de7950        0     1                 $t.83
c0de7951 c0de7951        a     1                 OUTLINED_FUNCTION_21
c0de795a c0de795a        6     2         build/flex/obj/sdk/lib_nbgl/src/nbgl_layout.o:(.text.OUTLINED_FUNCTION_22)
c0de795a c0de795a        0     1                 $t.84
c0de795b c0de795b        6     1                 OUTLINED_FUNCTION_22
c0de7960 c0de7960       10     2         build/flex/obj/sdk/lib_nbgl/src/nbgl_layout.o:(.text.OUTLINED_FUNCTION_23)
c0de7960 c0de7960        0     1                 $t.85
c0de7961 c0de7961       10     1                 OUTLINED_FUNCTION_23
c0de7970 c0de7970       14     2         build/flex/obj/sdk/lib_nbgl/src/nbgl_layout.o:(.text.OUTLINED_FUNCTION_24)
c0de7970 c0de7970        0     1                 $t.86
c0de7971 c0de7971       14     1                 OUTLINED_FUNCTION_24
c0de7984 c0de7984       20     2         build/flex/obj/sdk/lib_nbgl/src/nbgl_layout.o:(.text.OUTLINED_FUNCTION_25)
c0de7984 c0de7984        0     1                 $t.87
c0de7985 c0de7985       20     1                 OUTLINED_FUNCTION_25
c0de79a4 c0de79a4        8     2         build/flex/obj/sdk/lib_nbgl/src/nbgl_layout.o:(.text.OUTLINED_FUNCTION_26)
c0de79a4 c0de79a4        0     1                 $t.88
c0de79a5 c0de79a5        8     1                 OUTLINED_FUNCTION_26
c0de79ac c0de79ac       1e     2         build/flex/obj/sdk/lib_nbgl/src/nbgl_layout.o:(.text.OUTLINED_FUNCTION_27)
c0de79ac c0de79ac        0     1                 $t.89
c0de79ad c0de79ad       1e     1                 OUTLINED_FUNCTION_27
c0de79ca c0de79ca       1e     2         build/flex/obj/sdk/lib_nbgl/src/nbgl_layout.o:(.text.OUTLINED_FUNCTION_28)
c0de79ca c0de79ca        0     1                 $t.90
c0de79cb c0de79cb       1e     1                 OUTLINED_FUNCTION_28
c0de79e8 c0de79e8       12     2         build/flex/obj/sdk/lib_nbgl/src/nbgl_layout.o:(.text.OUTLINED_FUNCTION_29)
c0de79e8 c0de79e8        0     1                 $t.91
c0de79e9 c0de79e9       12     1                 OUTLINED_FUNCTION_29
c0de79fa c0de79fa       12     2         build/flex/obj/sdk/lib_nbgl/src/nbgl_layout.o:(.text.OUTLINED_FUNCTION_30)
c0de79fa c0de79fa        0     1                 $t.92
c0de79fb c0de79fb       12     1                 OUTLINED_FUNCTION_30
c0de7a0c c0de7a0c       12     2         build/flex/obj/sdk/lib_nbgl/src/nbgl_layout.o:(.text.OUTLINED_FUNCTION_31)
c0de7a0c c0de7a0c        0     1                 $t.93
c0de7a0d c0de7a0d       12     1                 OUTLINED_FUNCTION_31
c0de7a1e c0de7a1e       18     2         build/flex/obj/sdk/lib_nbgl/src/nbgl_layout.o:(.text.OUTLINED_FUNCTION_32)
c0de7a1e c0de7a1e        0     1                 $t.94
c0de7a1f c0de7a1f       18     1                 OUTLINED_FUNCTION_32
c0de7a36 c0de7a36       1c     2         build/flex/obj/sdk/lib_nbgl/src/nbgl_layout.o:(.text.OUTLINED_FUNCTION_33)
c0de7a36 c0de7a36        0     1                 $t.95
c0de7a37 c0de7a37       1c     1                 OUTLINED_FUNCTION_33
c0de7a52 c0de7a52       1c     2         build/flex/obj/sdk/lib_nbgl/src/nbgl_layout.o:(.text.OUTLINED_FUNCTION_34)
c0de7a52 c0de7a52        0     1                 $t.96
c0de7a53 c0de7a53       1c     1                 OUTLINED_FUNCTION_34
c0de7a6e c0de7a6e       16     2         build/flex/obj/sdk/lib_nbgl/src/nbgl_layout.o:(.text.OUTLINED_FUNCTION_35)
c0de7a6e c0de7a6e        0     1                 $t.97
c0de7a6f c0de7a6f       16     1                 OUTLINED_FUNCTION_35
c0de7a84 c0de7a84        a     2         build/flex/obj/sdk/lib_nbgl/src/nbgl_layout.o:(.text.OUTLINED_FUNCTION_36)
c0de7a84 c0de7a84        0     1                 $t.98
c0de7a85 c0de7a85        a     1                 OUTLINED_FUNCTION_36
c0de7a8e c0de7a8e        a     2         build/flex/obj/sdk/lib_nbgl/src/nbgl_layout.o:(.text.OUTLINED_FUNCTION_37)
c0de7a8e c0de7a8e        0     1                 $t.99
c0de7a8f c0de7a8f        a     1                 OUTLINED_FUNCTION_37
c0de7a98 c0de7a98        e     2         build/flex/obj/sdk/lib_nbgl/src/nbgl_layout.o:(.text.OUTLINED_FUNCTION_39)
c0de7a98 c0de7a98        0     1                 $t.101
c0de7a99 c0de7a99        e     1                 OUTLINED_FUNCTION_39
c0de7aa6 c0de7aa6        6     2         build/flex/obj/sdk/lib_nbgl/src/nbgl_layout.o:(.text.OUTLINED_FUNCTION_40)
c0de7aa6 c0de7aa6        0     1                 $t.102
c0de7aa7 c0de7aa7        6     1                 OUTLINED_FUNCTION_40
c0de7aac c0de7aac        e     2         build/flex/obj/sdk/lib_nbgl/src/nbgl_layout.o:(.text.OUTLINED_FUNCTION_41)
c0de7aac c0de7aac        0     1                 $t.103
c0de7aad c0de7aad        e     1                 OUTLINED_FUNCTION_41
c0de7aba c0de7aba       16     2         build/flex/obj/sdk/lib_nbgl/src/nbgl_layout.o:(.text.OUTLINED_FUNCTION_42)
c0de7aba c0de7aba        0     1                 $t.104
c0de7abb c0de7abb       16     1                 OUTLINED_FUNCTION_42
c0de7ad0 c0de7ad0       14     2         build/flex/obj/sdk/lib_nbgl/src/nbgl_layout.o:(.text.OUTLINED_FUNCTION_43)
c0de7ad0 c0de7ad0        0     1                 $t.105
c0de7ad1 c0de7ad1       14     1                 OUTLINED_FUNCTION_43
c0de7ae4 c0de7ae4       14     2         build/flex/obj/sdk/lib_nbgl/src/nbgl_layout.o:(.text.OUTLINED_FUNCTION_44)
c0de7ae4 c0de7ae4        0     1                 $t.106
c0de7ae5 c0de7ae5       14     1                 OUTLINED_FUNCTION_44
c0de7af8 c0de7af8       14     2         build/flex/obj/sdk/lib_nbgl/src/nbgl_layout.o:(.text.OUTLINED_FUNCTION_45)
c0de7af8 c0de7af8        0     1                 $t.107
c0de7af9 c0de7af9       14     1                 OUTLINED_FUNCTION_45
c0de7b0c c0de7b0c        6     2         build/flex/obj/sdk/lib_nbgl/src/nbgl_layout.o:(.text.OUTLINED_FUNCTION_46)
c0de7b0c c0de7b0c        0     1                 $t.108
c0de7b0d c0de7b0d        6     1                 OUTLINED_FUNCTION_46
c0de7b12 c0de7b12       12     2         build/flex/obj/sdk/lib_nbgl/src/nbgl_layout.o:(.text.OUTLINED_FUNCTION_48)
c0de7b12 c0de7b12        0     1                 $t.110
c0de7b13 c0de7b13       12     1                 OUTLINED_FUNCTION_48
c0de7b24 c0de7b24       12     2         build/flex/obj/sdk/lib_nbgl/src/nbgl_layout.o:(.text.OUTLINED_FUNCTION_49)
c0de7b24 c0de7b24        0     1                 $t.111
c0de7b25 c0de7b25       12     1                 OUTLINED_FUNCTION_49
c0de7b36 c0de7b36        c     2         build/flex/obj/sdk/lib_nbgl/src/nbgl_layout.o:(.text.OUTLINED_FUNCTION_50)
c0de7b36 c0de7b36        0     1                 $t.112
c0de7b37 c0de7b37        c     1                 OUTLINED_FUNCTION_50
c0de7b42 c0de7b42        c     2         build/flex/obj/sdk/lib_nbgl/src/nbgl_layout.o:(.text.OUTLINED_FUNCTION_51)
c0de7b42 c0de7b42        0     1                 $t.113
c0de7b43 c0de7b43        c     1                 OUTLINED_FUNCTION_51
c0de7b4e c0de7b4e        c     2         build/flex/obj/sdk/lib_nbgl/src/nbgl_layout.o:(.text.OUTLINED_FUNCTION_52)
c0de7b4e c0de7b4e        0     1                 $t.114
c0de7b4f c0de7b4f        c     1                 OUTLINED_FUNCTION_52
c0de7b5a c0de7b5a        c     2         build/flex/obj/sdk/lib_nbgl/src/nbgl_layout.o:(.text.OUTLINED_FUNCTION_53)
c0de7b5a c0de7b5a        0     1                 $t.115
c0de7b5b c0de7b5b        c     1                 OUTLINED_FUNCTION_53
c0de7b66 c0de7b66        a     2         build/flex/obj/sdk/lib_nbgl/src/nbgl_layout.o:(.text.OUTLINED_FUNCTION_54)
c0de7b66 c0de7b66        0     1                 $t.116
c0de7b67 c0de7b67        a     1                 OUTLINED_FUNCTION_54
c0de7b70 c0de7b70        c     2         build/flex/obj/sdk/lib_nbgl/src/nbgl_layout.o:(.text.OUTLINED_FUNCTION_55)
c0de7b70 c0de7b70        0     1                 $t.117
c0de7b71 c0de7b71        c     1                 OUTLINED_FUNCTION_55
c0de7b7c c0de7b7c        8     2         build/flex/obj/sdk/lib_nbgl/src/nbgl_layout.o:(.text.OUTLINED_FUNCTION_56)
c0de7b7c c0de7b7c        0     1                 $t.118
c0de7b7d c0de7b7d        8     1                 OUTLINED_FUNCTION_56
c0de7b84 c0de7b84        c     2         build/flex/obj/sdk/lib_nbgl/src/nbgl_layout.o:(.text.OUTLINED_FUNCTION_57)
c0de7b84 c0de7b84        0     1                 $t.119
c0de7b85 c0de7b85        c     1                 OUTLINED_FUNCTION_57
c0de7b90 c0de7b90        c     2         build/flex/obj/sdk/lib_nbgl/src/nbgl_layout.o:(.text.OUTLINED_FUNCTION_58)
c0de7b90 c0de7b90        0     1                 $t.120
c0de7b91 c0de7b91        c     1                 OUTLINED_FUNCTION_58
c0de7b9c c0de7b9c       10     2         build/flex/obj/sdk/lib_nbgl/src/nbgl_layout.o:(.text.OUTLINED_FUNCTION_59)
c0de7b9c c0de7b9c        0     1                 $t.121
c0de7b9d c0de7b9d       10     1                 OUTLINED_FUNCTION_59
c0de7bac c0de7bac       10     2         build/flex/obj/sdk/lib_nbgl/src/nbgl_layout.o:(.text.OUTLINED_FUNCTION_60)
c0de7bac c0de7bac        0     1                 $t.122
c0de7bad c0de7bad       10     1                 OUTLINED_FUNCTION_60
c0de7bbc c0de7bbc        8     2         build/flex/obj/sdk/lib_nbgl/src/nbgl_layout.o:(.text.OUTLINED_FUNCTION_61)
c0de7bbc c0de7bbc        0     1                 $t.123
c0de7bbd c0de7bbd        8     1                 OUTLINED_FUNCTION_61
c0de7bc4 c0de7bc4        6     2         build/flex/obj/sdk/lib_nbgl/src/nbgl_layout.o:(.text.OUTLINED_FUNCTION_62)
c0de7bc4 c0de7bc4        0     1                 $t.124
c0de7bc5 c0de7bc5        6     1                 OUTLINED_FUNCTION_62
c0de7bca c0de7bca        8     2         build/flex/obj/sdk/lib_nbgl/src/nbgl_layout.o:(.text.OUTLINED_FUNCTION_64)
c0de7bca c0de7bca        0     1                 $t.126
c0de7bcb c0de7bcb        8     1                 OUTLINED_FUNCTION_64
c0de7bd2 c0de7bd2        e     2         build/flex/obj/sdk/lib_nbgl/src/nbgl_layout.o:(.text.OUTLINED_FUNCTION_65)
c0de7bd2 c0de7bd2        0     1                 $t.127
c0de7bd3 c0de7bd3        e     1                 OUTLINED_FUNCTION_65
c0de7be0 c0de7be0        e     2         build/flex/obj/sdk/lib_nbgl/src/nbgl_layout.o:(.text.OUTLINED_FUNCTION_66)
c0de7be0 c0de7be0        0     1                 $t.128
c0de7be1 c0de7be1        e     1                 OUTLINED_FUNCTION_66
c0de7bee c0de7bee        e     2         build/flex/obj/sdk/lib_nbgl/src/nbgl_layout.o:(.text.OUTLINED_FUNCTION_67)
c0de7bee c0de7bee        0     1                 $t.129
c0de7bef c0de7bef        e     1                 OUTLINED_FUNCTION_67
c0de7bfc c0de7bfc        a     2         build/flex/obj/sdk/lib_nbgl/src/nbgl_layout.o:(.text.OUTLINED_FUNCTION_68)
c0de7bfc c0de7bfc        0     1                 $t.130
c0de7bfd c0de7bfd        a     1                 OUTLINED_FUNCTION_68
c0de7c06 c0de7c06        e     2         build/flex/obj/sdk/lib_nbgl/src/nbgl_layout.o:(.text.OUTLINED_FUNCTION_69)
c0de7c06 c0de7c06        0     1                 $t.131
c0de7c07 c0de7c07        e     1                 OUTLINED_FUNCTION_69
c0de7c14 c0de7c14        e     2         build/flex/obj/sdk/lib_nbgl/src/nbgl_layout.o:(.text.OUTLINED_FUNCTION_70)
c0de7c14 c0de7c14        0     1                 $t.132
c0de7c15 c0de7c15        e     1                 OUTLINED_FUNCTION_70
c0de7c22 c0de7c22        a     2         build/flex/obj/sdk/lib_nbgl/src/nbgl_layout.o:(.text.OUTLINED_FUNCTION_71)
c0de7c22 c0de7c22        0     1                 $t.133
c0de7c23 c0de7c23        a     1                 OUTLINED_FUNCTION_71
c0de7c2c c0de7c2c        e     2         build/flex/obj/sdk/lib_nbgl/src/nbgl_layout.o:(.text.OUTLINED_FUNCTION_72)
c0de7c2c c0de7c2c        0     1                 $t.134
c0de7c2d c0de7c2d        e     1                 OUTLINED_FUNCTION_72
c0de7c3a c0de7c3a        e     2         build/flex/obj/sdk/lib_nbgl/src/nbgl_layout.o:(.text.OUTLINED_FUNCTION_73)
c0de7c3a c0de7c3a        0     1                 $t.135
c0de7c3b c0de7c3b        e     1                 OUTLINED_FUNCTION_73
c0de7c48 c0de7c48        a     2         build/flex/obj/sdk/lib_nbgl/src/nbgl_layout.o:(.text.OUTLINED_FUNCTION_74)
c0de7c48 c0de7c48        0     1                 $t.136
c0de7c49 c0de7c49        a     1                 OUTLINED_FUNCTION_74
c0de7c52 c0de7c52        e     2         build/flex/obj/sdk/lib_nbgl/src/nbgl_layout.o:(.text.OUTLINED_FUNCTION_75)
c0de7c52 c0de7c52        0     1                 $t.137
c0de7c53 c0de7c53        e     1                 OUTLINED_FUNCTION_75
c0de7c60 c0de7c60       a8     2         build/flex/obj/sdk/lib_nbgl/src/nbgl_layout_navigation.o:(.text.layoutNavigationCallback)
c0de7c60 c0de7c60        0     1                 $t.0
c0de7c61 c0de7c61       a8     1                 layoutNavigationCallback
c0de7d08 c0de7d08       40     2         build/flex/obj/sdk/lib_nbgl/src/nbgl_layout_navigation.o:(.text.configButtons)
c0de7d08 c0de7d08        0     1                 $t.1
c0de7d09 c0de7d09       40     1                 configButtons
c0de7d48 c0de7d48      20c     4         build/flex/obj/sdk/lib_nbgl/src/nbgl_layout_navigation.o:(.text.layoutNavigationPopulate)
c0de7d48 c0de7d48        0     1                 $t.2
c0de7d49 c0de7d49      20c     1                 layoutNavigationPopulate
c0de7f40 c0de7f40        0     1                 $d.3
c0de7f54 c0de7f54       1a     2         build/flex/obj/sdk/lib_nbgl/src/nbgl_layout_navigation.o:(.text.OUTLINED_FUNCTION_0)
c0de7f54 c0de7f54        0     1                 $t.4
c0de7f55 c0de7f55       1a     1                 OUTLINED_FUNCTION_0
c0de7f6e c0de7f6e       12     2         build/flex/obj/sdk/lib_nbgl/src/nbgl_layout_navigation.o:(.text.OUTLINED_FUNCTION_1)
c0de7f6e c0de7f6e        0     1                 $t.5
c0de7f6f c0de7f6f       12     1                 OUTLINED_FUNCTION_1
c0de7f80 c0de7f80      1f4     4         build/flex/obj/sdk/lib_nbgl/src/nbgl_page.o:(.text.nbgl_pageDrawInfo)
c0de7f80 c0de7f80        0     1                 $t.3
c0de7f81 c0de7f81      1f4     1                 nbgl_pageDrawInfo
c0de8154 c0de8154        0     1                 $d.4
c0de8174 c0de8174       20     2         build/flex/obj/sdk/lib_nbgl/src/nbgl_page.o:(.text.addEmptyHeader)
c0de8174 c0de8174        0     1                 $t.5
c0de8175 c0de8175       20     1                 addEmptyHeader
c0de8194 c0de8194       74     4         build/flex/obj/sdk/lib_nbgl/src/nbgl_page.o:(.text.nbgl_pageDrawConfirmation)
c0de8194 c0de8194        0     1                 $t.6
c0de8195 c0de8195       74     1                 nbgl_pageDrawConfirmation
c0de8204 c0de8204        0     1                 $d.7
c0de8208 c0de8208      448     4         build/flex/obj/sdk/lib_nbgl/src/nbgl_page.o:(.text.nbgl_pageDrawGenericContentExt)
c0de8208 c0de8208        0     1                 $t.8
c0de8209 c0de8209      448     1                 nbgl_pageDrawGenericContentExt
c0de864c c0de864c        0     1                 $d.9
c0de8650 c0de8650        6     2         build/flex/obj/sdk/lib_nbgl/src/nbgl_page.o:(.text.nbgl_pageDrawGenericContent)
c0de8650 c0de8650        0     1                 $t.10
c0de8651 c0de8651        6     1                 nbgl_pageDrawGenericContent
c0de8656 c0de8656        4     2         build/flex/obj/sdk/lib_nbgl/src/nbgl_page.o:(.text.nbgl_pageRelease)
c0de8656 c0de8656        0     1                 $t.11
c0de8657 c0de8657        4     1                 nbgl_pageRelease
c0de865a c0de865a        8     2         build/flex/obj/sdk/lib_nbgl/src/nbgl_page.o:(.text.OUTLINED_FUNCTION_0)
c0de865a c0de865a        0     1                 $t.12
c0de865b c0de865b        8     1                 OUTLINED_FUNCTION_0
c0de8662 c0de8662       12     2         build/flex/obj/sdk/lib_nbgl/src/nbgl_page.o:(.text.OUTLINED_FUNCTION_1)
c0de8662 c0de8662        0     1                 $t.13
c0de8663 c0de8663       12     1                 OUTLINED_FUNCTION_1
c0de8674 c0de8674        c     2         build/flex/obj/sdk/lib_nbgl/src/nbgl_page.o:(.text.OUTLINED_FUNCTION_2)
c0de8674 c0de8674        0     1                 $t.14
c0de8675 c0de8675        c     1                 OUTLINED_FUNCTION_2
c0de8680 c0de8680        e     2         build/flex/obj/sdk/lib_nbgl/src/nbgl_page.o:(.text.OUTLINED_FUNCTION_3)
c0de8680 c0de8680        0     1                 $t.15
c0de8681 c0de8681        e     1                 OUTLINED_FUNCTION_3
c0de868e c0de868e        6     2         build/flex/obj/sdk/lib_nbgl/src/nbgl_page.o:(.text.OUTLINED_FUNCTION_4)
c0de868e c0de868e        0     1                 $t.16
c0de868f c0de868f        6     1                 OUTLINED_FUNCTION_4
c0de8694 c0de8694        e     2         build/flex/obj/sdk/lib_nbgl/src/nbgl_page.o:(.text.OUTLINED_FUNCTION_5)
c0de8694 c0de8694        0     1                 $t.17
c0de8695 c0de8695        e     1                 OUTLINED_FUNCTION_5
c0de86a2 c0de86a2        a     2         build/flex/obj/sdk/lib_nbgl/src/nbgl_page.o:(.text.OUTLINED_FUNCTION_6)
c0de86a2 c0de86a2        0     1                 $t.18
c0de86a3 c0de86a3        a     1                 OUTLINED_FUNCTION_6
c0de86ac c0de86ac      136     2         build/flex/obj/sdk/lib_nbgl/src/nbgl_use_case.o:(.text.getNbTagValuesInPage)
c0de86ac c0de86ac        0     1                 $t.1
c0de86ad c0de86ad      136     1                 getNbTagValuesInPage
c0de87e2 c0de87e2       5e     2         build/flex/obj/sdk/lib_nbgl/src/nbgl_use_case.o:(.text.nbgl_useCaseGetNbInfosInPage)
c0de87e2 c0de87e2        0     1                 $t.3
c0de87e3 c0de87e3       5e     1                 nbgl_useCaseGetNbInfosInPage
c0de8840 c0de8840       82     2         build/flex/obj/sdk/lib_nbgl/src/nbgl_use_case.o:(.text.nbgl_useCaseGetNbSwitchesInPage)
c0de8840 c0de8840        0     1                 $t.4
c0de8841 c0de8841       82     1                 nbgl_useCaseGetNbSwitchesInPage
c0de88c2 c0de88c2       40     2         build/flex/obj/sdk/lib_nbgl/src/nbgl_use_case.o:(.text.nbgl_useCaseGetNbBarsInPage)
c0de88c2 c0de88c2        0     1                 $t.5
c0de88c3 c0de88c3       40     1                 nbgl_useCaseGetNbBarsInPage
c0de8902 c0de8902       3c     2         build/flex/obj/sdk/lib_nbgl/src/nbgl_use_case.o:(.text.nbgl_useCaseGetNbChoicesInPage)
c0de8902 c0de8902        0     1                 $t.6
c0de8903 c0de8903       3c     1                 nbgl_useCaseGetNbChoicesInPage
c0de8940 c0de8940      134     4         build/flex/obj/sdk/lib_nbgl/src/nbgl_use_case.o:(.text.useCaseHomeExt)
c0de8940 c0de8940        0     1                 $t.9
c0de8941 c0de8941      134     1                 useCaseHomeExt
[...]
c0dec8ee c0dec8ee        a     1                 C_Check_Circle_64px
c0dec8f8 c0dec8f8      238     1         build/flex/gen_src/glyphs.o:(.rodata.C_Denied_Circle_64px_bitmap)
c0dec8f8 c0dec8f8      238     1                 C_Denied_Circle_64px_bitmap
c0decb30 c0decb30        a     1         build/flex/gen_src/glyphs.o:(.rodata.C_Denied_Circle_64px)
c0decb30 c0decb30        a     1                 C_Denied_Circle_64px
c0decb3a c0decb3a      202     1         build/flex/gen_src/glyphs.o:(.rodata.C_Important_Circle_64px_bitmap)
c0decb3a c0decb3a      202     1                 C_Important_Circle_64px_bitmap
c0decd3c c0decd3c        a     1         build/flex/gen_src/glyphs.o:(.rodata.C_Important_Circle_64px)
c0decd3c c0decd3c        a     1                 C_Important_Circle_64px
c0decd46 c0decd46      167     1         build/flex/gen_src/glyphs.o:(.rodata.C_Warning_64px_bitmap)
c0decd46 c0decd46      167     1                 C_Warning_64px_bitmap
c0decead c0decead        a     1         build/flex/gen_src/glyphs.o:(.rodata.C_Warning_64px)
c0decead c0decead        a     1                 C_Warning_64px
c0deceb7 c0deceb7       94     1         build/flex/gen_src/glyphs.o:(.rodata.C_Back_40px_bitmap)
c0deceb7 c0deceb7       94     1                 C_Back_40px_bitmap
c0decf4b c0decf4b        a     1         build/flex/gen_src/glyphs.o:(.rodata.C_Back_40px)
c0decf4b c0decf4b        a     1                 C_Back_40px
c0decf55 c0decf55       5c     1         build/flex/gen_src/glyphs.o:(.rodata.C_Check_40px_bitmap)
c0decf55 c0decf55       5c     1                 C_Check_40px_bitmap
c0decfb1 c0decfb1        a     1         build/flex/gen_src/glyphs.o:(.rodata.C_Check_40px)
c0decfb1 c0decfb1        a     1                 C_Check_40px
c0decfbb c0decfbb       64     1         build/flex/gen_src/glyphs.o:(.rodata.C_Chevron_40px_bitmap)
c0decfbb c0decfbb       64     1                 C_Chevron_40px_bitmap
c0ded01f c0ded01f        a     1         build/flex/gen_src/glyphs.o:(.rodata.C_Chevron_40px)
c0ded01f c0ded01f        a     1                 C_Chevron_40px
c0ded029 c0ded029       7e     1         build/flex/gen_src/glyphs.o:(.rodata.C_Chevron_Back_40px_bitmap)
c0ded029 c0ded029       7e     1                 C_Chevron_Back_40px_bitmap
c0ded0a7 c0ded0a7        a     1         build/flex/gen_src/glyphs.o:(.rodata.C_Chevron_Back_40px)
c0ded0a7 c0ded0a7        a     1                 C_Chevron_Back_40px
c0ded0b1 c0ded0b1       79     1         build/flex/gen_src/glyphs.o:(.rodata.C_Chevron_Next_40px_bitmap)
c0ded0b1 c0ded0b1       79     1                 C_Chevron_Next_40px_bitmap
c0ded12a c0ded12a        a     1         build/flex/gen_src/glyphs.o:(.rodata.C_Chevron_Next_40px)
c0ded12a c0ded12a        a     1                 C_Chevron_Next_40px
c0ded134 c0ded134       8d     1         build/flex/gen_src/glyphs.o:(.rodata.C_Close_40px_bitmap)
c0ded134 c0ded134       8d     1                 C_Close_40px_bitmap
c0ded1c1 c0ded1c1        a     1         build/flex/gen_src/glyphs.o:(.rodata.C_Close_40px)
c0ded1c1 c0ded1c1        a     1                 C_Close_40px
c0ded1cb c0ded1cb       39     1         build/flex/gen_src/glyphs.o:(.rodata.C_Info_40px_bitmap)
c0ded1cb c0ded1cb       39     1                 C_Info_40px_bitmap
c0ded204 c0ded204        a     1         build/flex/gen_src/glyphs.o:(.rodata.C_Info_40px)
c0ded204 c0ded204        a     1                 C_Info_40px
c0ded20e c0ded20e       d6     1         build/flex/gen_src/glyphs.o:(.rodata.C_Mini_Push_40px_bitmap)
c0ded20e c0ded20e       d6     1                 C_Mini_Push_40px_bitmap
c0ded2e4 c0ded2e4        a     1         build/flex/gen_src/glyphs.o:(.rodata.C_Mini_Push_40px)
c0ded2e4 c0ded2e4        a     1                 C_Mini_Push_40px
c0ded2ee c0ded2ee      1b4     1         build/flex/gen_src/glyphs.o:(.rodata.C_Privacy_40px_bitmap)
c0ded2ee c0ded2ee      1b4     1                 C_Privacy_40px_bitmap
c0ded4a2 c0ded4a2        a     1         build/flex/gen_src/glyphs.o:(.rodata.C_Privacy_40px)
c0ded4a2 c0ded4a2        a     1                 C_Privacy_40px
c0ded4ac c0ded4ac       a1     1         build/flex/gen_src/glyphs.o:(.rodata.C_QRCode_40px_bitmap)
c0ded4ac c0ded4ac       a1     1                 C_QRCode_40px_bitmap
c0ded54d c0ded54d        a     1         build/flex/gen_src/glyphs.o:(.rodata.C_QRCode_40px)
c0ded54d c0ded54d        a     1                 C_QRCode_40px
c0ded557 c0ded557      19b     1         build/flex/gen_src/glyphs.o:(.rodata.C_Settings_40px_bitmap)
c0ded557 c0ded557      19b     1                 C_Settings_40px_bitmap
c0ded6f2 c0ded6f2        a     1         build/flex/gen_src/glyphs.o:(.rodata.C_Settings_40px)
c0ded6f2 c0ded6f2        a     1                 C_Settings_40px
c0ded6fc c0ded6fc       ef     1         build/flex/gen_src/glyphs.o:(.rodata.C_Warning_40px_bitmap)
c0ded6fc c0ded6fc       ef     1                 C_Warning_40px_bitmap
c0ded7eb c0ded7eb        a     1         build/flex/gen_src/glyphs.o:(.rodata.C_Warning_40px)
c0ded7eb c0ded7eb        a     1                 C_Warning_40px
c0ded7f5 c0ded7f5      a04     1         <internal>:(.text)
c0dee1f9 c0dee1f9      995     1         build/flex/obj/app/src/handler/zkn_magicbox.o:(.rodata.handler_cmd_verify_dilithium.sig)
c0dee1f9 c0dee1f9      995     1                 handler_cmd_verify_dilithium.sig
c0deeb8e c0deeb8e      520     1         build/flex/obj/app/src/handler/zkn_magicbox.o:(.rodata.handler_cmd_verify_dilithium.pk)
c0deeb8e c0deeb8e      520     1                 handler_cmd_verify_dilithium.pk
c0def0b0 c0def0b0        c     4         build/flex/obj/app/src/ui/menu_nbgl.o:(.rodata.settingContents)
c0def0b0 c0def0b0        c     1                 settingContents
c0def0bc c0def0bc       10     4         build/flex/obj/app/src/ui/menu_nbgl.o:(.rodata.infoList)
c0def0bc c0def0bc       10     1                 infoList
c0def0cc c0def0cc       38     4         build/flex/obj/app/src/ui/menu_nbgl.o:(.rodata.contents)
c0def0cc c0def0cc       38     1                 contents
c0def104 c0def104        8     4         build/flex/obj/app/src/ui/menu_nbgl.o:(.rodata.INFO_TYPES)
c0def104 c0def104        8     1                 INFO_TYPES
c0def10c c0def10c        8     4         build/flex/obj/app/src/ui/menu_nbgl.o:(.rodata.INFO_CONTENTS)
c0def10c c0def10c        8     1                 INFO_CONTENTS
c0def118 c0def118       c0     8         build/flex/obj/app/src/zknox/dilithium/fips202.o:(.rodata.pqcrystals_dilithium_fips202_ref_KeccakF_RoundConstants)
c0def118 c0def118       c0     1                 pqcrystals_dilithium_fips202_ref_KeccakF_RoundConstants
c0def1d8 c0def1d8      400     4         build/flex/obj/app/src/zknox/dilithium/ntt.o:(.rodata.zetas)
c0def1d8 c0def1d8      400     1                 zetas
c0def5d8 c0def5d8      100     2         build/flex/obj/app/src/zknox/dilithium/smallntt_3329.o:(.rodata.small_zetas)
c0def5d8 c0def5d8      100     1                 small_zetas
c0def6d8 c0def6d8        c     4         build/flex/obj/sdk/lib_nbgl/src/nbgl_use_case.o:(.rodata..L__const.nbgl_useCaseStatus.ticker)
c0def6d8 c0def6d8        c     1                 .L__const.nbgl_useCaseStatus.ticker
c0def6e4 c0def6e4       2c     4         build/flex/obj/sdk/lib_nbgl/src/nbgl_use_case.o:(.rodata.blindSigningWarning)
c0def6e4 c0def6e4       2c     1                 blindSigningWarning
c0def710 c0def710       36     4         <internal>:(.text)
c0def746 c0def746        b     1         build/flex/obj/sdk/lib_nbgl/src/nbgl_use_case.o:(.rodata.nbMaxElementsPerContentType)
c0def746 c0def746        b     1                 nbMaxElementsPerContentType
c0def754 c0def754       14     4         build/flex/obj/sdk/lib_nbgl/src/nbgl_use_case.o:(.rodata..L__const.displayAddressQRCode.headerDesc)
c0def754 c0def754       14     1                 .L__const.displayAddressQRCode.headerDesc
c0def768 c0def768       20     4         build/flex/obj/sdk/lib_nbgl/src/nbgl_use_case.o:(.rodata..L__const.displaySkipWarning.info)
c0def768 c0def768       20     1                 .L__const.displaySkipWarning.info
c0def788 c0def788       1c     4         build/flex/obj/sdk/lib_nbgl/src/nbgl_use_case.o:(.rodata..L__const.displaySecurityReport.layoutDescription)
c0def788 c0def788       1c     1                 .L__const.displaySecurityReport.layoutDescription
c0def7a4 c0def7a4       14     4         build/flex/obj/sdk/lib_nbgl/src/nbgl_use_case.o:(.rodata..L__const.displaySecurityReport.headerDesc)
c0def7a4 c0def7a4       14     1                 .L__const.displaySecurityReport.headerDesc
c0def7b8 c0def7b8       48     4         build/flex/obj/sdk/lib_nbgl/src/nbgl_use_case.o:(.rodata.securityReportItems)
c0def7b8 c0def7b8       48     1                 securityReportItems
c0def800 c0def800       1c     4         build/flex/obj/sdk/lib_nbgl/src/nbgl_use_case.o:(.rodata..L__const.displayInfosListModal.info)
c0def800 c0def800       1c     1                 .L__const.displayInfosListModal.info
c0def81c c0def81c       10     4         build/flex/obj/sdk/lib_nbgl/src/nbgl_use_case.o:(.rodata..L__const.displayInitialWarning.buttonsInfo)
c0def81c c0def81c       10     1                 .L__const.displayInitialWarning.buttonsInfo
c0def82c c0def82c       14     4         build/flex/obj/sdk/lib_nbgl/src/nbgl_use_case.o:(.rodata..L__const.displayInitialWarning.headerDesc)
c0def82c c0def82c       14     1                 .L__const.displayInitialWarning.headerDesc
c0def840 c0def840       20     1         <internal>:(.text)
c0def860 c0def860        0     1         . = ALIGN ( 4 )
c0def860 c0def860        0     1         _etext = .
c0def860 c0def860      1a0     1         . = ALIGN ( PAGE_SIZE )
c0defa00 c0defa00        0     1         _nvram_data = .
c0defa00 c0defa00        3     1         build/flex/obj/app/src/app_main.o:(.rodata.N_storage_real)
c0defa00 c0defa00        3     1                 N_storage_real
c0defa03 c0defa03      1fd     1         . = ALIGN ( PAGE_SIZE )
c0defc00 c0defc00        0     1         _envram_data = .
c0defc00 c0defc00        0     1         _install_parameters = .
c0defc00 c0defc00      168     1         build/flex/obj/sdk/src/app_metadata.o:(.install_parameters)
c0defc00 c0defc00      168     1                 install_parameters
c0defd68 c0defd68        0     1         _einstall_parameters = .
c0defd68 c0defd68        0     1         _nvram_end = .
d0000000 d0000000        0     1 .data
d0000000 d0000000        0     1         . = ALIGN ( 4 )
d0000000 d0000000        0     1         _data = .
d0000000 d0000000        0     1         _edata = .
d0000000 d0000000        0     1 
da7a0000 da7a0000     1df8     8 .bss
da7a0000 da7a0000        0     1         _bss = .
da7a0000 da7a0000      2d8     8         build/flex/obj/app/src/app_main.o:(.bss.G_context)
da7a0000 da7a0000      2d8     1                 G_context
da7a02d8 da7a02d8     1118     8         build/flex/obj/app/src/app_main.o:(.bss.g_zknox)
da7a02d8 da7a02d8     1118     1                 g_zknox
da7a13f0 da7a13f0       1c     4         build/flex/obj/app/src/ui/menu_nbgl.o:(.bss..L_MergedGlobals)
da7a13f0 da7a13f0       1c     1                 .L_MergedGlobals
da7a13f0 da7a13f0        1     1                 initSettingPage
da7a13f4 da7a13f4       18     1                 switches
da7a140c da7a140c       2b     4         build/flex/obj/app/src/ui/nbgl_display_address.o:(.bss.g_address)
da7a140c da7a140c       2b     1                 g_address
da7a1438 da7a1438       7f     4         build/flex/obj/app/src/ui/nbgl_display_transaction.o:(.bss..L_MergedGlobals)
da7a1438 da7a1438       7f     1                 .L_MergedGlobals
da7a1438 da7a1438       14     1                 pairList
da7a144c da7a144c       1e     1                 g_amount
da7a146c da7a146c       20     1                 pairs
da7a148c da7a148c       2b     1                 g_address
da7a14b7 da7a14b7      111     1         build/flex/obj/sdk/io/src/os_io.o:(.bss.G_io_tx_buffer)
da7a14b7 da7a14b7      111     1                 G_io_tx_buffer
da7a15c8 da7a15c8      111     1         build/flex/obj/sdk/io/src/os_io.o:(.bss.G_io_rx_buffer)
da7a15c8 da7a15c8      111     1                 G_io_rx_buffer
da7a16dc da7a16dc        c     4         build/flex/obj/sdk/io_legacy/src/os_io_legacy.o:(.bss.G_io_app)
da7a16dc da7a16dc        c     1                 G_io_app
da7a16e8 da7a16e8        2     1         build/flex/obj/sdk/io_legacy/src/os_io_legacy.o:(.bss..L_MergedGlobals)
da7a16e8 da7a16e8        2     1                 .L_MergedGlobals
da7a16e8 da7a16e8        1     1                 need_to_start_io
da7a16e9 da7a16e9        1     1                 io_os_legacy_apdu_type
da7a16ec da7a16ec      21c     4         build/flex/obj/sdk/lib_nbgl/src/nbgl_layout.o:(.bss.gLayout)
da7a16ec da7a16ec      21c     1                 gLayout
da7a1908 da7a1908        8     4         build/flex/obj/sdk/lib_nbgl/src/nbgl_layout.o:(.bss..L_MergedGlobals)
da7a1908 da7a1908        8     1                 .L_MergedGlobals
da7a1908 da7a1908        1     1                 nbTouchableControls
da7a190c da7a190c        4     1                 topLayout
da7a1910 da7a1910        b     1         build/flex/obj/sdk/lib_nbgl/src/nbgl_layout_navigation.o:(.bss.navText)
da7a1910 da7a1910        b     1                 navText
da7a191c da7a191c       90     4         build/flex/obj/sdk/lib_nbgl/src/nbgl_use_case.o:(.bss.genericContext)
da7a191c da7a191c       90     1                 genericContext
da7a19ac da7a19ac       a8     4         build/flex/obj/sdk/lib_nbgl/src/nbgl_use_case.o:(.bss.localContentsList)
da7a19ac da7a19ac       a8     1                 localContentsList
da7a1a54 da7a1a54       80     4         build/flex/obj/sdk/lib_nbgl/src/nbgl_use_case.o:(.bss.tmpString)
da7a1a54 da7a1a54       80     1                 tmpString
da7a1ad4 da7a1ad4       80     1         build/flex/obj/sdk/lib_nbgl/src/nbgl_use_case.o:(.bss.genericContextPagesInfo)
da7a1ad4 da7a1ad4       80     1                 genericContextPagesInfo
da7a1b54 da7a1b54       80     1         build/flex/obj/sdk/lib_nbgl/src/nbgl_use_case.o:(.bss.reducedAddress)
da7a1b54 da7a1b54       80     1                 reducedAddress
da7a1bd4 da7a1bd4       7c     4         build/flex/obj/sdk/lib_nbgl/src/nbgl_use_case.o:(.bss..L_MergedGlobals)
da7a1bd4 da7a1bd4       7c     1                 .L_MergedGlobals
da7a1bd4 da7a1bd4        1     1                 navType
da7a1bd8 da7a1bd8        4     1                 onQuit
da7a1bdc da7a1bdc        4     1                 onNav
da7a1be0 da7a1be0        4     1                 onControls
da7a1be4 da7a1be4        4     1                 pageTitle
da7a1be8 da7a1be8        4     1                 pageContext
da7a1bec da7a1bec        4     1                 onChoice
da7a1bf0 da7a1bf0        4     1                 onModalConfirm
da7a1bf4 da7a1bf4        4     1                 modalPageContext
da7a1bf8 da7a1bf8        4     1                 onAction
da7a1bfc da7a1bfc        4     1                 onContinue
da7a1c00 da7a1c00        4     1                 onContentAction
da7a1c04 da7a1c04       10     1                 detailsContext
da7a1c14 da7a1c14       10     1                 displayDetailsPage.currentPair
da7a1c24 da7a1c24       10     1                 modalContextPagesInfo
da7a1c34 da7a1c34       1c     1                 navInfo
da7a1c50 da7a1c50       60     4         build/flex/obj/sdk/lib_nbgl/src/nbgl_use_case.o:(.bss..L_MergedGlobals.77)
da7a1c50 da7a1c50       60     1                 .L_MergedGlobals.77
da7a1c50 da7a1c50       28     1                 bundleNavContext
da7a1c78 da7a1c78       38     1                 addressConfirmationContext
da7a1cb0 da7a1cb0      110     1         build/flex/obj/sdk/lib_standard_app/io.o:(.bss.G_io_seproxyhal_spi_buffer)
da7a1cb0 da7a1cb0      110     1                 G_io_seproxyhal_spi_buffer
da7a1dc0 da7a1dc0        1     1         build/flex/obj/sdk/lib_standard_app/io.o:(.bss.need_to_start_io)
da7a1dc0 da7a1dc0        1     1                 need_to_start_io
da7a1dc4 da7a1dc4       20     4         build/flex/obj/sdk/lib_standard_app/main.o:(.bss.G_ux_params)
da7a1dc4 da7a1dc4       20     1                 G_ux_params
da7a1de4 da7a1de4        1     1         build/flex/obj/sdk/lib_u2f_legacy/src/u2f_legacy.o:(.bss.G_io_u2f)
da7a1de4 da7a1de4        1     1                 G_io_u2f
da7a1de8 da7a1de8        a     4         build/flex/obj/sdk/lib_ux_nbgl/ux.o:(.bss..L_MergedGlobals)
da7a1de8 da7a1de8        a     1                 .L_MergedGlobals
da7a1de8 da7a1de8        4     1                 nbTicks
da7a1dec da7a1dec        6     1                 pos
da7a1df2 da7a1df2        0     1         _ebss = .
da7a1df2 da7a1df2        2     1         . = ALIGN ( 4 )
da7a1df4 da7a1df4        0     1         app_stack_canary = .
da7a1df4 da7a1df4        4     1         . += 4
da7a1df8 da7a1df8        0     1         _stack = .
da7a1df8 da7a1df8        0     1         _estack = ABSOLUTE ( END_STACK )
da7a1df8 da7a1df8        0     1 
d0000000 d0000000       10     4 DEBUG
d0000000 d0000000       10     4         <internal>:(.ARM.exidx)
       0        0       5d     1 .comment
       0        0       5d     1         <internal>:(.comment)
       0        0        4     1 ledger.target
       0        0        4     1         build/flex/obj/sdk/src/app_metadata.o:(ledger.target)
       0        0        4     1                 target
       0        0        b     1 ledger.target_name
       0        0        b     1         build/flex/obj/sdk/src/app_metadata.o:(ledger.target_name)
       0        0        b     1                 target_name
       0        0        a     1 ledger.target_id
       0        0        a     1         build/flex/obj/sdk/src/app_metadata.o:(ledger.target_id)
       0        0        a     1                 target_id
       0        0        5     1 ledger.app_name
       0        0        5     1         build/flex/obj/sdk/src/app_metadata.o:(ledger.app_name)
       0        0        5     1                 app_name
       0        0        5     1 ledger.app_version
       0        0        5     1         build/flex/obj/sdk/src/app_metadata.o:(ledger.app_version)
       0        0        5     1                 app_version
       0        0        2     1 ledger.api_level
       0        0        2     1         build/flex/obj/sdk/src/app_metadata.o:(ledger.api_level)
       0        0        2     1                 api_level
       0        0       11     1 ledger.sdk_name
       0        0       11     1         build/flex/obj/sdk/src/app_metadata.o:(ledger.sdk_name)
       0        0       11     1                 sdk_name
       0        0        7     1 ledger.sdk_version
       0        0        7     1         build/flex/obj/sdk/src/app_metadata.o:(ledger.sdk_version)
       0        0        7     1                 sdk_version
       0        0       28     1 ledger.sdk_hash
       0        0       28     1         build/flex/obj/sdk/src/app_metadata.o:(ledger.sdk_hash)
       0        0       28     1                 sdk_hash
       0        0        4     1 ledger.sdk_graphics
       0        0        4     1         build/flex/obj/sdk/src/app_metadata.o:(ledger.sdk_graphics)
       0        0        4     1                 sdk_graphics
d0000010 d0000010        0     1 PROVIDE ( _nvram = ABSOLUTE ( _nvram_start ) )
d0000010 d0000010        0     1 PROVIDE ( _envram = ABSOLUTE ( _nvram_end ) )
       0        0       45     1 .ARM.attributes
       0        0       45     1         build/flex/gen_src/glyphs.o:(.ARM.attributes)
       0        0     5680     4 .symtab
       0        0     5680     4         <internal>:(.symtab)
       0        0       f8     1 .shstrtab
       0        0       f8     1         <internal>:(.shstrtab)
       0        0     48ff     1 .strtab
       0        0     48ff     1         <internal>:(.strtab)
