     VMA      LMA     Size Align Out     In      Symbol
       0        0        0     1 PAGE_SIZE = 512
       0        0        0     1 STACK_MIN_SIZE = DEFINED ( stack_min_size ) ? stack_min_size : 1500
       0        0        0     1 END_STACK = ORIGIN ( SRAM ) + LENGTH ( SRAM )
c0de0000 c0de0000     f76b     4 .text
c0de0000 c0de0000        0     1         _text = .
c0de0000 c0de0000        0     1         _nvram_start = .
c0de0000 c0de0000       14     2         build/flex/obj/sdk/lib_standard_app/main.o:(.boot)
c0de0000 c0de0000        0     1                 $t.3
c0de0001 c0de0001       14     1                 main
c0de0014 c0de0014        0     1         _code = .
c0de0014 c0de0014       4a     2         build/flex/obj/app/src/address.o:(.text.address_from_pubkey)
c0de0014 c0de0014        0     1                 $t.0
c0de0015 c0de0015       4a     1                 address_from_pubkey
c0de005e c0de005e      22e     2         build/flex/obj/app/src/apdu/dispatcher.o:(.text.apdu_dispatcher)
c0de005e c0de005e        0     1                 $t.0
c0de005f c0de005f      22e     1                 apdu_dispatcher
c0de028c c0de028c        e     2         build/flex/obj/app/src/apdu/dispatcher.o:(.text.io_send_sw)
c0de028c c0de028c        0     1                 $t.1
c0de028d c0de028d        e     1                 io_send_sw
c0de029a c0de029a        8     2         build/flex/obj/app/src/apdu/dispatcher.o:(.text.OUTLINED_FUNCTION_0)
c0de029a c0de029a        0     1                 $t.2
c0de029b c0de029b        8     1                 OUTLINED_FUNCTION_0
c0de02a4 c0de02a4       88     4         build/flex/obj/app/src/app_main.o:(.text.app_main)
c0de02a4 c0de02a4        0     1                 $t.0
c0de02a5 c0de02a5       88     1                 app_main
c0de031c c0de031c        0     1                 $d.1
c0de032c c0de032c       28     4         build/flex/obj/app/src/handler/get_app_name.o:(.text.handler_get_app_name)
c0de032c c0de032c        0     1                 $t.0
c0de032d c0de032d       28     1                 handler_get_app_name
c0de0350 c0de0350        0     1                 $d.1
c0de0354 c0de0354       98     4         build/flex/obj/app/src/handler/get_public_key.o:(.text.handler_get_public_key)
c0de0354 c0de0354        0     1                 $t.0
c0de0355 c0de0355       98     1                 handler_get_public_key
c0de03e8 c0de03e8        0     1                 $d.1
c0de03ec c0de03ec        e     2         build/flex/obj/app/src/handler/get_public_key.o:(.text.io_send_sw)
c0de03ec c0de03ec        0     1                 $t.2
c0de03ed c0de03ed        e     1                 io_send_sw
c0de03fa c0de03fa       2e     2         build/flex/obj/app/src/handler/get_version.o:(.text.handler_get_version)
c0de03fa c0de03fa        0     1                 $t.0
c0de03fb c0de03fb       2e     1                 handler_get_version
c0de0428 c0de0428      128     4         build/flex/obj/app/src/handler/sign_tx.o:(.text.handler_sign_tx)
c0de0428 c0de0428        0     1                 $t.0
c0de0429 c0de0429      128     1                 handler_sign_tx
c0de0548 c0de0548        0     1                 $d.1
c0de0550 c0de0550        e     2         build/flex/obj/app/src/handler/sign_tx.o:(.text.io_send_sw)
c0de0550 c0de0550        0     1                 $t.2
c0de0551 c0de0551        e     1                 io_send_sw
c0de055e c0de055e       10     2         build/flex/obj/app/src/handler/zkn_magicbox.o:(.text.handler_cmd_dummy)
c0de055e c0de055e        0     1                 $t.0
c0de055f c0de055f       10     1                 handler_cmd_dummy
c0de056e c0de056e       16     2         build/flex/obj/app/src/handler/zkn_magicbox.o:(.text.io_send_response_pointer)
c0de056e c0de056e        0     1                 $t.1
c0de056f c0de056f       16     1                 io_send_response_pointer
c0de0584 c0de0584        e     2         build/flex/obj/app/src/handler/zkn_magicbox.o:(.text.io_send_sw)
c0de0584 c0de0584        0     1                 $t.2
c0de0585 c0de0585        e     1                 io_send_sw
c0de0592 c0de0592       30     2         build/flex/obj/app/src/handler/zkn_magicbox.o:(.text.handler_cmd_keccakH)
c0de0592 c0de0592        0     1                 $t.3
c0de0593 c0de0593       30     1                 handler_cmd_keccakH
c0de05c4 c0de05c4       70     4         build/flex/obj/app/src/handler/zkn_magicbox.o:(.text.handler_cmd_keccak_prng)
c0de05c4 c0de05c4        0     1                 $t.4
c0de05c5 c0de05c5       70     1                 handler_cmd_keccak_prng
c0de0630 c0de0630        0     1                 $d.5
c0de0634 c0de0634       1e     2         build/flex/obj/app/src/handler/zkn_magicbox.o:(.text.handler_cmd_sample_in_ball)
c0de0634 c0de0634        0     1                 $t.6
c0de0635 c0de0635       1e     1                 handler_cmd_sample_in_ball
c0de0652 c0de0652       28     2         build/flex/obj/app/src/handler/zkn_magicbox.o:(.text.handler_cmd_keygen_core_dilithium)
c0de0652 c0de0652        0     1                 $t.7
c0de0653 c0de0653       28     1                 handler_cmd_keygen_core_dilithium
c0de067a c0de067a       26     2         build/flex/obj/app/src/handler/zkn_magicbox.o:(.text.handler_cmd_keygen_dilithium)
c0de067a c0de067a        0     1                 $t.8
c0de067b c0de067b       26     1                 handler_cmd_keygen_dilithium
c0de06a0 c0de06a0       d0     4         build/flex/obj/app/src/handler/zkn_magicbox.o:(.text.handler_cmd_sign_dilithium)
c0de06a0 c0de06a0        0     1                 $t.9
c0de06a1 c0de06a1       d0     1                 handler_cmd_sign_dilithium
c0de0768 c0de0768        0     1                 $d.10
c0de0770 c0de0770       44     4         build/flex/obj/app/src/handler/zkn_magicbox.o:(.text.handler_cmd_verify_dilithium)
c0de0770 c0de0770        0     1                 $t.11
c0de0771 c0de0771       44     1                 handler_cmd_verify_dilithium
c0de07ac c0de07ac        0     1                 $d.12
c0de07b4 c0de07b4       20     4         build/flex/obj/app/src/handler/zkn_magicbox.o:(.text.handler_cmd_get_sig_chunk)
c0de07b4 c0de07b4        0     1                 $t.13
c0de07b5 c0de07b5       20     1                 handler_cmd_get_sig_chunk
c0de07d0 c0de07d0        0     1                 $d.14
c0de07d4 c0de07d4       20     4         build/flex/obj/app/src/handler/zkn_magicbox.o:(.text.handler_cmd_get_pk_chunk)
c0de07d4 c0de07d4        0     1                 $t.15
c0de07d5 c0de07d5       20     1                 handler_cmd_get_pk_chunk
c0de07f0 c0de07f0        0     1                 $d.16
c0de07f4 c0de07f4       5c     4         build/flex/obj/app/src/handler/zkn_magicbox.o:(.text.handler_cmd_Poseidon_ithRC)
c0de07f4 c0de07f4        0     1                 $t.17
c0de07f5 c0de07f5       5c     1                 handler_cmd_Poseidon_ithRC
c0de084c c0de084c        0     1                 $d.18
c0de0850 c0de0850      174     4         build/flex/obj/app/src/handler/zkn_magicbox.o:(.text.handler_cmd_tEdwards)
c0de0850 c0de0850        0     1                 $t.19
c0de0851 c0de0851      174     1                 handler_cmd_tEdwards
c0de09b4 c0de09b4        0     1                 $d.20
c0de09c4 c0de09c4        8     2         build/flex/obj/app/src/handler/zkn_magicbox.o:(.text.OUTLINED_FUNCTION_0)
c0de09c4 c0de09c4        0     1                 $t.21
c0de09c5 c0de09c5        8     1                 OUTLINED_FUNCTION_0
c0de09cc c0de09cc        8     2         build/flex/obj/app/src/handler/zkn_magicbox.o:(.text.OUTLINED_FUNCTION_1)
c0de09cc c0de09cc        0     1                 $t.22
c0de09cd c0de09cd        8     1                 OUTLINED_FUNCTION_1
c0de09d4 c0de09d4        8     2         build/flex/obj/app/src/handler/zkn_magicbox.o:(.text.OUTLINED_FUNCTION_2)
c0de09d4 c0de09d4        0     1                 $t.23
c0de09d5 c0de09d5        8     1                 OUTLINED_FUNCTION_2
c0de09dc c0de09dc       44     4         build/flex/obj/app/src/helper/send_reponse.o:(.text.helper_send_response_pubkey)
c0de09dc c0de09dc        0     1                 $t.0
c0de09dd c0de09dd       44     1                 helper_send_response_pubkey
c0de0a1c c0de0a1c        0     1                 $d.1
c0de0a20 c0de0a20       18     2         build/flex/obj/app/src/helper/send_reponse.o:(.text.io_send_response_pointer)
c0de0a20 c0de0a20        0     1                 $t.2
c0de0a21 c0de0a21       18     1                 io_send_response_pointer
c0de0a38 c0de0a38       44     4         build/flex/obj/app/src/helper/send_reponse.o:(.text.helper_send_response_sig)
c0de0a38 c0de0a38        0     1                 $t.3
c0de0a39 c0de0a39       44     1                 helper_send_response_sig
c0de0a78 c0de0a78        0     1                 $d.4
c0de0a7c c0de0a7c       be     2         build/flex/obj/app/src/transaction/deserialize.o:(.text.transaction_deserialize)
c0de0a7c c0de0a7c        0     1                 $t.0
c0de0a7d c0de0a7d       be     1                 transaction_deserialize
c0de0b3a c0de0b3a       3a     2         build/flex/obj/app/src/transaction/utils.o:(.text.transaction_utils_check_encoding)
c0de0b3a c0de0b3a        0     1                 $t.0
c0de0b3b c0de0b3b       3a     1                 transaction_utils_check_encoding
c0de0b74 c0de0b74        e     2         build/flex/obj/app/src/ui/action/validate.o:(.text.validate_pubkey)
c0de0b74 c0de0b74        0     1                 $t.0
c0de0b75 c0de0b75        e     1                 validate_pubkey
c0de0b82 c0de0b82        e     2         build/flex/obj/app/src/ui/action/validate.o:(.text.io_send_sw)
c0de0b82 c0de0b82        0     1                 $t.1
c0de0b83 c0de0b83        e     1                 io_send_sw
c0de0b90 c0de0b90       a4     4         build/flex/obj/app/src/ui/action/validate.o:(.text.validate_transaction)
c0de0b90 c0de0b90        0     1                 $t.2
c0de0b91 c0de0b91       a4     1                 validate_transaction
c0de0c30 c0de0c30        0     1                 $d.3
c0de0c34 c0de0c34        6     2         build/flex/obj/app/src/ui/menu_nbgl.o:(.text.app_quit)
c0de0c34 c0de0c34        0     1                 $t.0
c0de0c35 c0de0c35        6     1                 app_quit
c0de0c3c c0de0c3c       98     4         build/flex/obj/app/src/ui/menu_nbgl.o:(.text.ui_menu_main)
c0de0c3c c0de0c3c        0     1                 $t.1
c0de0c3d c0de0c3d       98     1                 ui_menu_main
c0de0ca8 c0de0ca8        0     1                 $d.2
c0de0cd4 c0de0cd4       b4     4         build/flex/obj/app/src/ui/menu_nbgl.o:(.text.controls_callback)
c0de0cd4 c0de0cd4        0     1                 $t.3
c0de0cd5 c0de0cd5       b4     1                 controls_callback
c0de0d60 c0de0d60        0     1                 $d.4
c0de0d88 c0de0d88       7c     4         build/flex/obj/app/src/ui/menu_nbgl.o:(.text.review_warning_choice)
c0de0d88 c0de0d88        0     1                 $t.5
c0de0d89 c0de0d89       7c     1                 review_warning_choice
c0de0de8 c0de0de8        0     1                 $d.6
c0de0e04 c0de0e04        6     2         build/flex/obj/app/src/ui/menu_nbgl.o:(.text.OUTLINED_FUNCTION_0)
c0de0e04 c0de0e04        0     1                 $t.7
c0de0e05 c0de0e05        6     1                 OUTLINED_FUNCTION_0
c0de0e0c c0de0e0c       a4     4         build/flex/obj/app/src/ui/nbgl_display_address.o:(.text.ui_display_address)
c0de0e0c c0de0e0c        0     1                 $t.0
c0de0e0d c0de0e0d       a4     1                 ui_display_address
c0de0e9c c0de0e9c        0     1                 $d.1
c0de0eb0 c0de0eb0        e     2         build/flex/obj/app/src/ui/nbgl_display_address.o:(.text.io_send_sw)
c0de0eb0 c0de0eb0        0     1                 $t.2
c0de0eb1 c0de0eb1        e     1                 io_send_sw
c0de0ec0 c0de0ec0       20     4         build/flex/obj/app/src/ui/nbgl_display_address.o:(.text.review_choice)
c0de0ec0 c0de0ec0        0     1                 $t.3
c0de0ec1 c0de0ec1       20     1                 review_choice
c0de0edc c0de0edc        0     1                 $d.4
c0de0ee0 c0de0ee0      144     4         build/flex/obj/app/src/ui/nbgl_display_transaction.o:(.text.ui_display_transaction_bs_choice)
c0de0ee0 c0de0ee0        0     1                 $t.0
c0de0ee1 c0de0ee1      144     1                 ui_display_transaction_bs_choice
c0de0ff8 c0de0ff8        0     1                 $d.1
c0de1024 c0de1024        e     2         build/flex/obj/app/src/ui/nbgl_display_transaction.o:(.text.io_send_sw)
c0de1024 c0de1024        0     1                 $t.2
c0de1025 c0de1025        e     1                 io_send_sw
c0de1034 c0de1034       1c     4         build/flex/obj/app/src/ui/nbgl_display_transaction.o:(.text.review_choice)
c0de1034 c0de1034        0     1                 $t.3
c0de1035 c0de1035       1c     1                 review_choice
c0de104c c0de104c        0     1                 $d.4
c0de1050 c0de1050        6     2         build/flex/obj/app/src/ui/nbgl_display_transaction.o:(.text.ui_display_blind_signed_transaction)
c0de1050 c0de1050        0     1                 $t.5
c0de1051 c0de1051        6     1                 ui_display_blind_signed_transaction
c0de1056 c0de1056        6     2         build/flex/obj/app/src/ui/nbgl_display_transaction.o:(.text.ui_display_transaction)
c0de1056 c0de1056        0     1                 $t.6
c0de1057 c0de1057        6     1                 ui_display_transaction
c0de105c c0de105c        8     2         build/flex/obj/app/src/zknox/dilithium/keccak256.o:(.text.keccak_init)
c0de105c c0de105c        0     1                 $t.1
c0de105d c0de105d        8     1                 keccak_init
c0de1064 c0de1064        4     2         build/flex/obj/app/src/zknox/dilithium/keccak256.o:(.text.keccak_update)
c0de1064 c0de1064        0     1                 $t.2
c0de1065 c0de1065        4     1                 keccak_update
c0de1068 c0de1068        4     2         build/flex/obj/app/src/zknox/dilithium/keccak256.o:(.text.keccak_final)
c0de1068 c0de1068        0     1                 $t.3
c0de1069 c0de1069        4     1                 keccak_final
c0de106c c0de106c       22     2         build/flex/obj/app/src/zknox/dilithium/keccak_prng.o:(.text.inner_keccak256_init)
c0de106c c0de106c        0     1                 $t.0
c0de106d c0de106d       22     1                 inner_keccak256_init
c0de108e c0de108e       24     2         build/flex/obj/app/src/zknox/dilithium/keccak_prng.o:(.text.inner_keccak256_inject)
c0de108e c0de108e        0     1                 $t.1
c0de108f c0de108f       24     1                 inner_keccak256_inject
c0de10b2 c0de10b2       2c     2         build/flex/obj/app/src/zknox/dilithium/keccak_prng.o:(.text.inner_keccak256_flip)
c0de10b2 c0de10b2        0     1                 $t.2
c0de10b3 c0de10b3       2c     1                 inner_keccak256_flip
c0de10de c0de10de      108     2         build/flex/obj/app/src/zknox/dilithium/keccak_prng.o:(.text.inner_keccak256_extract)
c0de10de c0de10de        0     1                 $t.3
c0de10df c0de10df      108     1                 inner_keccak256_extract
c0de11e6 c0de11e6       2c     2         build/flex/obj/app/src/zknox/dilithium/lowram.o:(.text.pqcrystals_dilithium2_lowram_pack_sig_h)
c0de11e6 c0de11e6        0     1                 $t.3
c0de11e7 c0de11e7       2c     1                 pqcrystals_dilithium2_lowram_pack_sig_h
c0de1212 c0de1212       18     2         build/flex/obj/app/src/zknox/dilithium/lowram.o:(.text.pqcrystals_dilithium2_lowram_pack_sig_h_zero)
c0de1212 c0de1212        0     1                 $t.4
c0de1213 c0de1213       18     1                 pqcrystals_dilithium2_lowram_pack_sig_h_zero
c0de122a c0de122a       6a     2         build/flex/obj/app/src/zknox/dilithium/lowram.o:(.text.poly_challenge_compress)
c0de122a c0de122a        0     1                 $t.8
c0de122b c0de122b       6a     1                 poly_challenge_compress
c0de1294 c0de1294       64     2         build/flex/obj/app/src/zknox/dilithium/lowram.o:(.text.poly_challenge_decompress)
c0de1294 c0de1294        0     1                 $t.9
c0de1295 c0de1295       64     1                 poly_challenge_decompress
c0de12f8 c0de12f8       f4     2         build/flex/obj/app/src/zknox/dilithium/lowram.o:(.text.poly_schoolbook)
c0de12f8 c0de12f8        0     1                 $t.10
c0de12f9 c0de12f9       f4     1                 poly_schoolbook
c0de13ec c0de13ec       96     2         build/flex/obj/app/src/zknox/dilithium/lowram.o:(.text.polyt0_unpack_idx)
c0de13ec c0de13ec        0     1                 $t.11
c0de13ed c0de13ed       96     1                 polyt0_unpack_idx
c0de1484 c0de1484      108     4         build/flex/obj/app/src/zknox/dilithium/lowram.o:(.text.poly_schoolbook_t1)
c0de1484 c0de1484        0     1                 $t.12
c0de1485 c0de1485      108     1                 poly_schoolbook_t1
c0de1588 c0de1588        0     1                 $d.13
c0de158c c0de158c       46     2         build/flex/obj/app/src/zknox/dilithium/lowram.o:(.text.polyt1_unpack_idx)
c0de158c c0de158c        0     1                 $t.14
c0de158d c0de158d       46     1                 polyt1_unpack_idx
c0de15d2 c0de15d2       3c     2         build/flex/obj/app/src/zknox/dilithium/lowram.o:(.text.polyw_pack)
c0de15d2 c0de15d2        0     1                 $t.15
c0de15d3 c0de15d3       3c     1                 polyw_pack
c0de160e c0de160e       30     2         build/flex/obj/app/src/zknox/dilithium/lowram.o:(.text.polyw_unpack)
c0de160e c0de160e        0     1                 $t.16
c0de160f c0de160f       30     1                 polyw_unpack
c0de163e c0de163e       30     2         build/flex/obj/app/src/zknox/dilithium/lowram.o:(.text.polyw_sub)
c0de163e c0de163e        0     1                 $t.17
c0de163f c0de163f       30     1                 polyw_sub
c0de166e c0de166e       30     2         build/flex/obj/app/src/zknox/dilithium/lowram.o:(.text.poly_highbits)
c0de166e c0de166e        0     1                 $t.18
c0de166f c0de166f       30     1                 poly_highbits
c0de16a0 c0de16a0       60     4         build/flex/obj/app/src/zknox/dilithium/lowram.o:(.text.poly_lowbits)
c0de16a0 c0de16a0        0     1                 $t.19
c0de16a1 c0de16a1       60     1                 poly_lowbits
c0de16f4 c0de16f4        0     1                 $d.20
c0de1700 c0de1700        e     2         build/flex/obj/app/src/zknox/dilithium/lowram.o:(.text.unpack_sk_s1)
c0de1700 c0de1700        0     1                 $t.21
c0de1701 c0de1701        e     1                 unpack_sk_s1
c0de170e c0de170e       10     2         build/flex/obj/app/src/zknox/dilithium/lowram.o:(.text.unpack_sk_s2)
c0de170e c0de170e        0     1                 $t.22
c0de170f c0de170f       10     1                 unpack_sk_s2
c0de171e c0de171e       2a     2         build/flex/obj/app/src/zknox/dilithium/lowram.o:(.text.polyw_add_idx)
c0de171e c0de171e        0     1                 $t.25
c0de171f c0de171f       2a     1                 polyw_add_idx
c0de1748 c0de1748       88     4         build/flex/obj/app/src/zknox/dilithium/lowram.o:(.text.poly_uniform_pointwise_montgomery_polywadd_lowram_eth)
c0de1748 c0de1748        0     1                 $t.26
c0de1749 c0de1749       88     1                 poly_uniform_pointwise_montgomery_polywadd_lowram_eth
c0de17cc c0de17cc        0     1                 $d.27
c0de17d0 c0de17d0       58     2         build/flex/obj/app/src/zknox/dilithium/lowram.o:(.text.polyz_unpack_inplace)
c0de17d0 c0de17d0        0     1                 $t.29
c0de17d1 c0de17d1       58     1                 polyz_unpack_inplace
c0de1828 c0de1828       6c     2         build/flex/obj/app/src/zknox/dilithium/lowram.o:(.text.poly_uniform_gamma1_lowram_eth)
c0de1828 c0de1828        0     1                 $t.30
c0de1829 c0de1829       6c     1                 poly_uniform_gamma1_lowram_eth
c0de1894 c0de1894       70     2         build/flex/obj/app/src/zknox/dilithium/lowram.o:(.text.poly_uniform_gamma1_add_lowram_eth)
c0de1894 c0de1894        0     1                 $t.32
c0de1895 c0de1895       70     1                 poly_uniform_gamma1_add_lowram_eth
c0de1904 c0de1904       74     4         build/flex/obj/app/src/zknox/dilithium/lowram.o:(.text.poly_make_hint_lowram)
c0de1904 c0de1904        0     1                 $t.33
c0de1905 c0de1905       74     1                 poly_make_hint_lowram
c0de1974 c0de1974        0     1                 $d.34
c0de1978 c0de1978       7c     2         build/flex/obj/app/src/zknox/dilithium/lowram.o:(.text.unpack_sig_h_indices)
c0de1978 c0de1978        0     1                 $t.35
c0de1979 c0de1979       7c     1                 unpack_sig_h_indices
c0de19f4 c0de19f4       3e     2         build/flex/obj/app/src/zknox/dilithium/lowram.o:(.text.poly_use_hint_lowram)
c0de19f4 c0de19f4        0     1                 $t.36
c0de19f5 c0de19f5       3e     1                 poly_use_hint_lowram
c0de1a32 c0de1a32       10     2         build/flex/obj/app/src/zknox/dilithium/lowram.o:(.text.pack_pk_rho)
c0de1a32 c0de1a32        0     1                 $t.37
c0de1a33 c0de1a33       10     1                 pack_pk_rho
c0de1a42 c0de1a42        e     2         build/flex/obj/app/src/zknox/dilithium/lowram.o:(.text.pack_pk_t1)
c0de1a42 c0de1a42        0     1                 $t.38
c0de1a43 c0de1a43        e     1                 pack_pk_t1
c0de1a50 c0de1a50        e     2         build/flex/obj/app/src/zknox/dilithium/lowram.o:(.text.pack_sk_s1)
c0de1a50 c0de1a50        0     1                 $t.39
c0de1a51 c0de1a51        e     1                 pack_sk_s1
c0de1a5e c0de1a5e       10     2         build/flex/obj/app/src/zknox/dilithium/lowram.o:(.text.pack_sk_s2)
c0de1a5e c0de1a5e        0     1                 $t.40
c0de1a5f c0de1a5f       10     1                 pack_sk_s2
c0de1a6e c0de1a6e       10     2         build/flex/obj/app/src/zknox/dilithium/lowram.o:(.text.pack_sk_t0)
c0de1a6e c0de1a6e        0     1                 $t.41
c0de1a6f c0de1a6f       10     1                 pack_sk_t0
c0de1a7e c0de1a7e       10     2         build/flex/obj/app/src/zknox/dilithium/lowram.o:(.text.pack_sk_rho)
c0de1a7e c0de1a7e        0     1                 $t.42
c0de1a7f c0de1a7f       10     1                 pack_sk_rho
c0de1a8e c0de1a8e       12     2         build/flex/obj/app/src/zknox/dilithium/lowram.o:(.text.pack_sk_key)
c0de1a8e c0de1a8e        0     1                 $t.43
c0de1a8f c0de1a8f       12     1                 pack_sk_key
c0de1aa0 c0de1aa0       12     2         build/flex/obj/app/src/zknox/dilithium/lowram.o:(.text.pack_sk_tr)
c0de1aa0 c0de1aa0        0     1                 $t.44
c0de1aa1 c0de1aa1       12     1                 pack_sk_tr
c0de1ab2 c0de1ab2       2c     2         build/flex/obj/app/src/zknox/dilithium/lowram.o:(.text.pqcrystals_dilithium2_lowram_poly_pointwise_acc_montgomery)
c0de1ab2 c0de1ab2        0     1                 $t.46
c0de1ab3 c0de1ab3       2c     1                 pqcrystals_dilithium2_lowram_poly_pointwise_acc_montgomery
c0de1ade c0de1ade       18     2         build/flex/obj/app/src/zknox/dilithium/lowram.o:(.text.OUTLINED_FUNCTION_0)
c0de1ade c0de1ade        0     1                 $t.47
c0de1adf c0de1adf       18     1                 OUTLINED_FUNCTION_0
c0de1af6 c0de1af6       12     2         build/flex/obj/app/src/zknox/dilithium/lowram.o:(.text.OUTLINED_FUNCTION_1)
c0de1af6 c0de1af6        0     1                 $t.48
c0de1af7 c0de1af7       12     1                 OUTLINED_FUNCTION_1
c0de1b08 c0de1b08        c     2         build/flex/obj/app/src/zknox/dilithium/lowram.o:(.text.OUTLINED_FUNCTION_2)
c0de1b08 c0de1b08        0     1                 $t.49
c0de1b09 c0de1b09        c     1                 OUTLINED_FUNCTION_2
c0de1b14 c0de1b14        8     2         build/flex/obj/app/src/zknox/dilithium/lowram.o:(.text.OUTLINED_FUNCTION_3)
c0de1b14 c0de1b14        0     1                 $t.50
c0de1b15 c0de1b15        8     1                 OUTLINED_FUNCTION_3
c0de1b1c c0de1b1c        a     2         build/flex/obj/app/src/zknox/dilithium/lowram.o:(.text.OUTLINED_FUNCTION_4)
c0de1b1c c0de1b1c        0     1                 $t.51
c0de1b1d c0de1b1d        a     1                 OUTLINED_FUNCTION_4
c0de1b28 c0de1b28       68     4         build/flex/obj/app/src/zknox/dilithium/ntt.o:(.text.pqcrystals_dilithium2_lowram_ntt)
c0de1b28 c0de1b28        0     1                 $t.0
c0de1b29 c0de1b29       68     1                 pqcrystals_dilithium2_lowram_ntt
c0de1b8c c0de1b8c        0     1                 $d.1
c0de1b90 c0de1b90       94     4         build/flex/obj/app/src/zknox/dilithium/ntt.o:(.text.pqcrystals_dilithium2_lowram_invntt_tomont)
c0de1b90 c0de1b90        0     1                 $t.2
c0de1b91 c0de1b91       94     1                 pqcrystals_dilithium2_lowram_invntt_tomont
c0de1c20 c0de1c20        0     1                 $d.3
c0de1c24 c0de1c24       1e     2         build/flex/obj/app/src/zknox/dilithium/poly.o:(.text.pqcrystals_dilithium2_lowram_poly_reduce)
c0de1c24 c0de1c24        0     1                 $t.0
c0de1c25 c0de1c25       1e     1                 pqcrystals_dilithium2_lowram_poly_reduce
c0de1c42 c0de1c42       1e     2         build/flex/obj/app/src/zknox/dilithium/poly.o:(.text.pqcrystals_dilithium2_lowram_poly_caddq)
c0de1c42 c0de1c42        0     1                 $t.1
c0de1c43 c0de1c43       1e     1                 pqcrystals_dilithium2_lowram_poly_caddq
c0de1c60 c0de1c60       1e     2         build/flex/obj/app/src/zknox/dilithium/poly.o:(.text.pqcrystals_dilithium2_lowram_poly_add)
c0de1c60 c0de1c60        0     1                 $t.2
c0de1c61 c0de1c61       1e     1                 pqcrystals_dilithium2_lowram_poly_add
c0de1c7e c0de1c7e        4     2         build/flex/obj/app/src/zknox/dilithium/poly.o:(.text.pqcrystals_dilithium2_lowram_poly_ntt)
c0de1c7e c0de1c7e        0     1                 $t.5
c0de1c7f c0de1c7f        4     1                 pqcrystals_dilithium2_lowram_poly_ntt
c0de1c82 c0de1c82        4     2         build/flex/obj/app/src/zknox/dilithium/poly.o:(.text.pqcrystals_dilithium2_lowram_poly_invntt_tomont)
c0de1c82 c0de1c82        0     1                 $t.6
c0de1c83 c0de1c83        4     1                 pqcrystals_dilithium2_lowram_poly_invntt_tomont
c0de1c86 c0de1c86       26     2         build/flex/obj/app/src/zknox/dilithium/poly.o:(.text.pqcrystals_dilithium2_lowram_poly_pointwise_montgomery)
c0de1c86 c0de1c86        0     1                 $t.7
c0de1c87 c0de1c87       26     1                 pqcrystals_dilithium2_lowram_poly_pointwise_montgomery
c0de1cac c0de1cac       1c     2         build/flex/obj/app/src/zknox/dilithium/poly.o:(.text.pqcrystals_dilithium2_lowram_poly_power2round)
c0de1cac c0de1cac        0     1                 $t.8
c0de1cad c0de1cad       1c     1                 pqcrystals_dilithium2_lowram_poly_power2round
c0de1cc8 c0de1cc8       2c     4         build/flex/obj/app/src/zknox/dilithium/poly.o:(.text.pqcrystals_dilithium2_lowram_poly_chknorm)
c0de1cc8 c0de1cc8        0     1                 $t.12
c0de1cc9 c0de1cc9       2c     1                 pqcrystals_dilithium2_lowram_poly_chknorm
c0de1cf0 c0de1cf0        0     1                 $d.13
c0de1cf4 c0de1cf4       a4     2         build/flex/obj/app/src/zknox/dilithium/poly.o:(.text.pqcrystals_dilithium2_lowram_poly_uniform)
c0de1cf4 c0de1cf4        0     1                 $t.14
c0de1cf5 c0de1cf5       a4     1                 pqcrystals_dilithium2_lowram_poly_uniform
c0de1d98 c0de1d98       44     4         build/flex/obj/app/src/zknox/dilithium/poly.o:(.text.rej_uniform)
c0de1d98 c0de1d98        0     1                 $t.15
c0de1d99 c0de1d99       44     1                 rej_uniform
c0de1dd8 c0de1dd8        0     1                 $d.16
c0de1ddc c0de1ddc       ae     2         build/flex/obj/app/src/zknox/dilithium/poly.o:(.text.pqcrystals_dilithium2_lowram_poly_uniform_eta)
c0de1ddc c0de1ddc        0     1                 $t.17
c0de1ddd c0de1ddd       ae     1                 pqcrystals_dilithium2_lowram_poly_uniform_eta
c0de1e8a c0de1e8a       a0     2         build/flex/obj/app/src/zknox/dilithium/poly.o:(.text.pqcrystals_dilithium2_lowram_polyz_unpack)
c0de1e8a c0de1e8a        0     1                 $t.19
c0de1e8b c0de1e8b       a0     1                 pqcrystals_dilithium2_lowram_polyz_unpack
c0de1f2a c0de1f2a       7c     2         build/flex/obj/app/src/zknox/dilithium/poly.o:(.text.pqcrystals_dilithium2_lowram_polyeta_pack)
c0de1f2a c0de1f2a        0     1                 $t.21
c0de1f2b c0de1f2b       7c     1                 pqcrystals_dilithium2_lowram_polyeta_pack
c0de1fa6 c0de1fa6       b6     2         build/flex/obj/app/src/zknox/dilithium/poly.o:(.text.pqcrystals_dilithium2_lowram_poly_challenge_eth)
c0de1fa6 c0de1fa6        0     1                 $t.22
c0de1fa7 c0de1fa7       b6     1                 pqcrystals_dilithium2_lowram_poly_challenge_eth
c0de205c c0de205c       48     2         build/flex/obj/app/src/zknox/dilithium/poly.o:(.text.pqcrystals_dilithium2_lowram_polyt1_pack)
c0de205c c0de205c        0     1                 $t.24
c0de205d c0de205d       48     1                 pqcrystals_dilithium2_lowram_polyt1_pack
c0de20a4 c0de20a4       aa     2         build/flex/obj/app/src/zknox/dilithium/poly.o:(.text.pqcrystals_dilithium2_lowram_polyt0_pack)
c0de20a4 c0de20a4        0     1                 $t.26
c0de20a5 c0de20a5       aa     1                 pqcrystals_dilithium2_lowram_polyt0_pack
c0de214e c0de214e       62     2         build/flex/obj/app/src/zknox/dilithium/poly.o:(.text.pqcrystals_dilithium2_lowram_polyz_pack)
c0de214e c0de214e        0     1                 $t.28
c0de214f c0de214f       62     1                 pqcrystals_dilithium2_lowram_polyz_pack
c0de21b0 c0de21b0       46     2         build/flex/obj/app/src/zknox/dilithium/poly.o:(.text.pqcrystals_dilithium2_lowram_polyw1_pack)
c0de21b0 c0de21b0        0     1                 $t.29
c0de21b1 c0de21b1       46     1                 pqcrystals_dilithium2_lowram_polyw1_pack
c0de21f6 c0de21f6        a     2         build/flex/obj/app/src/zknox/dilithium/poly.o:(.text.OUTLINED_FUNCTION_0)
c0de21f6 c0de21f6        0     1                 $t.30
c0de21f7 c0de21f7        a     1                 OUTLINED_FUNCTION_0
c0de2200 c0de2200        c     2         build/flex/obj/app/src/zknox/dilithium/poly.o:(.text.OUTLINED_FUNCTION_1)
c0de2200 c0de2200        0     1                 $t.31
c0de2201 c0de2201        c     1                 OUTLINED_FUNCTION_1
c0de220c c0de220c        4     2         build/flex/obj/app/src/zknox/dilithium/randombytes.o:(.text.randombytes)
c0de220c c0de220c        0     1                 $t.0
c0de220d c0de220d        4     1                 randombytes
c0de2210 c0de2210       18     4         build/flex/obj/app/src/zknox/dilithium/reduce.o:(.text.pqcrystals_dilithium2_lowram_montgomery_reduce)
c0de2210 c0de2210        0     1                 $t.0
c0de2211 c0de2211       18     1                 pqcrystals_dilithium2_lowram_montgomery_reduce
c0de2220 c0de2220        0     1                 $d.1
c0de2228 c0de2228       14     4         build/flex/obj/app/src/zknox/dilithium/reduce.o:(.text.pqcrystals_dilithium2_lowram_reduce32)
c0de2228 c0de2228        0     1                 $t.2
c0de2229 c0de2229       14     1                 pqcrystals_dilithium2_lowram_reduce32
c0de2238 c0de2238        0     1                 $d.3
c0de223c c0de223c       10     4         build/flex/obj/app/src/zknox/dilithium/reduce.o:(.text.pqcrystals_dilithium2_lowram_caddq)
c0de223c c0de223c        0     1                 $t.4
c0de223d c0de223d       10     1                 pqcrystals_dilithium2_lowram_caddq
c0de2248 c0de2248        0     1                 $d.5
c0de224c c0de224c       20     4         build/flex/obj/app/src/zknox/dilithium/reduce.o:(.text.pqcrystals_dilithium2_lowram_freeze)
c0de224c c0de224c        0     1                 $t.6
c0de224d c0de224d       20     1                 pqcrystals_dilithium2_lowram_freeze
c0de2264 c0de2264        0     1                 $d.7
c0de226c c0de226c       14     2         build/flex/obj/app/src/zknox/dilithium/rounding.o:(.text.pqcrystals_dilithium2_lowram_power2round)
c0de226c c0de226c        0     1                 $t.0
c0de226d c0de226d       14     1                 pqcrystals_dilithium2_lowram_power2round
c0de2280 c0de2280       40     4         build/flex/obj/app/src/zknox/dilithium/rounding.o:(.text.pqcrystals_dilithium2_lowram_decompose)
c0de2280 c0de2280        0     1                 $t.1
c0de2281 c0de2281       40     1                 pqcrystals_dilithium2_lowram_decompose
c0de22b4 c0de22b4        0     1                 $d.2
c0de22c0 c0de22c0       2a     2         build/flex/obj/app/src/zknox/dilithium/rounding.o:(.text.pqcrystals_dilithium2_lowram_use_hint)
c0de22c0 c0de22c0        0     1                 $t.5
c0de22c1 c0de22c1       2a     1                 pqcrystals_dilithium2_lowram_use_hint
c0de22ea c0de22ea       22     2         build/flex/obj/app/src/zknox/dilithium/sign.o:(.text.pqcrystals_dilithium2_lowram_keypair)
c0de22ea c0de22ea        0     1                 $t.0
c0de22eb c0de22eb       22     1                 pqcrystals_dilithium2_lowram_keypair
c0de230c c0de230c      1bc     4         build/flex/obj/app/src/zknox/dilithium/sign.o:(.text.crypto_sign_keypair_core)
c0de230c c0de230c        0     1                 $t.1
c0de230d c0de230d      1bc     1                 crypto_sign_keypair_core
c0de24c4 c0de24c4        0     1                 $d.2
c0de24c8 c0de24c8       58     4         build/flex/obj/app/src/zknox/dilithium/sign.o:(.text.crypto_sign_signature_init)
c0de24c8 c0de24c8        0     1                 $t.3
c0de24c9 c0de24c9       58     1                 crypto_sign_signature_init
c0de2518 c0de2518        0     1                 $d.4
c0de2520 c0de2520       10     4         build/flex/obj/app/src/zknox/dilithium/sign.o:(.text.crypto_sign_signature_absorb)
c0de2520 c0de2520        0     1                 $t.5
c0de2521 c0de2521       10     1                 crypto_sign_signature_absorb
c0de252c c0de252c        0     1                 $d.6
c0de2530 c0de2530      318     4         build/flex/obj/app/src/zknox/dilithium/sign.o:(.text.crypto_sign_signature_core)
c0de2530 c0de2530        0     1                 $t.7
c0de2531 c0de2531      318     1                 crypto_sign_signature_core
c0de283c c0de283c        0     1                 $d.8
c0de2848 c0de2848      234     4         build/flex/obj/app/src/zknox/dilithium/sign.o:(.text.pqcrystals_dilithium2_lowram_verify)
c0de2848 c0de2848        0     1                 $t.11
c0de2849 c0de2849      234     1                 pqcrystals_dilithium2_lowram_verify
c0de2a70 c0de2a70        0     1                 $d.12
c0de2a7c c0de2a7c       5c     2         build/flex/obj/app/src/zknox/dilithium/sign.o:(.text.pqcrystals_dilithium2_lowram_open)
c0de2a7c c0de2a7c        0     1                 $t.13
c0de2a7d c0de2a7d       5c     1                 pqcrystals_dilithium2_lowram_open
c0de2ad8 c0de2ad8        6     2         build/flex/obj/app/src/zknox/dilithium/sign.o:(.text.OUTLINED_FUNCTION_0)
c0de2ad8 c0de2ad8        0     1                 $t.14
c0de2ad9 c0de2ad9        6     1                 OUTLINED_FUNCTION_0
c0de2ae0 c0de2ae0       7c     4         build/flex/obj/app/src/zknox/dilithium/smallntt_3329.o:(.text.small_ntt)
c0de2ae0 c0de2ae0        0     1                 $t.0
c0de2ae1 c0de2ae1       7c     1                 small_ntt
c0de2b54 c0de2b54        0     1                 $d.1
c0de2b5c c0de2b5c       e4     4         build/flex/obj/app/src/zknox/dilithium/smallntt_3329.o:(.text.small_invntt_tomont)
c0de2b5c c0de2b5c        0     1                 $t.2
c0de2b5d c0de2b5d       e4     1                 small_invntt_tomont
c0de2c34 c0de2c34        0     1                 $d.3
c0de2c40 c0de2c40       78     4         build/flex/obj/app/src/zknox/dilithium/smallntt_3329.o:(.text.small_basemul)
c0de2c40 c0de2c40        0     1                 $t.4
c0de2c41 c0de2c41       78     1                 small_basemul
c0de2cb4 c0de2cb4        0     1                 $d.5
c0de2cb8 c0de2cb8       18     2         build/flex/obj/app/src/zknox/dilithium/smallpoly.o:(.text.poly_small_ntt_copy)
c0de2cb8 c0de2cb8        0     1                 $t.0
c0de2cb9 c0de2cb9       18     1                 poly_small_ntt_copy
c0de2cd0 c0de2cd0       58     4         build/flex/obj/app/src/zknox/dilithium/smallpoly.o:(.text.poly_small_basemul)
c0de2cd0 c0de2cd0        0     1                 $t.3
c0de2cd1 c0de2cd1       58     1                 poly_small_basemul
c0de2d24 c0de2d24        0     1                 $d.4
c0de2d28 c0de2d28       22     2         build/flex/obj/app/src/zknox/dilithium/smallpoly.o:(.text.poly_small_basemul_invntt)
c0de2d28 c0de2d28        0     1                 $t.5
c0de2d29 c0de2d29       22     1                 poly_small_basemul_invntt
c0de2d4a c0de2d4a       a4     2         build/flex/obj/app/src/zknox/dilithium/smallpoly.o:(.text.small_polyeta_unpack)
c0de2d4a c0de2d4a        0     1                 $t.7
c0de2d4b c0de2d4b       a4     1                 small_polyeta_unpack
c0de2dee c0de2dee       22     2         build/flex/obj/app/src/zknox/ecc/zkn_tEdwards.o:(.text.tEdwards_alloc)
c0de2dee c0de2dee        0     1                 $t.0
c0de2def c0de2def       22     1                 tEdwards_alloc
c0de2e10 c0de2e10       d6     2         build/flex/obj/app/src/zknox/ecc/zkn_tEdwards.o:(.text.tEdwards_double)
c0de2e10 c0de2e10        0     1                 $t.2
c0de2e11 c0de2e11       d6     1                 tEdwards_double
c0de2ee6 c0de2ee6      130     2         build/flex/obj/app/src/zknox/ecc/zkn_tEdwards.o:(.text.tEdwards_add)
c0de2ee6 c0de2ee6        0     1                 $t.3
c0de2ee7 c0de2ee7      130     1                 tEdwards_add
c0de3016 c0de3016       ac     2         build/flex/obj/app/src/zknox/ecc/zkn_tEdwards.o:(.text.tEdwards_IsOnCurve)
c0de3016 c0de3016        0     1                 $t.4
c0de3017 c0de3017       ac     1                 tEdwards_IsOnCurve
c0de30c4 c0de30c4      1dc     4         build/flex/obj/app/src/zknox/ecc/zkn_tEdwards.o:(.text.tEdwards_Curve_alloc_init)
c0de30c4 c0de30c4        0     1                 $t.5
c0de30c5 c0de30c5      1dc     1                 tEdwards_Curve_alloc_init
c0de3280 c0de3280        0     1                 $d.6
c0de32a0 c0de32a0       26     2         build/flex/obj/app/src/zknox/ecc/zkn_tEdwards.o:(.text.tEdwards_SetNeutral)
c0de32a0 c0de32a0        0     1                 $t.7
c0de32a1 c0de32a1       26     1                 tEdwards_SetNeutral
c0de32c6 c0de32c6       7e     2         build/flex/obj/app/src/zknox/ecc/zkn_tEdwards.o:(.text.tEdwards_init)
c0de32c6 c0de32c6        0     1                 $t.9
c0de32c7 c0de32c7       7e     1                 tEdwards_init
c0de3344 c0de3344       4c     2         build/flex/obj/app/src/zknox/ecc/zkn_tEdwards.o:(.text.tEdwards_export)
c0de3344 c0de3344        0     1                 $t.10
c0de3345 c0de3345       4c     1                 tEdwards_export
c0de3390 c0de3390       5a     2         build/flex/obj/app/src/zknox/ecc/zkn_tEdwards.o:(.text.tEdwards_normalize)
c0de3390 c0de3390        0     1                 $t.11
c0de3391 c0de3391       5a     1                 tEdwards_normalize
c0de33ea c0de33ea       26     2         build/flex/obj/app/src/zknox/ecc/zkn_tEdwards.o:(.text.tEdwards_copy)
c0de33ea c0de33ea        0     1                 $t.12
c0de33eb c0de33eb       26     1                 tEdwards_copy
c0de3410 c0de3410       3e     2         build/flex/obj/app/src/zknox/ecc/zkn_tEdwards.o:(.text.tEdwards_alloc_init)
c0de3410 c0de3410        0     1                 $t.13
c0de3411 c0de3411       3e     1                 tEdwards_alloc_init
c0de344e c0de344e       ca     2         build/flex/obj/app/src/zknox/ecc/zkn_tEdwards.o:(.text.tEdwards_scalarMul_bn)
c0de344e c0de344e        0     1                 $t.15
c0de344f c0de344f       ca     1                 tEdwards_scalarMul_bn
c0de3518 c0de3518       3c     2         build/flex/obj/app/src/zknox/ecc/zkn_tEdwards.o:(.text.tEdwards_scalarMul)
c0de3518 c0de3518        0     1                 $t.16
c0de3519 c0de3519       3c     1                 tEdwards_scalarMul
c0de3554 c0de3554        6     2         build/flex/obj/app/src/zknox/ecc/zkn_tEdwards.o:(.text.OUTLINED_FUNCTION_0)
c0de3554 c0de3554        0     1                 $t.17
c0de3555 c0de3555        6     1                 OUTLINED_FUNCTION_0
c0de355a c0de355a        6     2         build/flex/obj/app/src/zknox/ecc/zkn_tEdwards.o:(.text.OUTLINED_FUNCTION_1)
c0de355a c0de355a        0     1                 $t.18
c0de355b c0de355b        6     1                 OUTLINED_FUNCTION_1
c0de3560 c0de3560        8     2         build/flex/obj/app/src/zknox/ecc/zkn_tEdwards.o:(.text.OUTLINED_FUNCTION_2)
c0de3560 c0de3560        0     1                 $t.19
c0de3561 c0de3561        8     1                 OUTLINED_FUNCTION_2
c0de3568 c0de3568        a     2         build/flex/obj/app/src/zknox/ecc/zkn_tEdwards.o:(.text.OUTLINED_FUNCTION_3)
c0de3568 c0de3568        0     1                 $t.20
c0de3569 c0de3569        a     1                 OUTLINED_FUNCTION_3
c0de3572 c0de3572        c     2         build/flex/obj/app/src/zknox/ecc/zkn_tEdwards.o:(.text.OUTLINED_FUNCTION_4)
c0de3572 c0de3572        0     1                 $t.21
c0de3573 c0de3573        c     1                 OUTLINED_FUNCTION_4
c0de357e c0de357e        6     2         build/flex/obj/app/src/zknox/ecc/zkn_tEdwards.o:(.text.OUTLINED_FUNCTION_5)
c0de357e c0de357e        0     1                 $t.22
c0de357f c0de357f        6     1                 OUTLINED_FUNCTION_5
c0de3584 c0de3584       80     4         build/flex/obj/app/src/zknox/hash/zkn_poseidon_constants.o:(.text.grain_lfsr_advance)
c0de3584 c0de3584        0     1                 $t.0
c0de3585 c0de3585       80     1                 grain_lfsr_advance
c0de35fc c0de35fc        0     1                 $d.1
c0de3604 c0de3604       4a     2         build/flex/obj/app/src/zknox/hash/zkn_poseidon_constants.o:(.text.next64_graingen)
c0de3604 c0de3604        0     1                 $t.2
c0de3605 c0de3605       4a     1                 next64_graingen
c0de3650 c0de3650       30     4         build/flex/obj/app/src/zknox/hash/zkn_poseidon_constants.o:(.text.init_generator)
c0de3650 c0de3650        0     1                 $t.3
c0de3651 c0de3651       30     1                 init_generator
c0de3678 c0de3678        0     1                 $d.4
c0de3680 c0de3680       98     4         build/flex/obj/app/src/zknox/hash/zkn_poseidon_constants.o:(.text.gen_integer)
c0de3680 c0de3680        0     1                 $t.5
c0de3681 c0de3681       98     1                 gen_integer
c0de3708 c0de3708        0     1                 $d.6
c0de3718 c0de3718        8     2         build/flex/obj/app/src/zknox/hash/zkn_poseidon_constants.o:(.text.rev64)
c0de3718 c0de3718        0     1                 $t.7
c0de3719 c0de3719        8     1                 rev64
c0de3720 c0de3720        6     2         build/flex/obj/app/src/zknox/hash/zkn_poseidon_constants.o:(.text.Poseidon_getNext_RC)
c0de3720 c0de3720        0     1                 $t.9
c0de3721 c0de3721        6     1                 Poseidon_getNext_RC
c0de3726 c0de3726       4c     2         build/flex/obj/app/src/zknox/hash/zkn_poseidon_constants.o:(.text.Poseidon_alloc_init)
c0de3726 c0de3726        0     1                 $t.10
c0de3727 c0de3727       4c     1                 Poseidon_alloc_init
c0de3772 c0de3772       d6     2         build/flex/obj/sdk/io/src/os_io_default_apdu.o:(.text.os_io_handle_default_apdu)
c0de3772 c0de3772        0     1                 $t.0
c0de3773 c0de3773       d6     1                 os_io_handle_default_apdu
c0de3848 c0de3848        e     2         build/flex/obj/sdk/io/src/os_io_default_apdu.o:(.text.OUTLINED_FUNCTION_0)
c0de3848 c0de3848        0     1                 $t.1
c0de3849 c0de3849        e     1                 OUTLINED_FUNCTION_0
c0de3856 c0de3856       54     2         build/flex/obj/sdk/io/src/os_io_seph_cmd.o:(.text.os_io_seph_cmd_piezo_play_tune)
c0de3856 c0de3856        0     1                 $t.20
c0de3857 c0de3857       54     1                 os_io_seph_cmd_piezo_play_tune
c0de38aa c0de38aa        6     2         build/flex/obj/sdk/io/src/os_io_seph_cmd.o:(.text.OUTLINED_FUNCTION_1)
c0de38aa c0de38aa        0     1                 $t.31
c0de38ab c0de38ab        6     1                 OUTLINED_FUNCTION_1
c0de38b0 c0de38b0       98     4         build/flex/obj/sdk/io/src/os_io_seph_ux.o:(.text.io_process_itc_ux_event)
c0de38b0 c0de38b0        0     1                 $t.2
c0de38b1 c0de38b1       98     1                 io_process_itc_ux_event
c0de3944 c0de3944        0     1                 $d.3
c0de3948 c0de3948       34     4         build/flex/obj/sdk/io_legacy/src/os_io_legacy.o:(.text.io_legacy_apdu_tx)
c0de3948 c0de3948        0     1                 $t.12
c0de3949 c0de3949       34     1                 io_legacy_apdu_tx
c0de3970 c0de3970        0     1                 $d.13
c0de397c c0de397c      258     4         build/flex/obj/sdk/io_legacy/src/os_io_legacy.o:(.text.io_legacy_apdu_rx)
c0de397c c0de397c        0     1                 $t.14
c0de397d c0de397d      258     1                 io_legacy_apdu_rx
c0de3bb4 c0de3bb4        0     1                 $d.15
c0de3bd4 c0de3bd4       40     4         build/flex/obj/sdk/io_legacy/src/os_io_legacy.o:(.text.io_seproxyhal_init)
c0de3bd4 c0de3bd4        0     1                 $t.16
c0de3bd5 c0de3bd5       40     1                 io_seproxyhal_init
c0de3c0c c0de3c0c        0     1                 $d.17
c0de3c14 c0de3c14        c     2         build/flex/obj/sdk/io_legacy/src/os_io_legacy.o:(.text.OUTLINED_FUNCTION_0)
c0de3c14 c0de3c14        0     1                 $t.21
c0de3c15 c0de3c15        c     1                 OUTLINED_FUNCTION_0
c0de3c20 c0de3c20       42     2         build/flex/obj/sdk/lib_nbgl/src/nbgl_layout.o:(.text.layoutAddCallbackObj)
c0de3c20 c0de3c20        0     1                 $t.0
c0de3c21 c0de3c21       42     1                 layoutAddCallbackObj
c0de3c64 c0de3c64      1d0     4         build/flex/obj/sdk/lib_nbgl/src/nbgl_layout.o:(.text.nbgl_layoutGet)
c0de3c64 c0de3c64        0     1                 $t.2
c0de3c65 c0de3c65      1d0     1                 nbgl_layoutGet
c0de3e24 c0de3e24        0     1                 $d.3
c0de3e34 c0de3e34      2e8     2         build/flex/obj/sdk/lib_nbgl/src/nbgl_layout.o:(.text.touchCallback)
c0de3e34 c0de3e34        0     1                 $t.4
c0de3e35 c0de3e35      2e8     1                 touchCallback
c0de411c c0de411c      624     4         build/flex/obj/sdk/lib_nbgl/src/nbgl_layout.o:(.text.nbgl_layoutAddUpFooter)
c0de411c c0de411c        0     1                 $t.5
c0de411d c0de411d      624     1                 nbgl_layoutAddUpFooter
c0de4550 c0de4550        0     1                 $d.6
c0de4558 c0de4558        0     1                 $t.7
c0de4740 c0de4740       7e     2         build/flex/obj/sdk/lib_nbgl/src/nbgl_layout.o:(.text.nbgl_layoutAddSwipe)
c0de4740 c0de4740        0     1                 $t.8
c0de4741 c0de4741       7e     1                 nbgl_layoutAddSwipe
c0de47be c0de47be       36     2         build/flex/obj/sdk/lib_nbgl/src/nbgl_layout.o:(.text.addSwipeInternal)
c0de47be c0de47be        0     1                 $t.9
c0de47bf c0de47bf       36     1                 addSwipeInternal
c0de47f4 c0de47f4       78     2         build/flex/obj/sdk/lib_nbgl/src/nbgl_layout.o:(.text.nbgl_layoutAddTopRightButton)
c0de47f4 c0de47f4        0     1                 $t.10
c0de47f5 c0de47f5       78     1                 nbgl_layoutAddTopRightButton
c0de486c c0de486c      714     2         build/flex/obj/sdk/lib_nbgl/src/nbgl_layout.o:(.text.nbgl_layoutAddExtendedFooter)
c0de486c c0de486c        0     1                 $t.12
c0de486d c0de486d      714     1                 nbgl_layoutAddExtendedFooter
c0de4f80 c0de4f80       3e     2         build/flex/obj/sdk/lib_nbgl/src/nbgl_layout.o:(.text.nbgl_layoutAddBottomButton)
c0de4f80 c0de4f80        0     1                 $t.13
c0de4f81 c0de4f81       3e     1                 nbgl_layoutAddBottomButton
c0de4fbe c0de4fbe       4a     2         build/flex/obj/sdk/lib_nbgl/src/nbgl_layout.o:(.text.nbgl_layoutAddTouchableBar)
c0de4fbe c0de4fbe        0     1                 $t.14
c0de4fbf c0de4fbf       4a     1                 nbgl_layoutAddTouchableBar
c0de5008 c0de5008      3b8     4         build/flex/obj/sdk/lib_nbgl/src/nbgl_layout.o:(.text.addListItem)
c0de5008 c0de5008        0     1                 $t.15
c0de5009 c0de5009      3b8     1                 addListItem
c0de53bc c0de53bc        0     1                 $d.16
c0de53c0 c0de53c0       44     2         build/flex/obj/sdk/lib_nbgl/src/nbgl_layout.o:(.text.nbgl_layoutAddSwitch)
c0de53c0 c0de53c0        0     1                 $t.17
c0de53c1 c0de53c1       44     1                 nbgl_layoutAddSwitch
c0de5404 c0de5404       10     2         build/flex/obj/sdk/lib_nbgl/src/nbgl_layout.o:(.text.nbgl_layoutAddText)
c0de5404 c0de5404        0     1                 $t.18
c0de5405 c0de5405       10     1                 nbgl_layoutAddText
c0de5414 c0de5414      280     4         build/flex/obj/sdk/lib_nbgl/src/nbgl_layout.o:(.text.addText)
c0de5414 c0de5414        0     1                 $t.19
c0de5415 c0de5415      280     1                 addText
c0de568c c0de568c        0     1                 $d.20
c0de5694 c0de5694       10     2         build/flex/obj/sdk/lib_nbgl/src/nbgl_layout.o:(.text.nbgl_layoutAddTextWithAlias)
c0de5694 c0de5694        0     1                 $t.21
c0de5695 c0de5695       10     1                 nbgl_layoutAddTextWithAlias
c0de56a4 c0de56a4      180     4         build/flex/obj/sdk/lib_nbgl/src/nbgl_layout.o:(.text.nbgl_layoutAddTextContent)
c0de56a4 c0de56a4        0     1                 $t.24
c0de56a5 c0de56a5      180     1                 nbgl_layoutAddTextContent
c0de5818 c0de5818        0     1                 $d.25
c0de5824 c0de5824      224     4         build/flex/obj/sdk/lib_nbgl/src/nbgl_layout.o:(.text.nbgl_layoutAddRadioChoice)
c0de5824 c0de5824        0     1                 $t.26
c0de5825 c0de5825      224     1                 nbgl_layoutAddRadioChoice
c0de5a40 c0de5a40        0     1                 $d.27
c0de5a48 c0de5a48       28     2         build/flex/obj/sdk/lib_nbgl/src/nbgl_layout.o:(.text.createHorizontalLine)
c0de5a48 c0de5a48        0     1                 $t.28
c0de5a49 c0de5a49       28     1                 createHorizontalLine
c0de5a70 c0de5a70       7a     2         build/flex/obj/sdk/lib_nbgl/src/nbgl_layout.o:(.text.nbgl_layoutAddCenteredInfo)
c0de5a70 c0de5a70        0     1                 $t.29
c0de5a71 c0de5a71       7a     1                 nbgl_layoutAddCenteredInfo
c0de5aec c0de5aec      3e0     4         build/flex/obj/sdk/lib_nbgl/src/nbgl_layout.o:(.text.addContentCenter)
c0de5aec c0de5aec        0     1                 $t.30
c0de5aed c0de5aed      3e0     1                 addContentCenter
c0de5ec8 c0de5ec8        0     1                 $d.31
c0de5ecc c0de5ecc       12     2         build/flex/obj/sdk/lib_nbgl/src/nbgl_layout.o:(.text.nbgl_layoutAddContentCenter)
c0de5ecc c0de5ecc        0     1                 $t.32
c0de5ecd c0de5ecd       12     1                 nbgl_layoutAddContentCenter
c0de5ede c0de5ede      2e6     2         build/flex/obj/sdk/lib_nbgl/src/nbgl_layout.o:(.text.nbgl_layoutAddQRCode)
c0de5ede c0de5ede        0     1                 $t.35
c0de5edf c0de5edf      2e6     1                 nbgl_layoutAddQRCode
c0de61c4 c0de61c4       2c     2         build/flex/obj/sdk/lib_nbgl/src/nbgl_layout.o:(.text.nbgl_layoutAddChoiceButtons)
c0de61c4 c0de61c4        0     1                 $t.36
c0de61c5 c0de61c5       2c     1                 nbgl_layoutAddChoiceButtons
c0de61f0 c0de61f0       26     2         build/flex/obj/sdk/lib_nbgl/src/nbgl_layout.o:(.text.nbgl_layoutAddHorizontalButtons)
c0de61f0 c0de61f0        0     1                 $t.37
c0de61f1 c0de61f1       26     1                 nbgl_layoutAddHorizontalButtons
c0de6218 c0de6218      328     4         build/flex/obj/sdk/lib_nbgl/src/nbgl_layout.o:(.text.nbgl_layoutAddTagValueList)
c0de6218 c0de6218        0     1                 $t.38
c0de6219 c0de6219      328     1                 nbgl_layoutAddTagValueList
c0de6538 c0de6538        0     1                 $d.39
c0de6540 c0de6540       24     2         build/flex/obj/sdk/lib_nbgl/src/nbgl_layout.o:(.text.nbgl_layoutAddSeparationLine)
c0de6540 c0de6540        0     1                 $t.42
c0de6541 c0de6541       24     1                 nbgl_layoutAddSeparationLine
c0de6564 c0de6564      1be     2         build/flex/obj/sdk/lib_nbgl/src/nbgl_layout.o:(.text.nbgl_layoutAddButton)
c0de6564 c0de6564        0     1                 $t.43
c0de6565 c0de6565      1be     1                 nbgl_layoutAddButton
c0de6722 c0de6722       24     2         build/flex/obj/sdk/lib_nbgl/src/nbgl_layout.o:(.text.nbgl_layoutAddLongPressButton)
c0de6722 c0de6722        0     1                 $t.44
c0de6723 c0de6723       24     1                 nbgl_layoutAddLongPressButton
c0de6746 c0de6746       24     2         build/flex/obj/sdk/lib_nbgl/src/nbgl_layout.o:(.text.nbgl_layoutAddFooter)
c0de6746 c0de6746        0     1                 $t.45
c0de6747 c0de6747       24     1                 nbgl_layoutAddFooter
c0de676a c0de676a       28     2         build/flex/obj/sdk/lib_nbgl/src/nbgl_layout.o:(.text.nbgl_layoutAddSplitFooter)
c0de676a c0de676a        0     1                 $t.46
c0de676b c0de676b       28     1                 nbgl_layoutAddSplitFooter
c0de6794 c0de6794      488     4         build/flex/obj/sdk/lib_nbgl/src/nbgl_layout.o:(.text.nbgl_layoutAddHeader)
c0de6794 c0de6794        0     1                 $t.47
c0de6795 c0de6795      488     1                 nbgl_layoutAddHeader
c0de6c18 c0de6c18        0     1                 $d.48
c0de6c1c c0de6c1c       34     2         build/flex/obj/sdk/lib_nbgl/src/nbgl_layout.o:(.text.nbgl_layoutAddProgressIndicator)
c0de6c1c c0de6c1c        0     1                 $t.49
c0de6c1d c0de6c1d       34     1                 nbgl_layoutAddProgressIndicator
c0de6c50 c0de6c50      254     4         build/flex/obj/sdk/lib_nbgl/src/nbgl_layout.o:(.text.nbgl_layoutAddSpinner)
c0de6c50 c0de6c50        0     1                 $t.50
c0de6c51 c0de6c51      254     1                 nbgl_layoutAddSpinner
c0de6e9c c0de6e9c        0     1                 $d.51
c0de6ea4 c0de6ea4       6c     4         build/flex/obj/sdk/lib_nbgl/src/nbgl_layout.o:(.text.spinnerTickerCallback)
c0de6ea4 c0de6ea4        0     1                 $t.52
c0de6ea5 c0de6ea5       6c     1                 spinnerTickerCallback
c0de6f0c c0de6f0c        0     1                 $d.53
c0de6f10 c0de6f10      148     2         build/flex/obj/sdk/lib_nbgl/src/nbgl_layout.o:(.text.nbgl_layoutUpdateSpinner)
c0de6f10 c0de6f10        0     1                 $t.54
c0de6f11 c0de6f11      148     1                 nbgl_layoutUpdateSpinner
c0de7058 c0de7058       5a     2         build/flex/obj/sdk/lib_nbgl/src/nbgl_layout.o:(.text.nbgl_layoutDraw)
c0de7058 c0de7058        0     1                 $t.55
c0de7059 c0de7059       5a     1                 nbgl_layoutDraw
c0de70b4 c0de70b4       60     4         build/flex/obj/sdk/lib_nbgl/src/nbgl_layout.o:(.text.nbgl_layoutRelease)
c0de70b4 c0de70b4        0     1                 $t.56
c0de70b5 c0de70b5       60     1                 nbgl_layoutRelease
c0de7110 c0de7110        0     1                 $d.57
c0de7114 c0de7114       4c     4         build/flex/obj/sdk/lib_nbgl/src/nbgl_layout.o:(.text.getLayoutAndLayoutObj)
c0de7114 c0de7114        0     1                 $t.58
c0de7115 c0de7115       4c     1                 getLayoutAndLayoutObj
c0de715c c0de715c        0     1                 $d.59
c0de7160 c0de7160      104     4         build/flex/obj/sdk/lib_nbgl/src/nbgl_layout.o:(.text.animTickerCallback)
c0de7160 c0de7160        0     1                 $t.60
c0de7161 c0de7161      104     1                 animTickerCallback
c0de7260 c0de7260        0     1                 $d.61
c0de7264 c0de7264        8     2         build/flex/obj/sdk/lib_nbgl/src/nbgl_layout.o:(.text.OUTLINED_FUNCTION_0)
c0de7264 c0de7264        0     1                 $t.62
c0de7265 c0de7265        8     1                 OUTLINED_FUNCTION_0
c0de726c c0de726c        c     2         build/flex/obj/sdk/lib_nbgl/src/nbgl_layout.o:(.text.OUTLINED_FUNCTION_1)
c0de726c c0de726c        0     1                 $t.63
c0de726d c0de726d        c     1                 OUTLINED_FUNCTION_1
c0de7278 c0de7278       28     2         build/flex/obj/sdk/lib_nbgl/src/nbgl_layout.o:(.text.OUTLINED_FUNCTION_2)
c0de7278 c0de7278        0     1                 $t.64
c0de7279 c0de7279       28     1                 OUTLINED_FUNCTION_2
c0de72a0 c0de72a0       26     2         build/flex/obj/sdk/lib_nbgl/src/nbgl_layout.o:(.text.OUTLINED_FUNCTION_3)
c0de72a0 c0de72a0        0     1                 $t.65
c0de72a1 c0de72a1       26     1                 OUTLINED_FUNCTION_3
c0de72c6 c0de72c6       20     2         build/flex/obj/sdk/lib_nbgl/src/nbgl_layout.o:(.text.OUTLINED_FUNCTION_4)
c0de72c6 c0de72c6        0     1                 $t.66
c0de72c7 c0de72c7       20     1                 OUTLINED_FUNCTION_4
c0de72e6 c0de72e6       1a     2         build/flex/obj/sdk/lib_nbgl/src/nbgl_layout.o:(.text.OUTLINED_FUNCTION_5)
c0de72e6 c0de72e6        0     1                 $t.67
c0de72e7 c0de72e7       1a     1                 OUTLINED_FUNCTION_5
c0de7300 c0de7300        8     2         build/flex/obj/sdk/lib_nbgl/src/nbgl_layout.o:(.text.OUTLINED_FUNCTION_6)
c0de7300 c0de7300        0     1                 $t.68
c0de7301 c0de7301        8     1                 OUTLINED_FUNCTION_6
c0de7308 c0de7308       34     2         build/flex/obj/sdk/lib_nbgl/src/nbgl_layout.o:(.text.OUTLINED_FUNCTION_7)
c0de7308 c0de7308        0     1                 $t.69
c0de7309 c0de7309       34     1                 OUTLINED_FUNCTION_7
c0de733c c0de733c       1c     2         build/flex/obj/sdk/lib_nbgl/src/nbgl_layout.o:(.text.OUTLINED_FUNCTION_8)
c0de733c c0de733c        0     1                 $t.70
c0de733d c0de733d       1c     1                 OUTLINED_FUNCTION_8
c0de7358 c0de7358       32     2         build/flex/obj/sdk/lib_nbgl/src/nbgl_layout.o:(.text.OUTLINED_FUNCTION_9)
c0de7358 c0de7358        0     1                 $t.71
c0de7359 c0de7359       32     1                 OUTLINED_FUNCTION_9
c0de738a c0de738a       1c     2         build/flex/obj/sdk/lib_nbgl/src/nbgl_layout.o:(.text.OUTLINED_FUNCTION_10)
c0de738a c0de738a        0     1                 $t.72
c0de738b c0de738b       1c     1                 OUTLINED_FUNCTION_10
c0de73a6 c0de73a6       14     2         build/flex/obj/sdk/lib_nbgl/src/nbgl_layout.o:(.text.OUTLINED_FUNCTION_11)
c0de73a6 c0de73a6        0     1                 $t.73
c0de73a7 c0de73a7       14     1                 OUTLINED_FUNCTION_11
c0de73ba c0de73ba       30     2         build/flex/obj/sdk/lib_nbgl/src/nbgl_layout.o:(.text.OUTLINED_FUNCTION_12)
c0de73ba c0de73ba        0     1                 $t.74
c0de73bb c0de73bb       30     1                 OUTLINED_FUNCTION_12
c0de73ea c0de73ea        e     2         build/flex/obj/sdk/lib_nbgl/src/nbgl_layout.o:(.text.OUTLINED_FUNCTION_13)
c0de73ea c0de73ea        0     1                 $t.75
c0de73eb c0de73eb        e     1                 OUTLINED_FUNCTION_13
c0de73f8 c0de73f8       10     2         build/flex/obj/sdk/lib_nbgl/src/nbgl_layout.o:(.text.OUTLINED_FUNCTION_14)
c0de73f8 c0de73f8        0     1                 $t.76
c0de73f9 c0de73f9       10     1                 OUTLINED_FUNCTION_14
c0de7408 c0de7408       2e     2         build/flex/obj/sdk/lib_nbgl/src/nbgl_layout.o:(.text.OUTLINED_FUNCTION_15)
c0de7408 c0de7408        0     1                 $t.77
c0de7409 c0de7409       2e     1                 OUTLINED_FUNCTION_15
c0de7436 c0de7436        8     2         build/flex/obj/sdk/lib_nbgl/src/nbgl_layout.o:(.text.OUTLINED_FUNCTION_16)
c0de7436 c0de7436        0     1                 $t.78
c0de7437 c0de7437        8     1                 OUTLINED_FUNCTION_16
c0de743e c0de743e        8     2         build/flex/obj/sdk/lib_nbgl/src/nbgl_layout.o:(.text.OUTLINED_FUNCTION_17)
c0de743e c0de743e        0     1                 $t.79
c0de743f c0de743f        8     1                 OUTLINED_FUNCTION_17
c0de7446 c0de7446       28     2         build/flex/obj/sdk/lib_nbgl/src/nbgl_layout.o:(.text.OUTLINED_FUNCTION_18)
c0de7446 c0de7446        0     1                 $t.80
c0de7447 c0de7447       28     1                 OUTLINED_FUNCTION_18
c0de746e c0de746e       28     2         build/flex/obj/sdk/lib_nbgl/src/nbgl_layout.o:(.text.OUTLINED_FUNCTION_19)
c0de746e c0de746e        0     1                 $t.81
c0de746f c0de746f       28     1                 OUTLINED_FUNCTION_19
c0de7496 c0de7496        6     2         build/flex/obj/sdk/lib_nbgl/src/nbgl_layout.o:(.text.OUTLINED_FUNCTION_20)
c0de7496 c0de7496        0     1                 $t.82
c0de7497 c0de7497        6     1                 OUTLINED_FUNCTION_20
c0de749c c0de749c        8     2         build/flex/obj/sdk/lib_nbgl/src/nbgl_layout.o:(.text.OUTLINED_FUNCTION_21)
c0de749c c0de749c        0     1                 $t.83
c0de749d c0de749d        8     1                 OUTLINED_FUNCTION_21
c0de74a4 c0de74a4       24     2         build/flex/obj/sdk/lib_nbgl/src/nbgl_layout.o:(.text.OUTLINED_FUNCTION_22)
c0de74a4 c0de74a4        0     1                 $t.84
c0de74a5 c0de74a5       24     1                 OUTLINED_FUNCTION_22
c0de74c8 c0de74c8        6     2         build/flex/obj/sdk/lib_nbgl/src/nbgl_layout.o:(.text.OUTLINED_FUNCTION_23)
c0de74c8 c0de74c8        0     1                 $t.85
c0de74c9 c0de74c9        6     1                 OUTLINED_FUNCTION_23
c0de74ce c0de74ce       20     2         build/flex/obj/sdk/lib_nbgl/src/nbgl_layout.o:(.text.OUTLINED_FUNCTION_24)
c0de74ce c0de74ce        0     1                 $t.86
c0de74cf c0de74cf       20     1                 OUTLINED_FUNCTION_24
c0de74ee c0de74ee        a     2         build/flex/obj/sdk/lib_nbgl/src/nbgl_layout.o:(.text.OUTLINED_FUNCTION_25)
c0de74ee c0de74ee        0     1                 $t.87
c0de74ef c0de74ef        a     1                 OUTLINED_FUNCTION_25
c0de74f8 c0de74f8       20     2         build/flex/obj/sdk/lib_nbgl/src/nbgl_layout.o:(.text.OUTLINED_FUNCTION_26)
c0de74f8 c0de74f8        0     1                 $t.88
c0de74f9 c0de74f9       20     1                 OUTLINED_FUNCTION_26
c0de7518 c0de7518       20     2         build/flex/obj/sdk/lib_nbgl/src/nbgl_layout.o:(.text.OUTLINED_FUNCTION_27)
c0de7518 c0de7518        0     1                 $t.89
c0de7519 c0de7519       20     1                 OUTLINED_FUNCTION_27
c0de7538 c0de7538       12     2         build/flex/obj/sdk/lib_nbgl/src/nbgl_layout.o:(.text.OUTLINED_FUNCTION_28)
c0de7538 c0de7538        0     1                 $t.90
c0de7539 c0de7539       12     1                 OUTLINED_FUNCTION_28
c0de754a c0de754a       12     2         build/flex/obj/sdk/lib_nbgl/src/nbgl_layout.o:(.text.OUTLINED_FUNCTION_29)
c0de754a c0de754a        0     1                 $t.91
c0de754b c0de754b       12     1                 OUTLINED_FUNCTION_29
c0de755c c0de755c       1e     2         build/flex/obj/sdk/lib_nbgl/src/nbgl_layout.o:(.text.OUTLINED_FUNCTION_30)
c0de755c c0de755c        0     1                 $t.92
c0de755d c0de755d       1e     1                 OUTLINED_FUNCTION_30
c0de757a c0de757a       12     2         build/flex/obj/sdk/lib_nbgl/src/nbgl_layout.o:(.text.OUTLINED_FUNCTION_31)
c0de757a c0de757a        0     1                 $t.93
c0de757b c0de757b       12     1                 OUTLINED_FUNCTION_31
c0de758c c0de758c       1c     2         build/flex/obj/sdk/lib_nbgl/src/nbgl_layout.o:(.text.OUTLINED_FUNCTION_32)
c0de758c c0de758c        0     1                 $t.94
c0de758d c0de758d       1c     1                 OUTLINED_FUNCTION_32
c0de75a8 c0de75a8       1c     2         build/flex/obj/sdk/lib_nbgl/src/nbgl_layout.o:(.text.OUTLINED_FUNCTION_33)
c0de75a8 c0de75a8        0     1                 $t.95
c0de75a9 c0de75a9       1c     1                 OUTLINED_FUNCTION_33
c0de75c4 c0de75c4       18     2         build/flex/obj/sdk/lib_nbgl/src/nbgl_layout.o:(.text.OUTLINED_FUNCTION_34)
c0de75c4 c0de75c4        0     1                 $t.96
c0de75c5 c0de75c5       18     1                 OUTLINED_FUNCTION_34
c0de75dc c0de75dc        6     2         build/flex/obj/sdk/lib_nbgl/src/nbgl_layout.o:(.text.OUTLINED_FUNCTION_35)
c0de75dc c0de75dc        0     1                 $t.97
c0de75dd c0de75dd        6     1                 OUTLINED_FUNCTION_35
c0de75e2 c0de75e2       1c     2         build/flex/obj/sdk/lib_nbgl/src/nbgl_layout.o:(.text.OUTLINED_FUNCTION_36)
c0de75e2 c0de75e2        0     1                 $t.98
c0de75e3 c0de75e3       1c     1                 OUTLINED_FUNCTION_36
c0de75fe c0de75fe       1c     2         build/flex/obj/sdk/lib_nbgl/src/nbgl_layout.o:(.text.OUTLINED_FUNCTION_37)
c0de75fe c0de75fe        0     1                 $t.99
c0de75ff c0de75ff       1c     1                 OUTLINED_FUNCTION_37
c0de761a c0de761a       1c     2         build/flex/obj/sdk/lib_nbgl/src/nbgl_layout.o:(.text.OUTLINED_FUNCTION_38)
c0de761a c0de761a        0     1                 $t.100
c0de761b c0de761b       1c     1                 OUTLINED_FUNCTION_38
c0de7636 c0de7636       16     2         build/flex/obj/sdk/lib_nbgl/src/nbgl_layout.o:(.text.OUTLINED_FUNCTION_39)
c0de7636 c0de7636        0     1                 $t.101
c0de7637 c0de7637       16     1                 OUTLINED_FUNCTION_39
c0de764c c0de764c       1a     2         build/flex/obj/sdk/lib_nbgl/src/nbgl_layout.o:(.text.OUTLINED_FUNCTION_40)
c0de764c c0de764c        0     1                 $t.102
c0de764d c0de764d       1a     1                 OUTLINED_FUNCTION_40
c0de7666 c0de7666       10     2         build/flex/obj/sdk/lib_nbgl/src/nbgl_layout.o:(.text.OUTLINED_FUNCTION_41)
c0de7666 c0de7666        0     1                 $t.103
c0de7667 c0de7667       10     1                 OUTLINED_FUNCTION_41
c0de7676 c0de7676       10     2         build/flex/obj/sdk/lib_nbgl/src/nbgl_layout.o:(.text.OUTLINED_FUNCTION_42)
c0de7676 c0de7676        0     1                 $t.104
c0de7677 c0de7677       10     1                 OUTLINED_FUNCTION_42
c0de7686 c0de7686        6     2         build/flex/obj/sdk/lib_nbgl/src/nbgl_layout.o:(.text.OUTLINED_FUNCTION_43)
c0de7686 c0de7686        0     1                 $t.105
c0de7687 c0de7687        6     1                 OUTLINED_FUNCTION_43
c0de768c c0de768c       18     2         build/flex/obj/sdk/lib_nbgl/src/nbgl_layout.o:(.text.OUTLINED_FUNCTION_44)
c0de768c c0de768c        0     1                 $t.106
c0de768d c0de768d       18     1                 OUTLINED_FUNCTION_44
c0de76a4 c0de76a4        e     2         build/flex/obj/sdk/lib_nbgl/src/nbgl_layout.o:(.text.OUTLINED_FUNCTION_45)
c0de76a4 c0de76a4        0     1                 $t.107
c0de76a5 c0de76a5        e     1                 OUTLINED_FUNCTION_45
c0de76b2 c0de76b2        e     2         build/flex/obj/sdk/lib_nbgl/src/nbgl_layout.o:(.text.OUTLINED_FUNCTION_46)
c0de76b2 c0de76b2        0     1                 $t.108
c0de76b3 c0de76b3        e     1                 OUTLINED_FUNCTION_46
c0de76c0 c0de76c0        a     2         build/flex/obj/sdk/lib_nbgl/src/nbgl_layout.o:(.text.OUTLINED_FUNCTION_47)
c0de76c0 c0de76c0        0     1                 $t.109
c0de76c1 c0de76c1        a     1                 OUTLINED_FUNCTION_47
c0de76ca c0de76ca        e     2         build/flex/obj/sdk/lib_nbgl/src/nbgl_layout.o:(.text.OUTLINED_FUNCTION_48)
c0de76ca c0de76ca        0     1                 $t.110
c0de76cb c0de76cb        e     1                 OUTLINED_FUNCTION_48
c0de76d8 c0de76d8        6     2         build/flex/obj/sdk/lib_nbgl/src/nbgl_layout.o:(.text.OUTLINED_FUNCTION_49)
c0de76d8 c0de76d8        0     1                 $t.111
c0de76d9 c0de76d9        6     1                 OUTLINED_FUNCTION_49
c0de76de c0de76de       14     2         build/flex/obj/sdk/lib_nbgl/src/nbgl_layout.o:(.text.OUTLINED_FUNCTION_50)
c0de76de c0de76de        0     1                 $t.112
c0de76df c0de76df       14     1                 OUTLINED_FUNCTION_50
c0de76f2 c0de76f2        8     2         build/flex/obj/sdk/lib_nbgl/src/nbgl_layout.o:(.text.OUTLINED_FUNCTION_51)
c0de76f2 c0de76f2        0     1                 $t.113
c0de76f3 c0de76f3        8     1                 OUTLINED_FUNCTION_51
c0de76fa c0de76fa       14     2         build/flex/obj/sdk/lib_nbgl/src/nbgl_layout.o:(.text.OUTLINED_FUNCTION_52)
c0de76fa c0de76fa        0     1                 $t.114
c0de76fb c0de76fb       14     1                 OUTLINED_FUNCTION_52
c0de770e c0de770e       14     2         build/flex/obj/sdk/lib_nbgl/src/nbgl_layout.o:(.text.OUTLINED_FUNCTION_53)
c0de770e c0de770e        0     1                 $t.115
c0de770f c0de770f       14     1                 OUTLINED_FUNCTION_53
c0de7722 c0de7722       10     2         build/flex/obj/sdk/lib_nbgl/src/nbgl_layout.o:(.text.OUTLINED_FUNCTION_54)
c0de7722 c0de7722        0     1                 $t.116
c0de7723 c0de7723       10     1                 OUTLINED_FUNCTION_54
c0de7732 c0de7732        a     2         build/flex/obj/sdk/lib_nbgl/src/nbgl_layout.o:(.text.OUTLINED_FUNCTION_55)
c0de7732 c0de7732        0     1                 $t.117
c0de7733 c0de7733        a     1                 OUTLINED_FUNCTION_55
c0de773c c0de773c       12     2         build/flex/obj/sdk/lib_nbgl/src/nbgl_layout.o:(.text.OUTLINED_FUNCTION_56)
c0de773c c0de773c        0     1                 $t.118
c0de773d c0de773d       12     1                 OUTLINED_FUNCTION_56
c0de774e c0de774e       12     2         build/flex/obj/sdk/lib_nbgl/src/nbgl_layout.o:(.text.OUTLINED_FUNCTION_57)
c0de774e c0de774e        0     1                 $t.119
c0de774f c0de774f       12     1                 OUTLINED_FUNCTION_57
c0de7760 c0de7760        a     2         build/flex/obj/sdk/lib_nbgl/src/nbgl_layout.o:(.text.OUTLINED_FUNCTION_58)
c0de7760 c0de7760        0     1                 $t.120
c0de7761 c0de7761        a     1                 OUTLINED_FUNCTION_58
c0de776a c0de776a        c     2         build/flex/obj/sdk/lib_nbgl/src/nbgl_layout.o:(.text.OUTLINED_FUNCTION_59)
c0de776a c0de776a        0     1                 $t.121
c0de776b c0de776b        c     1                 OUTLINED_FUNCTION_59
c0de7776 c0de7776        a     2         build/flex/obj/sdk/lib_nbgl/src/nbgl_layout.o:(.text.OUTLINED_FUNCTION_60)
c0de7776 c0de7776        0     1                 $t.122
c0de7777 c0de7777        a     1                 OUTLINED_FUNCTION_60
c0de7780 c0de7780        c     2         build/flex/obj/sdk/lib_nbgl/src/nbgl_layout.o:(.text.OUTLINED_FUNCTION_61)
c0de7780 c0de7780        0     1                 $t.123
c0de7781 c0de7781        c     1                 OUTLINED_FUNCTION_61
c0de778c c0de778c        8     2         build/flex/obj/sdk/lib_nbgl/src/nbgl_layout.o:(.text.OUTLINED_FUNCTION_62)
c0de778c c0de778c        0     1                 $t.124
c0de778d c0de778d        8     1                 OUTLINED_FUNCTION_62
c0de7794 c0de7794        8     2         build/flex/obj/sdk/lib_nbgl/src/nbgl_layout.o:(.text.OUTLINED_FUNCTION_63)
c0de7794 c0de7794        0     1                 $t.125
c0de7795 c0de7795        8     1                 OUTLINED_FUNCTION_63
c0de779c c0de779c        c     2         build/flex/obj/sdk/lib_nbgl/src/nbgl_layout.o:(.text.OUTLINED_FUNCTION_64)
c0de779c c0de779c        0     1                 $t.126
c0de779d c0de779d        c     1                 OUTLINED_FUNCTION_64
c0de77a8 c0de77a8       10     2         build/flex/obj/sdk/lib_nbgl/src/nbgl_layout.o:(.text.OUTLINED_FUNCTION_65)
c0de77a8 c0de77a8        0     1                 $t.127
c0de77a9 c0de77a9       10     1                 OUTLINED_FUNCTION_65
c0de77b8 c0de77b8       10     2         build/flex/obj/sdk/lib_nbgl/src/nbgl_layout.o:(.text.OUTLINED_FUNCTION_66)
c0de77b8 c0de77b8        0     1                 $t.128
c0de77b9 c0de77b9       10     1                 OUTLINED_FUNCTION_66
c0de77c8 c0de77c8        a     2         build/flex/obj/sdk/lib_nbgl/src/nbgl_layout.o:(.text.OUTLINED_FUNCTION_67)
c0de77c8 c0de77c8        0     1                 $t.129
c0de77c9 c0de77c9        a     1                 OUTLINED_FUNCTION_67
c0de77d2 c0de77d2        6     2         build/flex/obj/sdk/lib_nbgl/src/nbgl_layout.o:(.text.OUTLINED_FUNCTION_68)
c0de77d2 c0de77d2        0     1                 $t.130
c0de77d3 c0de77d3        6     1                 OUTLINED_FUNCTION_68
c0de77d8 c0de77d8        c     2         build/flex/obj/sdk/lib_nbgl/src/nbgl_layout.o:(.text.OUTLINED_FUNCTION_69)
c0de77d8 c0de77d8        0     1                 $t.131
c0de77d9 c0de77d9        c     1                 OUTLINED_FUNCTION_69
c0de77e4 c0de77e4        e     2         build/flex/obj/sdk/lib_nbgl/src/nbgl_layout.o:(.text.OUTLINED_FUNCTION_70)
c0de77e4 c0de77e4        0     1                 $t.132
c0de77e5 c0de77e5        e     1                 OUTLINED_FUNCTION_70
c0de77f2 c0de77f2        e     2         build/flex/obj/sdk/lib_nbgl/src/nbgl_layout.o:(.text.OUTLINED_FUNCTION_71)
c0de77f2 c0de77f2        0     1                 $t.133
c0de77f3 c0de77f3        e     1                 OUTLINED_FUNCTION_71
c0de7800 c0de7800        e     2         build/flex/obj/sdk/lib_nbgl/src/nbgl_layout.o:(.text.OUTLINED_FUNCTION_72)
c0de7800 c0de7800        0     1                 $t.134
c0de7801 c0de7801        e     1                 OUTLINED_FUNCTION_72
c0de780e c0de780e        e     2         build/flex/obj/sdk/lib_nbgl/src/nbgl_layout.o:(.text.OUTLINED_FUNCTION_73)
c0de780e c0de780e        0     1                 $t.135
c0de780f c0de780f        e     1                 OUTLINED_FUNCTION_73
c0de781c c0de781c        6     2         build/flex/obj/sdk/lib_nbgl/src/nbgl_layout.o:(.text.OUTLINED_FUNCTION_74)
c0de781c c0de781c        0     1                 $t.136
c0de781d c0de781d        6     1                 OUTLINED_FUNCTION_74
c0de7822 c0de7822        e     2         build/flex/obj/sdk/lib_nbgl/src/nbgl_layout.o:(.text.OUTLINED_FUNCTION_75)
c0de7822 c0de7822        0     1                 $t.137
c0de7823 c0de7823        e     1                 OUTLINED_FUNCTION_75
c0de7830 c0de7830        e     2         build/flex/obj/sdk/lib_nbgl/src/nbgl_layout.o:(.text.OUTLINED_FUNCTION_76)
c0de7830 c0de7830        0     1                 $t.138
c0de7831 c0de7831        e     1                 OUTLINED_FUNCTION_76
c0de783e c0de783e        6     2         build/flex/obj/sdk/lib_nbgl/src/nbgl_layout.o:(.text.OUTLINED_FUNCTION_78)
c0de783e c0de783e        0     1                 $t.140
c0de783f c0de783f        6     1                 OUTLINED_FUNCTION_78
c0de7844 c0de7844        8     2         build/flex/obj/sdk/lib_nbgl/src/nbgl_layout.o:(.text.OUTLINED_FUNCTION_79)
c0de7844 c0de7844        0     1                 $t.141
c0de7845 c0de7845        8     1                 OUTLINED_FUNCTION_79
c0de784c c0de784c        a     2         build/flex/obj/sdk/lib_nbgl/src/nbgl_layout.o:(.text.OUTLINED_FUNCTION_80)
c0de784c c0de784c        0     1                 $t.142
c0de784d c0de784d        a     1                 OUTLINED_FUNCTION_80
c0de7856 c0de7856        e     2         build/flex/obj/sdk/lib_nbgl/src/nbgl_layout.o:(.text.OUTLINED_FUNCTION_81)
c0de7856 c0de7856        0     1                 $t.143
c0de7857 c0de7857        e     1                 OUTLINED_FUNCTION_81
c0de7864 c0de7864       a8     2         build/flex/obj/sdk/lib_nbgl/src/nbgl_layout_navigation.o:(.text.layoutNavigationCallback)
c0de7864 c0de7864        0     1                 $t.0
c0de7865 c0de7865       a8     1                 layoutNavigationCallback
c0de790c c0de790c       40     2         build/flex/obj/sdk/lib_nbgl/src/nbgl_layout_navigation.o:(.text.configButtons)
c0de790c c0de790c        0     1                 $t.1
c0de790d c0de790d       40     1                 configButtons
c0de794c c0de794c      204     4         build/flex/obj/sdk/lib_nbgl/src/nbgl_layout_navigation.o:(.text.layoutNavigationPopulate)
c0de794c c0de794c        0     1                 $t.2
c0de794d c0de794d      204     1                 layoutNavigationPopulate
c0de7b3c c0de7b3c        0     1                 $d.3
c0de7b50 c0de7b50       1a     2         build/flex/obj/sdk/lib_nbgl/src/nbgl_layout_navigation.o:(.text.OUTLINED_FUNCTION_0)
c0de7b50 c0de7b50        0     1                 $t.4
c0de7b51 c0de7b51       1a     1                 OUTLINED_FUNCTION_0
c0de7b6a c0de7b6a       12     2         build/flex/obj/sdk/lib_nbgl/src/nbgl_layout_navigation.o:(.text.OUTLINED_FUNCTION_1)
c0de7b6a c0de7b6a        0     1                 $t.5
c0de7b6b c0de7b6b       12     1                 OUTLINED_FUNCTION_1
c0de7b7c c0de7b7c       94     4         build/flex/obj/sdk/lib_nbgl/src/nbgl_page.o:(.text.nbgl_pageDrawLedgerInfo)
c0de7b7c c0de7b7c        0     1                 $t.0
c0de7b7d c0de7b7d       94     1                 nbgl_pageDrawLedgerInfo
c0de7c08 c0de7c08        0     1                 $d.1
c0de7c10 c0de7c10       14     2         build/flex/obj/sdk/lib_nbgl/src/nbgl_page.o:(.text.addEmptyHeader)
c0de7c10 c0de7c10        0     1                 $t.2
c0de7c11 c0de7c11       14     1                 addEmptyHeader
c0de7c24 c0de7c24      1e0     4         build/flex/obj/sdk/lib_nbgl/src/nbgl_page.o:(.text.nbgl_pageDrawInfo)
c0de7c24 c0de7c24        0     1                 $t.4
c0de7c25 c0de7c25      1e0     1                 nbgl_pageDrawInfo
c0de7de4 c0de7de4        0     1                 $d.5
c0de7e04 c0de7e04       74     4         build/flex/obj/sdk/lib_nbgl/src/nbgl_page.o:(.text.nbgl_pageDrawConfirmation)
c0de7e04 c0de7e04        0     1                 $t.6
c0de7e05 c0de7e05       74     1                 nbgl_pageDrawConfirmation
c0de7e74 c0de7e74        0     1                 $d.7
c0de7e78 c0de7e78      44c     4         build/flex/obj/sdk/lib_nbgl/src/nbgl_page.o:(.text.nbgl_pageDrawGenericContentExt)
c0de7e78 c0de7e78        0     1                 $t.8
c0de7e79 c0de7e79      44c     1                 nbgl_pageDrawGenericContentExt
c0de82c0 c0de82c0        0     1                 $d.9
c0de82c4 c0de82c4        6     2         build/flex/obj/sdk/lib_nbgl/src/nbgl_page.o:(.text.nbgl_pageDrawGenericContent)
c0de82c4 c0de82c4        0     1                 $t.10
c0de82c5 c0de82c5        6     1                 nbgl_pageDrawGenericContent
c0de82ca c0de82ca        4     2         build/flex/obj/sdk/lib_nbgl/src/nbgl_page.o:(.text.nbgl_pageRelease)
c0de82ca c0de82ca        0     1                 $t.11
c0de82cb c0de82cb        4     1                 nbgl_pageRelease
c0de82ce c0de82ce        8     2         build/flex/obj/sdk/lib_nbgl/src/nbgl_page.o:(.text.OUTLINED_FUNCTION_0)
c0de82ce c0de82ce        0     1                 $t.12
c0de82cf c0de82cf        8     1                 OUTLINED_FUNCTION_0
c0de82d6 c0de82d6       12     2         build/flex/obj/sdk/lib_nbgl/src/nbgl_page.o:(.text.OUTLINED_FUNCTION_1)
c0de82d6 c0de82d6        0     1                 $t.13
c0de82d7 c0de82d7       12     1                 OUTLINED_FUNCTION_1
c0de82e8 c0de82e8        c     2         build/flex/obj/sdk/lib_nbgl/src/nbgl_page.o:(.text.OUTLINED_FUNCTION_2)
c0de82e8 c0de82e8        0     1                 $t.14
[...]
c0debfa6 c0debfa6        0     1         _ecode = .
c0debfa6 c0debfa6       bb     1         build/flex/gen_src/glyphs.o:(.rodata.C_app_boilerplate_64px_bitmap)
c0debfa6 c0debfa6       bb     1                 C_app_boilerplate_64px_bitmap
c0dec061 c0dec061        a     1         build/flex/gen_src/glyphs.o:(.rodata.C_app_boilerplate_64px)
c0dec061 c0dec061        a     1                 C_app_boilerplate_64px
c0dec06b c0dec06b      23b     1         build/flex/gen_src/glyphs.o:(.rodata.C_Check_Circle_64px_bitmap)
c0dec06b c0dec06b      23b     1                 C_Check_Circle_64px_bitmap
c0dec2a6 c0dec2a6        a     1         build/flex/gen_src/glyphs.o:(.rodata.C_Check_Circle_64px)
c0dec2a6 c0dec2a6        a     1                 C_Check_Circle_64px
c0dec2b0 c0dec2b0      238     1         build/flex/gen_src/glyphs.o:(.rodata.C_Denied_Circle_64px_bitmap)
c0dec2b0 c0dec2b0      238     1                 C_Denied_Circle_64px_bitmap
c0dec4e8 c0dec4e8        a     1         build/flex/gen_src/glyphs.o:(.rodata.C_Denied_Circle_64px)
c0dec4e8 c0dec4e8        a     1                 C_Denied_Circle_64px
c0dec4f2 c0dec4f2      202     1         build/flex/gen_src/glyphs.o:(.rodata.C_Important_Circle_64px_bitmap)
c0dec4f2 c0dec4f2      202     1                 C_Important_Circle_64px_bitmap
c0dec6f4 c0dec6f4        a     1         build/flex/gen_src/glyphs.o:(.rodata.C_Important_Circle_64px)
c0dec6f4 c0dec6f4        a     1                 C_Important_Circle_64px
c0dec6fe c0dec6fe      167     1         build/flex/gen_src/glyphs.o:(.rodata.C_Warning_64px_bitmap)
c0dec6fe c0dec6fe      167     1                 C_Warning_64px_bitmap
c0dec865 c0dec865        a     1         build/flex/gen_src/glyphs.o:(.rodata.C_Warning_64px)
c0dec865 c0dec865        a     1                 C_Warning_64px
c0dec86f c0dec86f       94     1         build/flex/gen_src/glyphs.o:(.rodata.C_Back_40px_bitmap)
c0dec86f c0dec86f       94     1                 C_Back_40px_bitmap
c0dec903 c0dec903        a     1         build/flex/gen_src/glyphs.o:(.rodata.C_Back_40px)
c0dec903 c0dec903        a     1                 C_Back_40px
c0dec90d c0dec90d       5c     1         build/flex/gen_src/glyphs.o:(.rodata.C_Check_40px_bitmap)
c0dec90d c0dec90d       5c     1                 C_Check_40px_bitmap
c0dec969 c0dec969        a     1         build/flex/gen_src/glyphs.o:(.rodata.C_Check_40px)
c0dec969 c0dec969        a     1                 C_Check_40px
c0dec973 c0dec973       64     1         build/flex/gen_src/glyphs.o:(.rodata.C_Chevron_40px_bitmap)
c0dec973 c0dec973       64     1                 C_Chevron_40px_bitmap
c0dec9d7 c0dec9d7        a     1         build/flex/gen_src/glyphs.o:(.rodata.C_Chevron_40px)
c0dec9d7 c0dec9d7        a     1                 C_Chevron_40px
c0dec9e1 c0dec9e1       7e     1         build/flex/gen_src/glyphs.o:(.rodata.C_Chevron_Back_40px_bitmap)
c0dec9e1 c0dec9e1       7e     1                 C_Chevron_Back_40px_bitmap
c0deca5f c0deca5f        a     1         build/flex/gen_src/glyphs.o:(.rodata.C_Chevron_Back_40px)
c0deca5f c0deca5f        a     1                 C_Chevron_Back_40px
c0deca69 c0deca69       79     1         build/flex/gen_src/glyphs.o:(.rodata.C_Chevron_Next_40px_bitmap)
c0deca69 c0deca69       79     1                 C_Chevron_Next_40px_bitmap
c0decae2 c0decae2        a     1         build/flex/gen_src/glyphs.o:(.rodata.C_Chevron_Next_40px)
c0decae2 c0decae2        a     1                 C_Chevron_Next_40px
c0decaec c0decaec       8d     1         build/flex/gen_src/glyphs.o:(.rodata.C_Close_40px_bitmap)
c0decaec c0decaec       8d     1                 C_Close_40px_bitmap
c0decb79 c0decb79        a     1         build/flex/gen_src/glyphs.o:(.rodata.C_Close_40px)
c0decb79 c0decb79        a     1                 C_Close_40px
c0decb83 c0decb83       39     1         build/flex/gen_src/glyphs.o:(.rodata.C_Info_40px_bitmap)
c0decb83 c0decb83       39     1                 C_Info_40px_bitmap
c0decbbc c0decbbc        a     1         build/flex/gen_src/glyphs.o:(.rodata.C_Info_40px)
c0decbbc c0decbbc        a     1                 C_Info_40px
c0decbc6 c0decbc6       d6     1         build/flex/gen_src/glyphs.o:(.rodata.C_Mini_Push_40px_bitmap)
c0decbc6 c0decbc6       d6     1                 C_Mini_Push_40px_bitmap
c0decc9c c0decc9c        a     1         build/flex/gen_src/glyphs.o:(.rodata.C_Mini_Push_40px)
c0decc9c c0decc9c        a     1                 C_Mini_Push_40px
c0decca6 c0decca6      1b4     1         build/flex/gen_src/glyphs.o:(.rodata.C_Privacy_40px_bitmap)
c0decca6 c0decca6      1b4     1                 C_Privacy_40px_bitmap
c0dece5a c0dece5a        a     1         build/flex/gen_src/glyphs.o:(.rodata.C_Privacy_40px)
c0dece5a c0dece5a        a     1                 C_Privacy_40px
c0dece64 c0dece64       a1     1         build/flex/gen_src/glyphs.o:(.rodata.C_QRCode_40px_bitmap)
c0dece64 c0dece64       a1     1                 C_QRCode_40px_bitmap
c0decf05 c0decf05        a     1         build/flex/gen_src/glyphs.o:(.rodata.C_QRCode_40px)
c0decf05 c0decf05        a     1                 C_QRCode_40px
c0decf0f c0decf0f      19b     1         build/flex/gen_src/glyphs.o:(.rodata.C_Settings_40px_bitmap)
c0decf0f c0decf0f      19b     1                 C_Settings_40px_bitmap
c0ded0aa c0ded0aa        a     1         build/flex/gen_src/glyphs.o:(.rodata.C_Settings_40px)
c0ded0aa c0ded0aa        a     1                 C_Settings_40px
c0ded0b4 c0ded0b4       ef     1         build/flex/gen_src/glyphs.o:(.rodata.C_Warning_40px_bitmap)
c0ded0b4 c0ded0b4       ef     1                 C_Warning_40px_bitmap
c0ded1a3 c0ded1a3        a     1         build/flex/gen_src/glyphs.o:(.rodata.C_Warning_40px)
c0ded1a3 c0ded1a3        a     1                 C_Warning_40px
c0ded1ad c0ded1ad      996     1         <internal>:(.text)
c0dedb44 c0dedb44      1a0     4         <internal>:(.text)
c0dedce4 c0dedce4      995     1         build/flex/obj/app/src/handler/zkn_magicbox.o:(.rodata.handler_cmd_verify_dilithium.sig)
c0dedce4 c0dedce4      995     1                 handler_cmd_verify_dilithium.sig
c0dee679 c0dee679      520     1         build/flex/obj/app/src/handler/zkn_magicbox.o:(.rodata.handler_cmd_verify_dilithium.pk)
c0dee679 c0dee679      520     1                 handler_cmd_verify_dilithium.pk
c0deeb9c c0deeb9c        c     4         build/flex/obj/app/src/ui/menu_nbgl.o:(.rodata.settingContents)
c0deeb9c c0deeb9c        c     1                 settingContents
c0deeba8 c0deeba8       10     4         build/flex/obj/app/src/ui/menu_nbgl.o:(.rodata.infoList)
c0deeba8 c0deeba8       10     1                 infoList
c0deebb8 c0deebb8       38     4         build/flex/obj/app/src/ui/menu_nbgl.o:(.rodata.contents)
c0deebb8 c0deebb8       38     1                 contents
c0deebf0 c0deebf0        8     4         build/flex/obj/app/src/ui/menu_nbgl.o:(.rodata.INFO_TYPES)
c0deebf0 c0deebf0        8     1                 INFO_TYPES
c0deebf8 c0deebf8        8     4         build/flex/obj/app/src/ui/menu_nbgl.o:(.rodata.INFO_CONTENTS)
c0deebf8 c0deebf8        8     1                 INFO_CONTENTS
c0deec00 c0deec00      400     4         build/flex/obj/app/src/zknox/dilithium/ntt.o:(.rodata.zetas)
c0deec00 c0deec00      400     1                 zetas
c0def000 c0def000      100     2         build/flex/obj/app/src/zknox/dilithium/smallntt_3329.o:(.rodata.small_zetas)
c0def000 c0def000      100     1                 small_zetas
c0def100 c0def100        c     4         build/flex/obj/sdk/lib_nbgl/src/nbgl_use_case.o:(.rodata..L__const.nbgl_useCaseStatus.ticker)
c0def100 c0def100        c     1                 .L__const.nbgl_useCaseStatus.ticker
c0def10c c0def10c       28     4         build/flex/obj/sdk/lib_nbgl/src/nbgl_use_case.o:(.rodata.blindSigningWarning)
c0def10c c0def10c       28     1                 blindSigningWarning
c0def134 c0def134       36     4         <internal>:(.text)
c0def16a c0def16a        b     1         build/flex/obj/sdk/lib_nbgl/src/nbgl_use_case.o:(.rodata.nbMaxElementsPerContentType)
c0def16a c0def16a        b     1                 nbMaxElementsPerContentType
c0def178 c0def178       50     4         <internal>:(.text)
c0def1c8 c0def1c8       20     4         build/flex/obj/sdk/lib_nbgl/src/nbgl_use_case.o:(.rodata..L__const.displaySkipWarning.info)
c0def1c8 c0def1c8       20     1                 .L__const.displaySkipWarning.info
c0def1e8 c0def1e8       3c     4         build/flex/obj/sdk/lib_nbgl/src/nbgl_use_case.o:(.rodata.securityReportItems)
c0def1e8 c0def1e8       3c     1                 securityReportItems
c0def224 c0def224       1c     4         build/flex/obj/sdk/lib_nbgl/src/nbgl_use_case.o:(.rodata..L__const.displayCustomizedSecurityReport.layoutDescription)
c0def224 c0def224       1c     1                 .L__const.displayCustomizedSecurityReport.layoutDescription
c0def240 c0def240       1c     4         build/flex/obj/sdk/lib_nbgl/src/nbgl_use_case.o:(.rodata..L__const.displayInfosListModal.info)
c0def240 c0def240       1c     1                 .L__const.displayInfosListModal.info
c0def25c c0def25c       10     4         build/flex/obj/sdk/lib_nbgl/src/nbgl_use_case.o:(.rodata..L__const.displayInitialWarning.buttonsInfo)
c0def25c c0def25c       10     1                 .L__const.displayInitialWarning.buttonsInfo
c0def26c c0def26c        0     1         . = ALIGN ( 4 )
c0def26c c0def26c        0     1         _etext = .
c0def26c c0def26c      194     1         . = ALIGN ( PAGE_SIZE )
c0def400 c0def400        0     1         _nvram_data = .
c0def400 c0def400        3     1         build/flex/obj/app/src/app_main.o:(.rodata.N_storage_real)
c0def400 c0def400        3     1                 N_storage_real
c0def403 c0def403      1fd     1         . = ALIGN ( PAGE_SIZE )
c0def600 c0def600        0     1         _envram_data = .
c0def600 c0def600        0     1         _install_parameters = .
c0def600 c0def600      16b     1         build/flex/obj/sdk/src/app_metadata.o:(.install_parameters)
c0def600 c0def600      16b     1                 install_parameters
c0def76b c0def76b        0     1         _einstall_parameters = .
c0def76b c0def76b        0     1         _nvram_end = .
d0000000 d0000000        0     1 .data
d0000000 d0000000        0     1         . = ALIGN ( 4 )
d0000000 d0000000        0     1         _data = .
d0000000 d0000000        0     1         _edata = .
d0000000 d0000000        0     1 
da7a0000 da7a0000     1e34     8 .bss
da7a0000 da7a0000        0     1         _bss = .
da7a0000 da7a0000      2d8     8         build/flex/obj/app/src/app_main.o:(.bss.G_context)
da7a0000 da7a0000      2d8     1                 G_context
da7a02d8 da7a02d8     1158     8         build/flex/obj/app/src/app_main.o:(.bss.g_zknox)
da7a02d8 da7a02d8     1158     1                 g_zknox
da7a1430 da7a1430       1c     4         build/flex/obj/app/src/ui/menu_nbgl.o:(.bss..L_MergedGlobals)
da7a1430 da7a1430       1c     1                 .L_MergedGlobals
da7a1430 da7a1430        1     1                 initSettingPage
da7a1434 da7a1434       18     1                 switches
da7a144c da7a144c       2b     4         build/flex/obj/app/src/ui/nbgl_display_address.o:(.bss.g_address)
da7a144c da7a144c       2b     1                 g_address
da7a1478 da7a1478       7f     4         build/flex/obj/app/src/ui/nbgl_display_transaction.o:(.bss..L_MergedGlobals)
da7a1478 da7a1478       7f     1                 .L_MergedGlobals
da7a1478 da7a1478       14     1                 pairList
da7a148c da7a148c       1e     1                 g_amount
da7a14ac da7a14ac       20     1                 pairs
da7a14cc da7a14cc       2b     1                 g_address
da7a14f7 da7a14f7      111     1         build/flex/obj/sdk/io/src/os_io.o:(.bss.G_io_tx_buffer)
da7a14f7 da7a14f7      111     1                 G_io_tx_buffer
da7a1608 da7a1608      111     1         build/flex/obj/sdk/io/src/os_io.o:(.bss.G_io_rx_buffer)
da7a1608 da7a1608      111     1                 G_io_rx_buffer
da7a171c da7a171c        c     4         build/flex/obj/sdk/io_legacy/src/os_io_legacy.o:(.bss.G_io_app)
da7a171c da7a171c        c     1                 G_io_app
da7a1728 da7a1728        2     1         build/flex/obj/sdk/io_legacy/src/os_io_legacy.o:(.bss..L_MergedGlobals)
da7a1728 da7a1728        2     1                 .L_MergedGlobals
da7a1728 da7a1728        1     1                 need_to_start_io
da7a1729 da7a1729        1     1                 io_os_legacy_apdu_type
da7a172c da7a172c      21c     4         build/flex/obj/sdk/lib_nbgl/src/nbgl_layout.o:(.bss.gLayout)
da7a172c da7a172c      21c     1                 gLayout
da7a1948 da7a1948        8     4         build/flex/obj/sdk/lib_nbgl/src/nbgl_layout.o:(.bss..L_MergedGlobals)
da7a1948 da7a1948        8     1                 .L_MergedGlobals
da7a1948 da7a1948        1     1                 nbTouchableControls
da7a194c da7a194c        4     1                 topLayout
da7a1950 da7a1950        b     1         build/flex/obj/sdk/lib_nbgl/src/nbgl_layout_navigation.o:(.bss.navText)
da7a1950 da7a1950        b     1                 navText
da7a195c da7a195c       6c     4         build/flex/obj/sdk/lib_nbgl/src/nbgl_use_case.o:(.bss.genericContext)
da7a195c da7a195c       6c     1                 genericContext
da7a19c8 da7a19c8       a8     4         build/flex/obj/sdk/lib_nbgl/src/nbgl_use_case.o:(.bss.localContentsList)
da7a19c8 da7a19c8       a8     1                 localContentsList
da7a1a70 da7a1a70       38     4         build/flex/obj/sdk/lib_nbgl/src/nbgl_use_case.o:(.bss.addressConfirmationContext)
da7a1a70 da7a1a70       38     1                 addressConfirmationContext
da7a1aa8 da7a1aa8       80     4         build/flex/obj/sdk/lib_nbgl/src/nbgl_use_case.o:(.bss.tmpString)
da7a1aa8 da7a1aa8       80     1                 tmpString
da7a1b28 da7a1b28       80     1         build/flex/obj/sdk/lib_nbgl/src/nbgl_use_case.o:(.bss.genericContextPagesInfo)
da7a1b28 da7a1b28       80     1                 genericContextPagesInfo
da7a1ba8 da7a1ba8       80     1         build/flex/obj/sdk/lib_nbgl/src/nbgl_use_case.o:(.bss.reducedAddress)
da7a1ba8 da7a1ba8       80     1                 reducedAddress
da7a1c28 da7a1c28       7c     4         build/flex/obj/sdk/lib_nbgl/src/nbgl_use_case.o:(.bss..L_MergedGlobals)
da7a1c28 da7a1c28       7c     1                 .L_MergedGlobals
da7a1c28 da7a1c28        1     1                 navType
da7a1c2c da7a1c2c        4     1                 onQuit
da7a1c30 da7a1c30        4     1                 onNav
da7a1c34 da7a1c34        4     1                 onControls
da7a1c38 da7a1c38        4     1                 pageTitle
da7a1c3c da7a1c3c        4     1                 pageContext
da7a1c40 da7a1c40        4     1                 onChoice
da7a1c44 da7a1c44        4     1                 onModalConfirm
da7a1c48 da7a1c48        4     1                 modalPageContext
da7a1c4c da7a1c4c        4     1                 onAction
da7a1c50 da7a1c50        4     1                 onContinue
da7a1c54 da7a1c54        4     1                 onContentAction
da7a1c58 da7a1c58       10     1                 detailsContext
da7a1c68 da7a1c68       10     1                 displayDetailsPage.currentPair
da7a1c78 da7a1c78       10     1                 modalContextPagesInfo
da7a1c88 da7a1c88       1c     1                 navInfo
da7a1ca4 da7a1ca4       48     4         build/flex/obj/sdk/lib_nbgl/src/nbgl_use_case.o:(.bss..L_MergedGlobals.77)
da7a1ca4 da7a1ca4       48     1                 .L_MergedGlobals.77
da7a1ca4 da7a1ca4       20     1                 activeTipBox
da7a1cc4 da7a1cc4       28     1                 bundleNavContext
da7a1cec da7a1cec      110     1         build/flex/obj/sdk/lib_standard_app/io.o:(.bss.G_io_seproxyhal_spi_buffer)
da7a1cec da7a1cec      110     1                 G_io_seproxyhal_spi_buffer
da7a1dfc da7a1dfc        1     1         build/flex/obj/sdk/lib_standard_app/io.o:(.bss.need_to_start_io)
da7a1dfc da7a1dfc        1     1                 need_to_start_io
da7a1e00 da7a1e00       20     4         build/flex/obj/sdk/lib_standard_app/main.o:(.bss.G_ux_params)
da7a1e00 da7a1e00       20     1                 G_ux_params
da7a1e20 da7a1e20        1     1         build/flex/obj/sdk/lib_u2f_legacy/src/u2f_legacy.o:(.bss.G_io_u2f)
da7a1e20 da7a1e20        1     1                 G_io_u2f
da7a1e24 da7a1e24        a     4         build/flex/obj/sdk/lib_ux_nbgl/ux.o:(.bss..L_MergedGlobals)
da7a1e24 da7a1e24        a     1                 .L_MergedGlobals
da7a1e24 da7a1e24        4     1                 nbTicks
da7a1e28 da7a1e28        6     1                 pos
da7a1e2e da7a1e2e        0     1         _ebss = .
da7a1e2e da7a1e2e        2     1         . = ALIGN ( 4 )
da7a1e30 da7a1e30        0     1         app_stack_canary = .
da7a1e30 da7a1e30        4     1         . += 4
da7a1e34 da7a1e34        0     1         _stack = .
da7a1e34 da7a1e34        0     1         _estack = ABSOLUTE ( END_STACK )
da7a1e34 da7a1e34        0     1 
d0000000 d0000000       10     4 DEBUG
d0000000 d0000000       10     4         <internal>:(.ARM.exidx)
       0        0       5d     1 .comment
       0        0       5d     1         <internal>:(.comment)
       0        0        4     1 ledger.target
       0        0        4     1         build/flex/obj/sdk/src/app_metadata.o:(ledger.target)
       0        0        4     1                 target
       0        0        b     1 ledger.target_name
       0        0        b     1         build/flex/obj/sdk/src/app_metadata.o:(ledger.target_name)
       0        0        b     1                 target_name
       0        0        a     1 ledger.target_id
       0        0        a     1         build/flex/obj/sdk/src/app_metadata.o:(ledger.target_id)
       0        0        a     1                 target_id
       0        0        8     1 ledger.app_name
       0        0        8     1         build/flex/obj/sdk/src/app_metadata.o:(ledger.app_name)
       0        0        8     1                 app_name
       0        0        5     1 ledger.app_version
       0        0        5     1         build/flex/obj/sdk/src/app_metadata.o:(ledger.app_version)
       0        0        5     1                 app_version
       0        0        2     1 ledger.api_level
       0        0        2     1         build/flex/obj/sdk/src/app_metadata.o:(ledger.api_level)
       0        0        2     1                 api_level
       0        0       11     1 ledger.sdk_name
       0        0       11     1         build/flex/obj/sdk/src/app_metadata.o:(ledger.sdk_name)
       0        0       11     1                 sdk_name
       0        0        7     1 ledger.sdk_version
       0        0        7     1         build/flex/obj/sdk/src/app_metadata.o:(ledger.sdk_version)
       0        0        7     1                 sdk_version
       0        0       28     1 ledger.sdk_hash
       0        0       28     1         build/flex/obj/sdk/src/app_metadata.o:(ledger.sdk_hash)
       0        0       28     1                 sdk_hash
       0        0        4     1 ledger.sdk_graphics
       0        0        4     1         build/flex/obj/sdk/src/app_metadata.o:(ledger.sdk_graphics)
       0        0        4     1                 sdk_graphics
d0000010 d0000010        0     1 PROVIDE ( _nvram = ABSOLUTE ( _nvram_start ) )
d0000010 d0000010        0     1 PROVIDE ( _envram = ABSOLUTE ( _nvram_end ) )
       0        0       45     1 .ARM.attributes
       0        0       45     1         build/flex/gen_src/glyphs.o:(.ARM.attributes)
       0        0     5b40     4 .symtab
       0        0     5b40     4         <internal>:(.symtab)
       0        0       f8     1 .shstrtab
       0        0       f8     1         <internal>:(.shstrtab)
       0        0     49a4     1 .strtab
       0        0     49a4     1         <internal>:(.strtab)
